=== b25  ===
task | bin=25ms sigma=2.5 K=20 max_lag=10 shuffles=100 FS=excl cca=partial | 13 learners

  animal 1: lp=22 -> 9 cells
  animal 2: lp=44 -> 9 cells
  animal 3: lp=32, 40 run-trials -> epochs don't fit (skip)
  animal 4: lp=53 -> 9 cells
  animal 5: lp=54 -> 8 cells
  animal 6: lp=36 -> 0 cells
  animal 7: lp=33 -> 3 cells
  animal 9: lp=44 -> 9 cells
  animal 10: lp=67 -> 18 cells
  animal 11: lp=84 -> 30 cells
  animal 13: lp=23 -> 3 cells
  animal 14: lp=39 -> 9 cells
  animal 15: lp=26, 27 run-trials -> epochs don't fit (skip)

wrote epoch_metrics_b25.csv (107 cells), epoch_dims (1571), epoch_weights (8754), epoch_cross (106), epoch_lagcurves (2247)
=== b25 --include-fs ===
task | bin=25ms sigma=2.5 K=20 max_lag=10 shuffles=100 FS=incl cca=partial | 13 learners

  animal 1: lp=22 -> 9 cells
  animal 2: lp=44 -> 9 cells
  animal 3: lp=32, 40 run-trials -> epochs don't fit (skip)
  animal 4: lp=53 -> 9 cells
  animal 5: lp=54 -> 8 cells
  animal 6: lp=36 -> 3 cells
  animal 7: lp=33 -> 3 cells
  animal 9: lp=44 -> 9 cells
  animal 10: lp=67 -> 18 cells
  animal 11: lp=84 -> 45 cells
  animal 13: lp=23 -> 30 cells
  animal 14: lp=39 -> 9 cells
  animal 15: lp=26, 27 run-trials -> epochs don't fit (skip)

wrote epoch_metrics_fsincl_b25.csv (152 cells), epoch_dims (1958), epoch_weights (11461), epoch_cross (151), epoch_lagcurves (3192)
=== b25 --no-partial ===
task | bin=25ms sigma=2.5 K=20 max_lag=10 shuffles=100 FS=excl cca=plain | 13 learners

  animal 1: lp=22 -> 9 cells
  animal 2: lp=44 -> 9 cells
  animal 3: lp=32, 40 run-trials -> epochs don't fit (skip)
  animal 4: lp=53 -> 9 cells
  animal 5: lp=54 -> 9 cells
  animal 6: lp=36 -> 0 cells
  animal 7: lp=33 -> 3 cells
  animal 9: lp=44 -> 9 cells
  animal 10: lp=67 -> 18 cells
  animal 11: lp=84 -> 30 cells
  animal 13: lp=23 -> 3 cells
  animal 14: lp=39 -> 9 cells
  animal 15: lp=26, 27 run-trials -> epochs don't fit (skip)

wrote epoch_metrics_plain_b25.csv (108 cells), epoch_dims (1581), epoch_weights (8967), epoch_cross (108), epoch_lagcurves (2268)
=== b25 --include-fs --no-partial ===
task | bin=25ms sigma=2.5 K=20 max_lag=10 shuffles=100 FS=incl cca=plain | 13 learners

  animal 1: lp=22 -> 9 cells
  animal 2: lp=44 -> 9 cells
  animal 3: lp=32, 40 run-trials -> epochs don't fit (skip)
  animal 4: lp=53 -> 9 cells
  animal 5: lp=54 -> 9 cells
  animal 6: lp=36 -> 3 cells
  animal 7: lp=33 -> 3 cells
  animal 9: lp=44 -> 9 cells
  animal 10: lp=67 -> 18 cells
  animal 11: lp=84 -> 45 cells
  animal 13: lp=23 -> 30 cells
  animal 14: lp=39 -> 9 cells
  animal 15: lp=26, 27 run-trials -> epochs don't fit (skip)

wrote epoch_metrics_fsincl_plain_b25.csv (153 cells), epoch_dims (1969), epoch_weights (11691), epoch_cross (153), epoch_lagcurves (3213)
ALL FOUR b25 CONFIGS DONE
