=== b10  ===
task | bin=10ms sigma=2.5 K=20 max_lag=25 shuffles=100 FS=excl cca=partial | 13 learners

  animal 1: lp=22 -> 9 cells
  animal 2: lp=44 -> 9 cells
  animal 3: lp=32, 40 run-trials -> epochs don't fit (skip)
  animal 4: lp=53 -> 9 cells
  animal 5: lp=54 -> 9 cells
  animal 6: lp=36 -> 0 cells
  animal 7: lp=33 -> 3 cells
  animal 9: lp=44 -> 9 cells
  animal 10: lp=67 -> 18 cells
  animal 11: lp=84 -> 30 cells
  animal 13: lp=23 -> 3 cells
  animal 14: lp=39 -> 9 cells
  animal 15: lp=26, 27 run-trials -> epochs don't fit (skip)

wrote epoch_metrics_b10.csv (108 cells), epoch_dims (1591), epoch_weights (8967), epoch_cross (108), epoch_lagcurves (5508)
  [elapsed 305s]
=== b10 --include-fs ===
task | bin=10ms sigma=2.5 K=20 max_lag=25 shuffles=100 FS=incl cca=partial | 13 learners

  animal 1: lp=22 -> 9 cells
  animal 2: lp=44 -> 9 cells
  animal 3: lp=32, 40 run-trials -> epochs don't fit (skip)
  animal 4: lp=53 -> 9 cells
  animal 5: lp=54 -> 9 cells
  animal 6: lp=36 -> 3 cells
  animal 7: lp=33 -> 3 cells
  animal 9: lp=44 -> 9 cells
  animal 10: lp=67 -> 18 cells
  animal 11: lp=84 -> 45 cells
  animal 13: lp=23 -> 30 cells
  animal 14: lp=39 -> 9 cells
  animal 15: lp=26, 27 run-trials -> epochs don't fit (skip)

wrote epoch_metrics_fsincl_b10.csv (153 cells), epoch_dims (1977), epoch_weights (11691), epoch_cross (153), epoch_lagcurves (7803)
  [elapsed 428s]
=== b10 --no-partial ===
task | bin=10ms sigma=2.5 K=20 max_lag=25 shuffles=100 FS=excl cca=plain | 13 learners

  animal 1: lp=22 -> 9 cells
  animal 2: lp=44 -> 9 cells
  animal 3: lp=32, 40 run-trials -> epochs don't fit (skip)
  animal 4: lp=53 -> 9 cells
  animal 5: lp=54 -> 9 cells
  animal 6: lp=36 -> 0 cells
  animal 7: lp=33 -> 3 cells
  animal 9: lp=44 -> 9 cells
  animal 10: lp=67 -> 18 cells
  animal 11: lp=84 -> 30 cells
  animal 13: lp=23 -> 3 cells
  animal 14: lp=39 -> 9 cells
  animal 15: lp=26, 27 run-trials -> epochs don't fit (skip)

wrote epoch_metrics_plain_b10.csv (108 cells), epoch_dims (1581), epoch_weights (8967), epoch_cross (108), epoch_lagcurves (5508)
  [elapsed 250s]
=== b10 --include-fs --no-partial ===
task | bin=10ms sigma=2.5 K=20 max_lag=25 shuffles=100 FS=incl cca=plain | 13 learners

  animal 1: lp=22 -> 9 cells
  animal 2: lp=44 -> 9 cells
  animal 3: lp=32, 40 run-trials -> epochs don't fit (skip)
  animal 4: lp=53 -> 9 cells
  animal 5: lp=54 -> 9 cells
  animal 6: lp=36 -> 3 cells
  animal 7: lp=33 -> 3 cells
  animal 9: lp=44 -> 9 cells
  animal 10: lp=67 -> 18 cells
  animal 11: lp=84 -> 45 cells
  animal 13: lp=23 -> 30 cells
  animal 14: lp=39 -> 9 cells
  animal 15: lp=26, 27 run-trials -> epochs don't fit (skip)

wrote epoch_metrics_fsincl_plain_b10.csv (153 cells), epoch_dims (1969), epoch_weights (11691), epoch_cross (153), epoch_lagcurves (7803)
  [elapsed 323s]
ALL FOUR b10 CONFIGS DONE
