[arms] cohort=task: 21 band-power files
[arms] task 1206/striatum  lp=None areas=['DMS'] 10+15+15+0+520+5+1 rows      3s
[arms] task 1206/visual    lp=None areas=['CA1', 'DG', 'V1'] 30+45+45+15+1560+15+0 rows     43s
[arms] task 1201/striatum  lp=84 areas=['ACC', 'DLS', 'DMS'] 60+75+75+15+3000+45+1 rows     49s
[arms] task 1105/striatum  lp=44 areas=['ACC', 'DLS', 'DMS'] 60+75+75+15+3000+45+1 rows     53s
[arms] task 1106/striatum  lp=67 areas=['ACC', 'DLS', 'DMS'] 60+75+75+15+2835+45+1 rows     54s
[arms] task 1106/visual    lp=67 areas=['V1'] 20+25+25+0+945+15+0 rows      4s
[arms] task 1105/visual    lp=44 areas=['V1'] 20+25+25+0+1000+15+0 rows      6s
[arms] task 1212/striatum  lp=23 areas=['ACC', 'DLS', 'DMS'] 60+75+75+15+2325+45+1 rows     41s
[arms] task 409/striatum  lp=39 areas=['ACC', 'DLS', 'DMS'] 60+75+75+15+3000+45+1 rows     48s
[arms] task 1201/visual    lp=84 areas=['CA1', 'DG', 'V1'] 60+75+75+15+3000+45+0 rows     61s
[arms] task 523/striatum  lp=22 areas=['ACC', 'DLS', 'DMS'] 60+75+75+15+3000+45+1 rows     56s
[arms] task 1212/visual    lp=23 areas=['CA1', 'DG', 'V1'] 60+75+75+15+2325+45+0 rows     46s
[arms] task 624/striatum  lp=32 areas=['ACC', 'DLS', 'DMS'] 60+75+75+15+1065+45+1 rows     24s
[arms] task 418/striatum  lp=26 areas=['ACC', 'DLS', 'DMS'] 60+75+75+15+2130+45+1 rows     41s
[arms] task 703/striatum  lp=None areas=['ACC', 'DMS'] 20+30+30+5+1090+10+1 rows     15s
[arms] task 731/striatum  lp=36 areas=['ACC', 'DMS'] 40+50+50+5+760+30+1 rows     12s
[arms] task 614/striatum  lp=44 areas=['ACC', 'DLS', 'DMS'] 60+75+75+15+3000+45+1 rows     48s
[arms] task 823/striatum  lp=14 areas=['ACC', 'DMS'] 40+50+50+5+2000+30+1 rows     21s
[arms] task 727/striatum  lp=53 areas=['ACC', 'DLS', 'DMS'] 60+75+75+15+3000+45+1 rows     50s
[arms] task 822/striatum  lp=33 areas=['ACC', 'DLS', 'DMS'] 60+75+75+15+1350+45+1 rows     24s
[arms] task 730/striatum  lp=54 areas=['ACC', 'DLS', 'DMS'] 60+75+75+15+3000+45+1 rows     32s
[arms] all files in 3.6 min
[arms] wrote lfp_arms_evolution_stats_task.csv: 7/48 cells survive BH-FDR at q=0.05
[arms] wrote lfp_arms_evolution_task.csv (1020 rows)
[arms] wrote lfp_arms_decoding_task.csv (1290 rows)
[arms] wrote lfp_arms_reliability_task.csv (1290 rows)
[arms] wrote lfp_arms_cca_task.csv (240 rows)
[arms] wrote lfp_arms_moving_reliability_task.csv (43905 rows)
[arms] wrote lfp_arms_moving_reliability_epochs_task.csv (750 rows)
[arms] wrote lfp_arms_behaviour_task.csv (16 rows)
[arms] cohort=control: 8 band-power files
/Users/theoamvr/Desktop/Experiments/StriatumACC/Striatum project/lfp/scripts/run_lfp_arms.py:97: RuntimeWarning: invalid value encountered in divide
  ratio_cor = cor_lin / corridor[total_idx, mask]
/Users/theoamvr/Desktop/Experiments/StriatumACC/Striatum project/lfp/scripts/run_lfp_arms.py:98: RuntimeWarning: invalid value encountered in divide
  ratio_dark = dark_lin / dark[total_idx, mask]
/Users/theoamvr/Desktop/Experiments/StriatumACC/Striatum project/lfp/scripts/run_lfp_arms.py:178: RuntimeWarning: All-NaN slice encountered
  "reliability": float(np.nanmedian(moving[:, ti])),
/Users/theoamvr/Desktop/Experiments/StriatumACC/Striatum project/lfp/scripts/run_lfp_arms.py:178: RuntimeWarning: All-NaN slice encountered
  "reliability": float(np.nanmedian(moving[:, ti])),
/Users/theoamvr/Desktop/Experiments/StriatumACC/Striatum project/lfp/scripts/run_lfp_arms.py:97: RuntimeWarning: invalid value encountered in divide
  ratio_cor = cor_lin / corridor[total_idx, mask]
/Users/theoamvr/Desktop/Experiments/StriatumACC/Striatum project/lfp/scripts/run_lfp_arms.py:98: RuntimeWarning: invalid value encountered in divide
  ratio_dark = dark_lin / dark[total_idx, mask]
/Users/theoamvr/Desktop/Experiments/StriatumACC/Striatum project/lfp/scripts/run_lfp_arms.py:178: RuntimeWarning: All-NaN slice encountered
  "reliability": float(np.nanmedian(moving[:, ti])),
/Users/theoamvr/Desktop/Experiments/StriatumACC/Striatum project/lfp/scripts/run_lfp_arms.py:178: RuntimeWarning: All-NaN slice encountered
  "reliability": float(np.nanmedian(moving[:, ti])),
/Users/theoamvr/Desktop/Experiments/StriatumACC/Striatum project/lfp/scripts/run_lfp_arms.py:178: RuntimeWarning: All-NaN slice encountered
  "reliability": float(np.nanmedian(moving[:, ti])),
/Users/theoamvr/Desktop/Experiments/StriatumACC/Striatum project/lfp/scripts/run_lfp_arms.py:97: RuntimeWarning: invalid value encountered in divide
  ratio_cor = cor_lin / corridor[total_idx, mask]
/Users/theoamvr/Desktop/Experiments/StriatumACC/Striatum project/lfp/scripts/run_lfp_arms.py:98: RuntimeWarning: invalid value encountered in divide
  ratio_dark = dark_lin / dark[total_idx, mask]
/Users/theoamvr/Desktop/Experiments/StriatumACC/Striatum project/lfp/scripts/run_lfp_arms.py:178: RuntimeWarning: All-NaN slice encountered
  "reliability": float(np.nanmedian(moving[:, ti])),
/Users/theoamvr/Desktop/Experiments/StriatumACC/Striatum project/lfp/scripts/run_lfp_arms.py:178: RuntimeWarning: All-NaN slice encountered
  "reliability": float(np.nanmedian(moving[:, ti])),
/Users/theoamvr/Desktop/Experiments/StriatumACC/Striatum project/lfp/scripts/run_lfp_arms.py:178: RuntimeWarning: All-NaN slice encountered
  "reliability": float(np.nanmedian(moving[:, ti])),
/Users/theoamvr/Desktop/Experiments/StriatumACC/Striatum project/lfp/scripts/run_lfp_arms.py:97: RuntimeWarning: invalid value encountered in divide
  ratio_cor = cor_lin / corridor[total_idx, mask]
/Users/theoamvr/Desktop/Experiments/StriatumACC/Striatum project/lfp/scripts/run_lfp_arms.py:98: RuntimeWarning: invalid value encountered in divide
  ratio_dark = dark_lin / dark[total_idx, mask]
/Users/theoamvr/Desktop/Experiments/StriatumACC/Striatum project/lfp/scripts/run_lfp_arms.py:178: RuntimeWarning: All-NaN slice encountered
  "reliability": float(np.nanmedian(moving[:, ti])),
/Users/theoamvr/Desktop/Experiments/StriatumACC/Striatum project/lfp/scripts/run_lfp_arms.py:178: RuntimeWarning: All-NaN slice encountered
  "reliability": float(np.nanmedian(moving[:, ti])),
/Users/theoamvr/Desktop/Experiments/StriatumACC/Striatum project/lfp/scripts/run_lfp_arms.py:97: RuntimeWarning: invalid value encountered in divide
  ratio_cor = cor_lin / corridor[total_idx, mask]
/Users/theoamvr/Desktop/Experiments/StriatumACC/Striatum project/lfp/scripts/run_lfp_arms.py:98: RuntimeWarning: invalid value encountered in divide
  ratio_dark = dark_lin / dark[total_idx, mask]
/Users/theoamvr/Desktop/Experiments/StriatumACC/Striatum project/lfp/scripts/run_lfp_arms.py:178: RuntimeWarning: All-NaN slice encountered
  "reliability": float(np.nanmedian(moving[:, ti])),
/Users/theoamvr/Desktop/Experiments/StriatumACC/Striatum project/lfp/scripts/run_lfp_arms.py:97: RuntimeWarning: invalid value encountered in divide
  ratio_cor = cor_lin / corridor[total_idx, mask]
/Users/theoamvr/Desktop/Experiments/StriatumACC/Striatum project/lfp/scripts/run_lfp_arms.py:98: RuntimeWarning: invalid value encountered in divide
  ratio_dark = dark_lin / dark[total_idx, mask]
/Users/theoamvr/Desktop/Experiments/StriatumACC/Striatum project/lfp/scripts/run_lfp_arms.py:178: RuntimeWarning: All-NaN slice encountered
  "reliability": float(np.nanmedian(moving[:, ti])),
/Users/theoamvr/Desktop/Experiments/StriatumACC/Striatum project/lfp/scripts/run_lfp_arms.py:178: RuntimeWarning: All-NaN slice encountered
  "reliability": float(np.nanmedian(moving[:, ti])),
/Users/theoamvr/Desktop/Experiments/StriatumACC/Striatum project/lfp/scripts/run_lfp_arms.py:97: RuntimeWarning: invalid value encountered in divide
  ratio_cor = cor_lin / corridor[total_idx, mask]
/Users/theoamvr/Desktop/Experiments/StriatumACC/Striatum project/lfp/scripts/run_lfp_arms.py:98: RuntimeWarning: invalid value encountered in divide
  ratio_dark = dark_lin / dark[total_idx, mask]
/Users/theoamvr/Desktop/Experiments/StriatumACC/Striatum project/lfp/scripts/run_lfp_arms.py:178: RuntimeWarning: All-NaN slice encountered
  "reliability": float(np.nanmedian(moving[:, ti])),
/Users/theoamvr/Desktop/Experiments/StriatumACC/Striatum project/lfp/scripts/run_lfp_arms.py:97: RuntimeWarning: invalid value encountered in divide
  ratio_cor = cor_lin / corridor[total_idx, mask]
/Users/theoamvr/Desktop/Experiments/StriatumACC/Striatum project/lfp/scripts/run_lfp_arms.py:98: RuntimeWarning: invalid value encountered in divide
  ratio_dark = dark_lin / dark[total_idx, mask]
/Users/theoamvr/Desktop/Experiments/StriatumACC/Striatum project/lfp/scripts/run_lfp_arms.py:178: RuntimeWarning: All-NaN slice encountered
  "reliability": float(np.nanmedian(moving[:, ti])),
/Users/theoamvr/Desktop/Experiments/StriatumACC/Striatum project/lfp/scripts/run_lfp_arms.py:178: RuntimeWarning: All-NaN slice encountered
  "reliability": float(np.nanmedian(moving[:, ti])),
/Users/theoamvr/Desktop/Experiments/StriatumACC/Striatum project/lfp/scripts/run_lfp_arms.py:97: RuntimeWarning: invalid value encountered in divide
  ratio_cor = cor_lin / corridor[total_idx, mask]
/Users/theoamvr/Desktop/Experiments/StriatumACC/Striatum project/lfp/scripts/run_lfp_arms.py:98: RuntimeWarning: invalid value encountered in divide
  ratio_dark = dark_lin / dark[total_idx, mask]
/Users/theoamvr/Desktop/Experiments/StriatumACC/Striatum project/lfp/scripts/run_lfp_arms.py:178: RuntimeWarning: All-NaN slice encountered
  "reliability": float(np.nanmedian(moving[:, ti])),
/Users/theoamvr/Desktop/Experiments/StriatumACC/Striatum project/lfp/scripts/run_lfp_arms.py:178: RuntimeWarning: All-NaN slice encountered
  "reliability": float(np.nanmedian(moving[:, ti])),
/Users/theoamvr/Desktop/Experiments/StriatumACC/Striatum project/lfp/scripts/run_lfp_arms.py:97: RuntimeWarning: invalid value encountered in divide
  ratio_cor = cor_lin / corridor[total_idx, mask]
/Users/theoamvr/Desktop/Experiments/StriatumACC/Striatum project/lfp/scripts/run_lfp_arms.py:98: RuntimeWarning: invalid value encountered in divide
  ratio_dark = dark_lin / dark[total_idx, mask]
/Users/theoamvr/Desktop/Experiments/StriatumACC/Striatum project/lfp/scripts/run_lfp_arms.py:178: RuntimeWarning: All-NaN slice encountered
  "reliability": float(np.nanmedian(moving[:, ti])),
/Users/theoamvr/Desktop/Experiments/StriatumACC/Striatum project/lfp/scripts/run_lfp_arms.py:97: RuntimeWarning: invalid value encountered in divide
  ratio_cor = cor_lin / corridor[total_idx, mask]
/Users/theoamvr/Desktop/Experiments/StriatumACC/Striatum project/lfp/scripts/run_lfp_arms.py:98: RuntimeWarning: invalid value encountered in divide
  ratio_dark = dark_lin / dark[total_idx, mask]
/Users/theoamvr/Desktop/Experiments/StriatumACC/Striatum project/lfp/scripts/run_lfp_arms.py:178: RuntimeWarning: All-NaN slice encountered
  "reliability": float(np.nanmedian(moving[:, ti])),
/Users/theoamvr/Desktop/Experiments/StriatumACC/Striatum project/lfp/scripts/run_lfp_arms.py:97: RuntimeWarning: invalid value encountered in divide
  ratio_cor = cor_lin / corridor[total_idx, mask]
/Users/theoamvr/Desktop/Experiments/StriatumACC/Striatum project/lfp/scripts/run_lfp_arms.py:98: RuntimeWarning: invalid value encountered in divide
  ratio_dark = dark_lin / dark[total_idx, mask]
/Users/theoamvr/Desktop/Experiments/StriatumACC/Striatum project/lfp/scripts/run_lfp_arms.py:178: RuntimeWarning: All-NaN slice encountered
  "reliability": float(np.nanmedian(moving[:, ti])),
/Users/theoamvr/Desktop/Experiments/StriatumACC/Striatum project/lfp/scripts/run_lfp_arms.py:178: RuntimeWarning: All-NaN slice encountered
  "reliability": float(np.nanmedian(moving[:, ti])),
/Users/theoamvr/Desktop/Experiments/StriatumACC/Striatum project/lfp/scripts/run_lfp_arms.py:97: RuntimeWarning: invalid value encountered in divide
  ratio_cor = cor_lin / corridor[total_idx, mask]
/Users/theoamvr/Desktop/Experiments/StriatumACC/Striatum project/lfp/scripts/run_lfp_arms.py:98: RuntimeWarning: invalid value encountered in divide
  ratio_dark = dark_lin / dark[total_idx, mask]
/Users/theoamvr/Desktop/Experiments/StriatumACC/Striatum project/lfp/scripts/run_lfp_arms.py:178: RuntimeWarning: All-NaN slice encountered
  "reliability": float(np.nanmedian(moving[:, ti])),
/Users/theoamvr/Desktop/Experiments/StriatumACC/Striatum project/lfp/scripts/run_lfp_arms.py:97: RuntimeWarning: invalid value encountered in divide
  ratio_cor = cor_lin / corridor[total_idx, mask]
/Users/theoamvr/Desktop/Experiments/StriatumACC/Striatum project/lfp/scripts/run_lfp_arms.py:98: RuntimeWarning: invalid value encountered in divide
  ratio_dark = dark_lin / dark[total_idx, mask]
/Users/theoamvr/Desktop/Experiments/StriatumACC/Striatum project/lfp/scripts/run_lfp_arms.py:178: RuntimeWarning: All-NaN slice encountered
  "reliability": float(np.nanmedian(moving[:, ti])),
/Users/theoamvr/Desktop/Experiments/StriatumACC/Striatum project/lfp/scripts/run_lfp_arms.py:97: RuntimeWarning: invalid value encountered in divide
  ratio_cor = cor_lin / corridor[total_idx, mask]
/Users/theoamvr/Desktop/Experiments/StriatumACC/Striatum project/lfp/scripts/run_lfp_arms.py:98: RuntimeWarning: invalid value encountered in divide
  ratio_dark = dark_lin / dark[total_idx, mask]
/Users/theoamvr/Desktop/Experiments/StriatumACC/Striatum project/lfp/scripts/run_lfp_arms.py:178: RuntimeWarning: All-NaN slice encountered
  "reliability": float(np.nanmedian(moving[:, ti])),
[arms] cont 407/striatum  lp=41 areas=['DLS', 'DMS'] 40+50+50+5+2000+30+1 rows     23s
[arms] cont 513/striatum  lp=41 areas=['ACC', 'DLS', 'DMS'] 60+75+75+15+1635+45+1 rows     39s
[arms] cont 513/visual    lp=41 areas=['CA1', 'DG', 'V1'] 60+75+75+15+1635+45+0 rows     40s
[arms] cont 1205/striatum  lp=41 areas=['ACC', 'DLS', 'DMS'] 60+75+75+15+2175+45+1 rows     45s
[arms] cont 515/striatum  lp=41 areas=['ACC', 'DLS', 'DMS'] 60+75+75+15+1980+45+1 rows     42s
[arms] cont 515/visual    lp=41 areas=['CA1', 'DG', 'V1'] 60+75+75+15+1980+45+0 rows     39s
[arms] cont 817/striatum  lp=41 areas=['ACC', 'DLS', 'DMS'] 60+75+75+15+2055+45+1 rows     38s
[arms] cont 817/visual    lp=41 areas=['CA1', 'DG', 'V1'] 60+75+75+15+2055+45+0 rows     37s
[arms] all files in 1.4 min
[arms] wrote lfp_arms_evolution_stats_control.csv: 5/72 cells survive BH-FDR at q=0.05
[arms] wrote lfp_arms_evolution_control.csv (460 rows)
[arms] wrote lfp_arms_decoding_control.csv (575 rows)
[arms] wrote lfp_arms_reliability_control.csv (575 rows)
[arms] wrote lfp_arms_cca_control.csv (110 rows)
[arms] wrote lfp_arms_moving_reliability_control.csv (15515 rows)
[arms] wrote lfp_arms_moving_reliability_epochs_control.csv (345 rows)
[arms] wrote lfp_arms_behaviour_control.csv (5 rows)
