[coup] cohort=task: 21 files, 100 surrogates per PAC cell
[coup] task 1105/striatum  3 areas ['ACC', 'DLS', 'DMS'], 200 trials ->  5400 trial rows,  216 epoch rows  (read 26s)
[coup] 1105/visual: fewer than two usable areas or no long trial, skipped
[coup] task 1106/striatum  3 areas ['ACC', 'DLS', 'DMS'], 189 trials ->  5103 trial rows,  216 epoch rows  (read 45s)
[coup] 1106/visual: fewer than two usable areas or no long trial, skipped
[coup] task 1201/striatum  3 areas ['ACC', 'DLS', 'DMS'], 200 trials ->  5400 trial rows,  216 epoch rows  (read 19s)
[coup] task 1201/visual    3 areas ['CA1', 'DG', 'V1'], 200 trials ->  5400 trial rows,  216 epoch rows  (read 20s)
[coup] 1206/striatum: fewer than two usable areas or no long trial, skipped
[coup] task 1206/visual    3 areas ['CA1', 'DG', 'V1'], 104 trials ->  2808 trial rows,  216 epoch rows  (read 47s)
[coup] task 1212/striatum  3 areas ['ACC', 'DLS', 'DMS'], 154 trials ->  4158 trial rows,  216 epoch rows  (read 62s)
[coup] task 1212/visual    3 areas ['CA1', 'DG', 'V1'], 154 trials ->  4158 trial rows,  216 epoch rows  (read 65s)
[coup] task 409/striatum  3 areas ['ACC', 'DLS', 'DMS'], 200 trials ->  5400 trial rows,  216 epoch rows  (read 23s)
[coup] task 418/striatum  3 areas ['ACC', 'DLS', 'DMS'], 141 trials ->  3807 trial rows,  162 epoch rows  (read 42s)
[coup] task 523/striatum  3 areas ['ACC', 'DLS', 'DMS'], 200 trials ->  5400 trial rows,  216 epoch rows  (read 17s)
[coup] task 614/striatum  3 areas ['ACC', 'DLS', 'DMS'], 200 trials ->  5400 trial rows,  216 epoch rows  (read 11s)
[coup] task 624/striatum  3 areas ['ACC', 'DLS', 'DMS'],  71 trials ->  1917 trial rows,  216 epoch rows  (read 42s)
[coup] task 703/striatum  2 areas ['ACC', 'DMS'], 108 trials ->  1188 trial rows,   88 epoch rows  (read 43s)
[coup] task 727/striatum  3 areas ['ACC', 'DLS', 'DMS'], 200 trials ->  5400 trial rows,  216 epoch rows  (read 15s)
[coup] task 730/striatum  3 areas ['ACC', 'DLS', 'DMS'], 200 trials ->  5400 trial rows,  216 epoch rows  (read 14s)
[coup] task 731/striatum  2 areas ['ACC', 'DMS'],  76 trials ->   836 trial rows,   88 epoch rows  (read 44s)
[coup] task 822/striatum  3 areas ['ACC', 'DLS', 'DMS'],  90 trials ->  2430 trial rows,  216 epoch rows  (read 46s)
[coup] task 823/striatum  2 areas ['ACC', 'DMS'], 200 trials ->  2200 trial rows,   88 epoch rows  (read 15s)
[coup] wrote lfp_coupling_trials_task.csv (71805 rows)
[coup] wrote lfp_coupling_epochs_task.csv (3450 rows)
[coup] pac_within   monopolar  epoch=All: 102 cells, p < 0.05 in 100 (98%)
[coup] pac_within   bipolar    epoch=All: 102 cells, p < 0.05 in 73 (72%)
[coup] pac_between  monopolar  epoch=All: 192 cells, p < 0.05 in 190 (99%)
[coup] pac_between  bipolar    epoch=All: 192 cells, p < 0.05 in 112 (58%)
[coup] cohort=control: 8 files, 100 surrogates per PAC cell
[coup] cont 1205/striatum  3 areas ['ACC', 'DLS', 'DMS'], 144 trials ->  3888 trial rows,  108 epoch rows  (read 40s)
[coup] cont 407/striatum  2 areas ['DLS', 'DMS'], 169 trials ->  1859 trial rows,   88 epoch rows  (read 41s)
[coup] cont 513/striatum  3 areas ['ACC', 'DLS', 'DMS'], 108 trials ->  2916 trial rows,  216 epoch rows  (read 49s)
/Users/theoamvr/Desktop/Experiments/StriatumACC/Striatum project/lfp/src/striatum_lfp/area_signals.py:60: RuntimeWarning: Mean of empty slice
  out[(area, "monopolar")] = np.nanmean(sub, axis=1)
/Users/theoamvr/Desktop/Experiments/StriatumACC/Striatum project/lfp/src/striatum_lfp/psi.py:185: RuntimeWarning: Mean of empty slice
  return np.nanmean(x[:, 0:n:2] - x[:, 1:n:2], axis=1)
[coup] cont 513/visual    3 areas ['CA1', 'DG', 'V1'], 108 trials ->  2916 trial rows,  216 epoch rows  (read 48s)
[coup] cont 515/striatum  3 areas ['ACC', 'DLS', 'DMS'], 131 trials ->  3537 trial rows,  216 epoch rows  (read 44s)
[coup] cont 515/visual    3 areas ['CA1', 'DG', 'V1'], 131 trials ->  3537 trial rows,  216 epoch rows  (read 46s)
[coup] cont 817/striatum  3 areas ['ACC', 'DLS', 'DMS'], 136 trials ->  3672 trial rows,  216 epoch rows  (read 42s)
[coup] cont 817/visual    3 areas ['CA1', 'DG', 'V1'], 136 trials ->  3672 trial rows,  216 epoch rows  (read 45s)
[coup] wrote lfp_coupling_trials_control.csv (25997 rows)
[coup] wrote lfp_coupling_epochs_control.csv (1492 rows)
[coup] pac_within   monopolar  epoch=All: 40 cells, p < 0.05 in 38 (95%)
[coup] pac_within   bipolar    epoch=All: 40 cells, p < 0.05 in 24 (60%)
[coup] pac_between  monopolar  epoch=All: 76 cells, p < 0.05 in 73 (96%)
[coup] pac_between  bipolar    epoch=All: 76 cells, p < 0.05 in 41 (54%)
