[inventory] 17 named exports; skipped (no mouse in name): ['voltage_data_384ch.mat']
[inventory] 624/striatum  done in   51.0s  LF/HF=   339.0  slope= -1.66  adj/dist r=0.90/0.01
[inventory] 614/striatum  done in   51.3s  LF/HF=    54.9  slope= -0.78  adj/dist r=0.83/0.01
[inventory] 730/striatum  done in   51.6s  LF/HF=    71.9  slope= -0.93  adj/dist r=0.83/-0.04
[inventory] 731/striatum  done in   51.8s  LF/HF=   770.5  slope= -1.89  adj/dist r=0.95/-0.05
[inventory] 523/striatum  done in   52.1s  LF/HF=    89.2  slope= -0.91  adj/dist r=0.87/0.00
[inventory] 823/striatum  done in   52.1s  LF/HF=  1145.4  slope= -1.85  adj/dist r=0.52/0.11
[inventory] 727/striatum  done in   52.1s  LF/HF=   359.1  slope= -1.69  adj/dist r=0.87/-0.04
[inventory] 822/striatum  done in   52.5s  LF/HF= 21342.9  slope= -2.89  adj/dist r=0.85/-0.05
[inventory] 1206/striatum  done in   53.5s  LF/HF=   712.7  slope= -1.78  adj/dist r=0.86/-0.07
[inventory] 1201/striatum  done in   53.8s  LF/HF=   149.3  slope= -1.10  adj/dist r=0.91/-0.05
[inventory] 1106/visual    done in   54.8s  LF/HF=   600.7  slope= -1.78  adj/dist r=0.94/-0.08
[inventory] 1106/striatum  done in   55.0s  LF/HF=   161.8  slope= -1.34  adj/dist r=0.85/0.06
[inventory] 1105/visual    done in   56.0s  LF/HF=   633.1  slope= -2.07  adj/dist r=0.96/0.01
[inventory] 1212/striatum  done in   54.9s  LF/HF=   476.7  slope= -1.80  adj/dist r=0.84/0.13  !! GRID MISMATCH: LFP 8400000 samples vs binned_spikes 11400000 bins
[inventory] 1206/visual    done in   55.4s  LF/HF=   454.2  slope= -1.46  adj/dist r=0.96/-0.04
[inventory] 1105/striatum  done in   56.7s  LF/HF=   989.1  slope= -2.05  adj/dist r=0.94/0.06
[inventory] 1212/visual    done in   52.9s  LF/HF=   572.3  slope= -1.32  adj/dist r=0.96/-0.10  !! GRID MISMATCH: LFP 8400000 samples vs binned_spikes 11400000 bins
[inventory] all files in 2.7 min
[inventory] duplicate fingerprints: none
[inventory] wrote /Users/theoamvr/Desktop/Experiments/StriatumACC/Striatum project/lfp/results/lfp_inventory.csv
