[arms] 18 band-power files
[arms] 1106/visual    lp=67 areas=['V1'] 20+20+20+0+945 rows      4s
[arms] 1105/visual    lp=44 areas=['V1'] 20+20+20+0+1000 rows      6s
[arms] 1206/striatum  lp=None areas=['DMS'] 10+10+10+0+520 rows      2s
/Users/theoamvr/Desktop/Experiments/StriatumACC/Striatum project/lfp/scripts/run_lfp_arms.py:147: RuntimeWarning: All-NaN slice encountered
  "reliability": float(np.nanmedian(moving[:, ti])),
/Users/theoamvr/Desktop/Experiments/StriatumACC/Striatum project/lfp/scripts/run_lfp_arms.py:147: RuntimeWarning: All-NaN slice encountered
  "reliability": float(np.nanmedian(moving[:, ti])),
/Users/theoamvr/Desktop/Experiments/StriatumACC/Striatum project/lfp/scripts/run_lfp_arms.py:147: RuntimeWarning: All-NaN slice encountered
  "reliability": float(np.nanmedian(moving[:, ti])),
/Users/theoamvr/Desktop/Experiments/StriatumACC/Striatum project/lfp/scripts/run_lfp_arms.py:147: RuntimeWarning: All-NaN slice encountered
  "reliability": float(np.nanmedian(moving[:, ti])),
/Users/theoamvr/Desktop/Experiments/StriatumACC/Striatum project/lfp/scripts/run_lfp_arms.py:147: RuntimeWarning: All-NaN slice encountered
  "reliability": float(np.nanmedian(moving[:, ti])),
/Users/theoamvr/Desktop/Experiments/StriatumACC/Striatum project/lfp/scripts/run_lfp_arms.py:147: RuntimeWarning: All-NaN slice encountered
  "reliability": float(np.nanmedian(moving[:, ti])),
/Users/theoamvr/Desktop/Experiments/StriatumACC/Striatum project/lfp/scripts/run_lfp_arms.py:147: RuntimeWarning: All-NaN slice encountered
  "reliability": float(np.nanmedian(moving[:, ti])),
/Users/theoamvr/Desktop/Experiments/StriatumACC/Striatum project/lfp/scripts/run_lfp_arms.py:147: RuntimeWarning: All-NaN slice encountered
  "reliability": float(np.nanmedian(moving[:, ti])),
/Users/theoamvr/Desktop/Experiments/StriatumACC/Striatum project/lfp/scripts/run_lfp_arms.py:147: RuntimeWarning: All-NaN slice encountered
  "reliability": float(np.nanmedian(moving[:, ti])),
/Users/theoamvr/Desktop/Experiments/StriatumACC/Striatum project/lfp/scripts/run_lfp_arms.py:147: RuntimeWarning: All-NaN slice encountered
  "reliability": float(np.nanmedian(moving[:, ti])),
/Users/theoamvr/Desktop/Experiments/StriatumACC/Striatum project/lfp/scripts/run_lfp_arms.py:147: RuntimeWarning: All-NaN slice encountered
  "reliability": float(np.nanmedian(moving[:, ti])),
/Users/theoamvr/Desktop/Experiments/StriatumACC/Striatum project/lfp/scripts/run_lfp_arms.py:147: RuntimeWarning: All-NaN slice encountered
  "reliability": float(np.nanmedian(moving[:, ti])),
/Users/theoamvr/Desktop/Experiments/StriatumACC/Striatum project/lfp/scripts/run_lfp_arms.py:147: RuntimeWarning: All-NaN slice encountered
  "reliability": float(np.nanmedian(moving[:, ti])),
/Users/theoamvr/Desktop/Experiments/StriatumACC/Striatum project/lfp/scripts/run_lfp_arms.py:147: RuntimeWarning: All-NaN slice encountered
  "reliability": float(np.nanmedian(moving[:, ti])),
/Users/theoamvr/Desktop/Experiments/StriatumACC/Striatum project/lfp/scripts/run_lfp_arms.py:147: RuntimeWarning: All-NaN slice encountered
  "reliability": float(np.nanmedian(moving[:, ti])),
[arms] 1212/striatum  lp=23 areas=['ACC', 'DLS', 'DMS'] 60+60+60+15+2325 rows     44s
/Users/theoamvr/Desktop/Experiments/StriatumACC/Striatum project/lfp/scripts/run_lfp_arms.py:147: RuntimeWarning: All-NaN slice encountered
  "reliability": float(np.nanmedian(moving[:, ti])),
/Users/theoamvr/Desktop/Experiments/StriatumACC/Striatum project/lfp/scripts/run_lfp_arms.py:147: RuntimeWarning: All-NaN slice encountered
  "reliability": float(np.nanmedian(moving[:, ti])),
/Users/theoamvr/Desktop/Experiments/StriatumACC/Striatum project/lfp/scripts/run_lfp_arms.py:147: RuntimeWarning: All-NaN slice encountered
  "reliability": float(np.nanmedian(moving[:, ti])),
/Users/theoamvr/Desktop/Experiments/StriatumACC/Striatum project/lfp/scripts/run_lfp_arms.py:147: RuntimeWarning: All-NaN slice encountered
  "reliability": float(np.nanmedian(moving[:, ti])),
/Users/theoamvr/Desktop/Experiments/StriatumACC/Striatum project/lfp/scripts/run_lfp_arms.py:147: RuntimeWarning: All-NaN slice encountered
  "reliability": float(np.nanmedian(moving[:, ti])),
/Users/theoamvr/Desktop/Experiments/StriatumACC/Striatum project/lfp/scripts/run_lfp_arms.py:147: RuntimeWarning: All-NaN slice encountered
  "reliability": float(np.nanmedian(moving[:, ti])),
/Users/theoamvr/Desktop/Experiments/StriatumACC/Striatum project/lfp/scripts/run_lfp_arms.py:147: RuntimeWarning: All-NaN slice encountered
  "reliability": float(np.nanmedian(moving[:, ti])),
/Users/theoamvr/Desktop/Experiments/StriatumACC/Striatum project/lfp/scripts/run_lfp_arms.py:147: RuntimeWarning: All-NaN slice encountered
  "reliability": float(np.nanmedian(moving[:, ti])),
/Users/theoamvr/Desktop/Experiments/StriatumACC/Striatum project/lfp/scripts/run_lfp_arms.py:147: RuntimeWarning: All-NaN slice encountered
  "reliability": float(np.nanmedian(moving[:, ti])),
/Users/theoamvr/Desktop/Experiments/StriatumACC/Striatum project/lfp/scripts/run_lfp_arms.py:147: RuntimeWarning: All-NaN slice encountered
  "reliability": float(np.nanmedian(moving[:, ti])),
/Users/theoamvr/Desktop/Experiments/StriatumACC/Striatum project/lfp/scripts/run_lfp_arms.py:147: RuntimeWarning: All-NaN slice encountered
  "reliability": float(np.nanmedian(moving[:, ti])),
/Users/theoamvr/Desktop/Experiments/StriatumACC/Striatum project/lfp/scripts/run_lfp_arms.py:147: RuntimeWarning: All-NaN slice encountered
  "reliability": float(np.nanmedian(moving[:, ti])),
/Users/theoamvr/Desktop/Experiments/StriatumACC/Striatum project/lfp/scripts/run_lfp_arms.py:147: RuntimeWarning: All-NaN slice encountered
  "reliability": float(np.nanmedian(moving[:, ti])),
/Users/theoamvr/Desktop/Experiments/StriatumACC/Striatum project/lfp/scripts/run_lfp_arms.py:147: RuntimeWarning: All-NaN slice encountered
  "reliability": float(np.nanmedian(moving[:, ti])),
/Users/theoamvr/Desktop/Experiments/StriatumACC/Striatum project/lfp/scripts/run_lfp_arms.py:147: RuntimeWarning: All-NaN slice encountered
  "reliability": float(np.nanmedian(moving[:, ti])),
[arms] 1206/visual    lp=None areas=['CA1', 'DG', 'V1'] 30+30+30+15+1560 rows     53s
[arms] 1201/striatum  lp=84 areas=['ACC', 'DLS', 'DMS'] 60+60+60+15+3000 rows     61s
[arms] 1105/striatum  lp=44 areas=['ACC', 'DLS', 'DMS'] 60+60+60+15+3000 rows     65s
[arms] 1106/striatum  lp=67 areas=['ACC', 'DLS', 'DMS'] 60+60+60+15+2835 rows     66s
[arms] 1201/visual    lp=84 areas=['CA1', 'DG', 'V1'] 60+60+60+15+3000 rows     76s
[arms] 624/striatum  lp=32 areas=['ACC', 'DLS', 'DMS'] 60+60+60+15+1065 rows     30s
[arms] 1212/visual    lp=23 areas=['CA1', 'DG', 'V1'] 60+60+60+15+2325 rows     50s
[arms] 731/striatum  lp=36 areas=['ACC', 'DMS'] 40+40+40+5+760 rows     15s
[arms] 614/striatum  lp=44 areas=['ACC', 'DLS', 'DMS'] 60+60+60+15+3000 rows     62s
[arms] 523/striatum  lp=22 areas=['ACC', 'DLS', 'DMS'] 60+60+60+15+3000 rows     69s
[arms] 823/striatum  lp=14 areas=['ACC', 'DMS'] 40+40+40+5+2000 rows     25s
[arms] 727/striatum  lp=53 areas=['ACC', 'DLS', 'DMS'] 60+60+60+15+3000 rows     71s
[arms] 822/striatum  lp=33 areas=['ACC', 'DLS', 'DMS'] 60+60+60+15+1350 rows     38s
[arms] 730/striatum  lp=54 areas=['ACC', 'DLS', 'DMS'] 60+60+60+15+3000 rows     66s
[arms] all files in 2.4 min
[arms] wrote lfp_arms_evolution_stats.csv: 2/48 cells survive BH-FDR at q=0.05
[arms] wrote lfp_arms_evolution.csv (880 rows)
[arms] wrote lfp_arms_decoding.csv (880 rows)
[arms] wrote lfp_arms_reliability.csv (880 rows)
[arms] wrote lfp_arms_cca.csv (205 rows)
[arms] wrote lfp_arms_moving_reliability.csv (37685 rows)
