[bandpower] 17 files, bands ['theta', 'beta', 'low_gamma', 'high_gamma', 'total'], notch (50.0, 100.0, 150.0) Hz
[bandpower] 614/striatum   200/ 200 good trials  100.0% cells filled  median 102 ms/bin    136 MB    182s  [TRUNCATED to 200 trials]
[bandpower] 730/striatum   200/ 200 good trials  100.0% cells filled  median 131 ms/bin    136 MB    201s  [TRUNCATED to 200 trials]
[bandpower] 727/striatum   200/ 200 good trials  100.0% cells filled  median 135 ms/bin    136 MB    218s  [TRUNCATED to 200 trials]
[bandpower] 523/striatum   200/ 200 good trials  100.0% cells filled  median 111 ms/bin    136 MB    245s  [TRUNCATED to 200 trials]
[bandpower] 624/striatum    71/  71 good trials  99.8% cells filled  median 390 ms/bin     48 MB    459s
[bandpower] 823/striatum   200/ 200 good trials  100.0% cells filled  median 141 ms/bin    136 MB    240s  [TRUNCATED to 200 trials]
[bandpower] 1105/striatum   200/ 200 good trials  100.0% cells filled  median 132 ms/bin    137 MB    325s  [TRUNCATED to 200 trials]
[bandpower] 731/striatum    76/  76 good trials  99.5% cells filled  median 308 ms/bin     51 MB    470s
[bandpower] 822/striatum    90/  90 good trials  99.5% cells filled  median 270 ms/bin     61 MB    469s
[bandpower] 1105/visual     200/ 200 good trials  100.0% cells filled  median 132 ms/bin    137 MB    327s  [TRUNCATED to 200 trials]
[bandpower] 1201/striatum   200/ 200 good trials  99.6% cells filled  median 121 ms/bin    136 MB    277s  [TRUNCATED to 200 trials]
[bandpower] 1106/striatum   189/ 189 good trials  96.7% cells filled  median 88 ms/bin    128 MB    477s
[bandpower] 1106/visual     189/ 189 good trials  96.7% cells filled  median 88 ms/bin    129 MB    478s
[bandpower] 1206/striatum   104/ 104 good trials  99.4% cells filled  median 176 ms/bin     71 MB    464s
[bandpower] 1206/visual     104/ 104 good trials  99.4% cells filled  median 176 ms/bin     71 MB    451s
[bandpower] 1212/striatum   108/ 156 good trials  99.4% cells filled  median 269 ms/bin     74 MB    465s
[bandpower] 1212/visual     108/ 156 good trials  99.4% cells filled  median 269 ms/bin     74 MB    466s
[bandpower] all files in 23.4 min
[bandpower] wrote /Users/theoamvr/Desktop/Experiments/StriatumACC/Striatum project/lfp/results/lfp_bandpower_summary.csv
