cohorts: task control   steps: plots   jobs: 5   only: all
=== /opt/anaconda3/bin/python scripts/plot_lfp_arms.py --cohort task @ 09:15:15 ===
[plot] lfp_evolution_log_task.svg + .png
[plot] lfp_evolution_z_task.svg + .png
[plot] lfp_evolution_speed_residual_task.svg + .png
[plot] lfp_evolution_fraction_task.svg + .png
[plot] lfp_evolution_speed_task.svg + .png
[plot] lfp_decoding_task.svg + .png
[plot] lfp_cca_vs_distance_task.svg + .png
[plot] lfp_reliability_task.svg + .png
[plot] lfp_cca_task.svg + .png
[plot] lfp_reliability_moving_task.svg + .png
[plot] lfp_reliability_moving_session_task.svg + .png
[plot] lfp_reliability_moving_depth_task.svg + .png
[plot] lfp_reliability_moving_vs_units_task.svg + .png
run:print:4: bad option: - 
=== /opt/anaconda3/bin/python scripts/plot_lfp_arms.py --cohort control @ 09:15:27 ===
[plot] lfp_evolution_log_control.svg + .png
[plot] lfp_evolution_z_control.svg + .png
[plot] lfp_evolution_speed_residual_control.svg + .png
[plot] lfp_evolution_fraction_control.svg + .png
[plot] lfp_evolution_speed_control.svg + .png
[plot] lfp_decoding_control.svg + .png
[plot] lfp_cca_vs_distance_control.svg + .png
[plot] lfp_reliability_control.svg + .png
[plot] lfp_cca_control.svg + .png
[plot] lfp_reliability_moving_control.svg + .png
[plot] lfp_reliability_moving_session_control.svg + .png
[plot] lfp_reliability_moving_depth_control.svg + .png
[plot] lfp_reliability_moving_vs_units_control.svg + .png
run:print:4: bad option: - 
=== /opt/anaconda3/bin/python scripts/plot_lfp_task_vs_control.py @ 09:15:38 ===
[plot] lfp_task_vs_control.svg + .png
[plot] lfp_dls_theta_task_vs_control.svg + .png
run:print:4: bad option: - 
=== /opt/anaconda3/bin/python scripts/plot_lfp_combined.py @ 09:15:40 ===
[plot] lfp_reliability_moving_session_task_vs_control.svg + .png
[plot]   shared y -0.108 to 0.266; animals task 16, control 5
[plot] lfp_reliability_moving_lp_task_vs_control.svg + .png
[plot]   shared y -0.109 to 0.282; animals task 16, control 5
[plot] lfp_evolution_z_task_vs_control.svg + .png
run:print:4: bad option: - 
=== /opt/anaconda3/bin/python scripts/plot_lfp_distance_control.py @ 09:15:47 ===
[plot] lfp_distance_control.svg + .png
Task:
   boundary DLS-DMS   theta       within − across = +0.0437, 95% CI [-0.1135, +0.2009] (N = 12, p_FDR = 0.732)
   boundary DLS-DMS   beta        within − across = +0.0627, 95% CI [-0.0640, +0.1893] (N = 12, p_FDR = 0.450)
   boundary DLS-DMS   low_gamma   within − across = +0.0768, 95% CI [-0.0389, +0.1925] (N = 12, p_FDR = 0.450)
   boundary DLS-DMS   high_gamma  within − across = +0.0492, 95% CI [-0.0306, +0.1289] (N = 12, p_FDR = 0.450)
   boundary DLS-DMS   total       within − across = +0.0438, 95% CI [-0.0616, +0.1493] (N = 12, p_FDR = 0.450)
   boundary ACC-DMS   theta       within − across = -0.0434, 95% CI [-0.3468, +0.2599] (N = 4, p_FDR = 1.000)
   boundary ACC-DMS   beta        within − across = -0.0082, 95% CI [-0.2272, +0.2108] (N = 4, p_FDR = 1.000)
   boundary ACC-DMS   low_gamma   within − across = +0.0317, 95% CI [-0.2148, +0.2783] (N = 4, p_FDR = 1.000)
   boundary ACC-DMS   high_gamma  within − across = +0.0140, 95% CI [-0.1680, +0.1960] (N = 4, p_FDR = 1.000)
   boundary ACC-DMS   total       within − across = -0.0148, 95% CI [-0.2721, +0.2424] (N = 4, p_FDR = 1.000)
   boundary CA1-DG    theta       within − across = -0.1120, 95% CI [-0.4619, +0.2379] (N = 3, p_FDR = 0.417)
   boundary CA1-DG    beta        within − across = +0.0258, 95% CI [-0.3495, +0.4012] (N = 3, p_FDR = 0.938)
   boundary CA1-DG    low_gamma   within − across = +0.0801, 95% CI [-0.0834, +0.2436] (N = 3, p_FDR = 0.417)
   boundary CA1-DG    high_gamma  within − across = +0.0749, 95% CI [-0.0026, +0.1523] (N = 3, p_FDR = 0.417)
   boundary CA1-DG    total       within − across = -0.0460, 95% CI [-0.4760, +0.3840] (N = 3, p_FDR = 1.000)
   boundary CA1-V1    theta       within − across = +0.0425, 95% CI [-0.1806, +0.2656] (N = 3, p_FDR = 1.000)
   boundary CA1-V1    beta        within − across = -0.0398, 95% CI [-0.1863, +0.1067] (N = 3, p_FDR = 1.000)
   boundary CA1-V1    low_gamma   within − across = -0.0978, 95% CI [-0.3429, +0.1474] (N = 3, p_FDR = 1.000)
   boundary CA1-V1    high_gamma  within − across = +0.0080, 95% CI [-0.1927, +0.2087] (N = 3, p_FDR = 1.000)
   boundary CA1-V1    total       within − across = +0.0012, 95% CI [-0.2135, +0.2159] (N = 3, p_FDR = 1.000)
   boundary DG-V1     theta       within − across = +0.0083, 95% CI [-0.6421, +0.6587] (N = 3, p_FDR = 1.000)
   boundary DG-V1     beta        within − across = +0.0271, 95% CI [-0.1927, +0.2469] (N = 3, p_FDR = 1.000)
   boundary DG-V1     low_gamma   within − across = +0.0556, 95% CI [-0.5257, +0.6369] (N = 3, p_FDR = 1.000)
   boundary DG-V1     high_gamma  within − across = +0.0731, 95% CI [-0.4418, +0.5880] (N = 3, p_FDR = 1.000)
   boundary DG-V1     total       within − across = +0.0538, 95% CI [-0.5012, +0.6088] (N = 3, p_FDR = 1.000)
   boundary ACC-DLS   theta       within − across = +0.0008, 95% CI [+0.0008, +0.0008] (N = 1, p_FDR = 1.000)
   boundary ACC-DLS   beta        within − across = +0.0116, 95% CI [+0.0116, +0.0116] (N = 1, p_FDR = 1.000)
   boundary ACC-DLS   low_gamma   within − across = +0.0001, 95% CI [+0.0001, +0.0001] (N = 1, p_FDR = 1.000)
   boundary ACC-DLS   high_gamma  within − across = -0.0186, 95% CI [-0.0186, -0.0186] (N = 1, p_FDR = 1.000)
   boundary ACC-DLS   total       within − across = +0.0107, 95% CI [+0.0107, +0.0107] (N = 1, p_FDR = 1.000)
   theta       within − across = -0.0691, 95% CI [-0.2231, +0.0849] (N = 14 mice, sign-flip p = 0.353, p_FDR = 0.986)
Task:
   boundary DLS-DMS   theta       within − across = +0.0437, 95% CI [-0.1135, +0.2009] (N = 12, p_FDR = 0.732)
   boundary DLS-DMS   beta        within − across = +0.0627, 95% CI [-0.0640, +0.1893] (N = 12, p_FDR = 0.450)
   boundary DLS-DMS   low_gamma   within − across = +0.0768, 95% CI [-0.0389, +0.1925] (N = 12, p_FDR = 0.450)
   boundary DLS-DMS   high_gamma  within − across = +0.0492, 95% CI [-0.0306, +0.1289] (N = 12, p_FDR = 0.450)
   boundary DLS-DMS   total       within − across = +0.0438, 95% CI [-0.0616, +0.1493] (N = 12, p_FDR = 0.450)
   boundary ACC-DMS   theta       within − across = -0.0434, 95% CI [-0.3468, +0.2599] (N = 4, p_FDR = 1.000)
   boundary ACC-DMS   beta        within − across = -0.0082, 95% CI [-0.2272, +0.2108] (N = 4, p_FDR = 1.000)
   boundary ACC-DMS   low_gamma   within − across = +0.0317, 95% CI [-0.2148, +0.2783] (N = 4, p_FDR = 1.000)
   boundary ACC-DMS   high_gamma  within − across = +0.0140, 95% CI [-0.1680, +0.1960] (N = 4, p_FDR = 1.000)
   boundary ACC-DMS   total       within − across = -0.0148, 95% CI [-0.2721, +0.2424] (N = 4, p_FDR = 1.000)
   boundary CA1-DG    theta       within − across = -0.1120, 95% CI [-0.4619, +0.2379] (N = 3, p_FDR = 0.417)
   boundary CA1-DG    beta        within − across = +0.0258, 95% CI [-0.3495, +0.4012] (N = 3, p_FDR = 0.938)
   boundary CA1-DG    low_gamma   within − across = +0.0801, 95% CI [-0.0834, +0.2436] (N = 3, p_FDR = 0.417)
   boundary CA1-DG    high_gamma  within − across = +0.0749, 95% CI [-0.0026, +0.1523] (N = 3, p_FDR = 0.417)
   boundary CA1-DG    total       within − across = -0.0460, 95% CI [-0.4760, +0.3840] (N = 3, p_FDR = 1.000)
   boundary CA1-V1    theta       within − across = +0.0425, 95% CI [-0.1806, +0.2656] (N = 3, p_FDR = 1.000)
   boundary CA1-V1    beta        within − across = -0.0398, 95% CI [-0.1863, +0.1067] (N = 3, p_FDR = 1.000)
   boundary CA1-V1    low_gamma   within − across = -0.0978, 95% CI [-0.3429, +0.1474] (N = 3, p_FDR = 1.000)
   boundary CA1-V1    high_gamma  within − across = +0.0080, 95% CI [-0.1927, +0.2087] (N = 3, p_FDR = 1.000)
   boundary CA1-V1    total       within − across = +0.0012, 95% CI [-0.2135, +0.2159] (N = 3, p_FDR = 1.000)
   boundary DG-V1     theta       within − across = +0.0083, 95% CI [-0.6421, +0.6587] (N = 3, p_FDR = 1.000)
   boundary DG-V1     beta        within − across = +0.0271, 95% CI [-0.1927, +0.2469] (N = 3, p_FDR = 1.000)
   boundary DG-V1     low_gamma   within − across = +0.0556, 95% CI [-0.5257, +0.6369] (N = 3, p_FDR = 1.000)
   boundary DG-V1     high_gamma  within − across = +0.0731, 95% CI [-0.4418, +0.5880] (N = 3, p_FDR = 1.000)
   boundary DG-V1     total       within − across = +0.0538, 95% CI [-0.5012, +0.6088] (N = 3, p_FDR = 1.000)
   boundary ACC-DLS   theta       within − across = +0.0008, 95% CI [+0.0008, +0.0008] (N = 1, p_FDR = 1.000)
   boundary ACC-DLS   beta        within − across = +0.0116, 95% CI [+0.0116, +0.0116] (N = 1, p_FDR = 1.000)
   boundary ACC-DLS   low_gamma   within − across = +0.0001, 95% CI [+0.0001, +0.0001] (N = 1, p_FDR = 1.000)
   boundary ACC-DLS   high_gamma  within − across = -0.0186, 95% CI [-0.0186, -0.0186] (N = 1, p_FDR = 1.000)
   boundary ACC-DLS   total       within − across = +0.0107, 95% CI [+0.0107, +0.0107] (N = 1, p_FDR = 1.000)
   theta       within − across = -0.0691, 95% CI [-0.2231, +0.0849] (N = 14 mice, sign-flip p = 0.353, p_FDR = 0.986)
   beta        within − across = -0.0009, 95% CI [-0.1151, +0.1133] (N = 14 mice, sign-flip p = 0.986, p_FDR = 0.986)
Task:
   boundary DLS-DMS   theta       within − across = +0.0437, 95% CI [-0.1135, +0.2009] (N = 12, p_FDR = 0.732)
   boundary DLS-DMS   beta        within − across = +0.0627, 95% CI [-0.0640, +0.1893] (N = 12, p_FDR = 0.450)
   boundary DLS-DMS   low_gamma   within − across = +0.0768, 95% CI [-0.0389, +0.1925] (N = 12, p_FDR = 0.450)
   boundary DLS-DMS   high_gamma  within − across = +0.0492, 95% CI [-0.0306, +0.1289] (N = 12, p_FDR = 0.450)
   boundary DLS-DMS   total       within − across = +0.0438, 95% CI [-0.0616, +0.1493] (N = 12, p_FDR = 0.450)
   boundary ACC-DMS   theta       within − across = -0.0434, 95% CI [-0.3468, +0.2599] (N = 4, p_FDR = 1.000)
   boundary ACC-DMS   beta        within − across = -0.0082, 95% CI [-0.2272, +0.2108] (N = 4, p_FDR = 1.000)
   boundary ACC-DMS   low_gamma   within − across = +0.0317, 95% CI [-0.2148, +0.2783] (N = 4, p_FDR = 1.000)
   boundary ACC-DMS   high_gamma  within − across = +0.0140, 95% CI [-0.1680, +0.1960] (N = 4, p_FDR = 1.000)
   boundary ACC-DMS   total       within − across = -0.0148, 95% CI [-0.2721, +0.2424] (N = 4, p_FDR = 1.000)
   boundary CA1-DG    theta       within − across = -0.1120, 95% CI [-0.4619, +0.2379] (N = 3, p_FDR = 0.417)
   boundary CA1-DG    beta        within − across = +0.0258, 95% CI [-0.3495, +0.4012] (N = 3, p_FDR = 0.938)
   boundary CA1-DG    low_gamma   within − across = +0.0801, 95% CI [-0.0834, +0.2436] (N = 3, p_FDR = 0.417)
   boundary CA1-DG    high_gamma  within − across = +0.0749, 95% CI [-0.0026, +0.1523] (N = 3, p_FDR = 0.417)
   boundary CA1-DG    total       within − across = -0.0460, 95% CI [-0.4760, +0.3840] (N = 3, p_FDR = 1.000)
   boundary CA1-V1    theta       within − across = +0.0425, 95% CI [-0.1806, +0.2656] (N = 3, p_FDR = 1.000)
   boundary CA1-V1    beta        within − across = -0.0398, 95% CI [-0.1863, +0.1067] (N = 3, p_FDR = 1.000)
   boundary CA1-V1    low_gamma   within − across = -0.0978, 95% CI [-0.3429, +0.1474] (N = 3, p_FDR = 1.000)
   boundary CA1-V1    high_gamma  within − across = +0.0080, 95% CI [-0.1927, +0.2087] (N = 3, p_FDR = 1.000)
   boundary CA1-V1    total       within − across = +0.0012, 95% CI [-0.2135, +0.2159] (N = 3, p_FDR = 1.000)
   boundary DG-V1     theta       within − across = +0.0083, 95% CI [-0.6421, +0.6587] (N = 3, p_FDR = 1.000)
   boundary DG-V1     beta        within − across = +0.0271, 95% CI [-0.1927, +0.2469] (N = 3, p_FDR = 1.000)
   boundary DG-V1     low_gamma   within − across = +0.0556, 95% CI [-0.5257, +0.6369] (N = 3, p_FDR = 1.000)
   boundary DG-V1     high_gamma  within − across = +0.0731, 95% CI [-0.4418, +0.5880] (N = 3, p_FDR = 1.000)
   boundary DG-V1     total       within − across = +0.0538, 95% CI [-0.5012, +0.6088] (N = 3, p_FDR = 1.000)
   boundary ACC-DLS   theta       within − across = +0.0008, 95% CI [+0.0008, +0.0008] (N = 1, p_FDR = 1.000)
   boundary ACC-DLS   beta        within − across = +0.0116, 95% CI [+0.0116, +0.0116] (N = 1, p_FDR = 1.000)
   boundary ACC-DLS   low_gamma   within − across = +0.0001, 95% CI [+0.0001, +0.0001] (N = 1, p_FDR = 1.000)
   boundary ACC-DLS   high_gamma  within − across = -0.0186, 95% CI [-0.0186, -0.0186] (N = 1, p_FDR = 1.000)
   boundary ACC-DLS   total       within − across = +0.0107, 95% CI [+0.0107, +0.0107] (N = 1, p_FDR = 1.000)
   theta       within − across = -0.0691, 95% CI [-0.2231, +0.0849] (N = 14 mice, sign-flip p = 0.353, p_FDR = 0.986)
   beta        within − across = -0.0009, 95% CI [-0.1151, +0.1133] (N = 14 mice, sign-flip p = 0.986, p_FDR = 0.986)
   low_gamma   within − across = +0.0075, 95% CI [-0.1039, +0.1188] (N = 14 mice, sign-flip p = 0.891, p_FDR = 0.986)
Task:
   boundary DLS-DMS   theta       within − across = +0.0437, 95% CI [-0.1135, +0.2009] (N = 12, p_FDR = 0.732)
   boundary DLS-DMS   beta        within − across = +0.0627, 95% CI [-0.0640, +0.1893] (N = 12, p_FDR = 0.450)
   boundary DLS-DMS   low_gamma   within − across = +0.0768, 95% CI [-0.0389, +0.1925] (N = 12, p_FDR = 0.450)
   boundary DLS-DMS   high_gamma  within − across = +0.0492, 95% CI [-0.0306, +0.1289] (N = 12, p_FDR = 0.450)
   boundary DLS-DMS   total       within − across = +0.0438, 95% CI [-0.0616, +0.1493] (N = 12, p_FDR = 0.450)
   boundary ACC-DMS   theta       within − across = -0.0434, 95% CI [-0.3468, +0.2599] (N = 4, p_FDR = 1.000)
   boundary ACC-DMS   beta        within − across = -0.0082, 95% CI [-0.2272, +0.2108] (N = 4, p_FDR = 1.000)
   boundary ACC-DMS   low_gamma   within − across = +0.0317, 95% CI [-0.2148, +0.2783] (N = 4, p_FDR = 1.000)
   boundary ACC-DMS   high_gamma  within − across = +0.0140, 95% CI [-0.1680, +0.1960] (N = 4, p_FDR = 1.000)
   boundary ACC-DMS   total       within − across = -0.0148, 95% CI [-0.2721, +0.2424] (N = 4, p_FDR = 1.000)
   boundary CA1-DG    theta       within − across = -0.1120, 95% CI [-0.4619, +0.2379] (N = 3, p_FDR = 0.417)
   boundary CA1-DG    beta        within − across = +0.0258, 95% CI [-0.3495, +0.4012] (N = 3, p_FDR = 0.938)
   boundary CA1-DG    low_gamma   within − across = +0.0801, 95% CI [-0.0834, +0.2436] (N = 3, p_FDR = 0.417)
   boundary CA1-DG    high_gamma  within − across = +0.0749, 95% CI [-0.0026, +0.1523] (N = 3, p_FDR = 0.417)
   boundary CA1-DG    total       within − across = -0.0460, 95% CI [-0.4760, +0.3840] (N = 3, p_FDR = 1.000)
   boundary CA1-V1    theta       within − across = +0.0425, 95% CI [-0.1806, +0.2656] (N = 3, p_FDR = 1.000)
   boundary CA1-V1    beta        within − across = -0.0398, 95% CI [-0.1863, +0.1067] (N = 3, p_FDR = 1.000)
   boundary CA1-V1    low_gamma   within − across = -0.0978, 95% CI [-0.3429, +0.1474] (N = 3, p_FDR = 1.000)
   boundary CA1-V1    high_gamma  within − across = +0.0080, 95% CI [-0.1927, +0.2087] (N = 3, p_FDR = 1.000)
   boundary CA1-V1    total       within − across = +0.0012, 95% CI [-0.2135, +0.2159] (N = 3, p_FDR = 1.000)
   boundary DG-V1     theta       within − across = +0.0083, 95% CI [-0.6421, +0.6587] (N = 3, p_FDR = 1.000)
   boundary DG-V1     beta        within − across = +0.0271, 95% CI [-0.1927, +0.2469] (N = 3, p_FDR = 1.000)
   boundary DG-V1     low_gamma   within − across = +0.0556, 95% CI [-0.5257, +0.6369] (N = 3, p_FDR = 1.000)
   boundary DG-V1     high_gamma  within − across = +0.0731, 95% CI [-0.4418, +0.5880] (N = 3, p_FDR = 1.000)
   boundary DG-V1     total       within − across = +0.0538, 95% CI [-0.5012, +0.6088] (N = 3, p_FDR = 1.000)
   boundary ACC-DLS   theta       within − across = +0.0008, 95% CI [+0.0008, +0.0008] (N = 1, p_FDR = 1.000)
   boundary ACC-DLS   beta        within − across = +0.0116, 95% CI [+0.0116, +0.0116] (N = 1, p_FDR = 1.000)
   boundary ACC-DLS   low_gamma   within − across = +0.0001, 95% CI [+0.0001, +0.0001] (N = 1, p_FDR = 1.000)
   boundary ACC-DLS   high_gamma  within − across = -0.0186, 95% CI [-0.0186, -0.0186] (N = 1, p_FDR = 1.000)
   boundary ACC-DLS   total       within − across = +0.0107, 95% CI [+0.0107, +0.0107] (N = 1, p_FDR = 1.000)
   theta       within − across = -0.0691, 95% CI [-0.2231, +0.0849] (N = 14 mice, sign-flip p = 0.353, p_FDR = 0.986)
   beta        within − across = -0.0009, 95% CI [-0.1151, +0.1133] (N = 14 mice, sign-flip p = 0.986, p_FDR = 0.986)
   low_gamma   within − across = +0.0075, 95% CI [-0.1039, +0.1188] (N = 14 mice, sign-flip p = 0.891, p_FDR = 0.986)
   high_gamma  within − across = +0.0188, 95% CI [-0.0540, +0.0916] (N = 14 mice, sign-flip p = 0.599, p_FDR = 0.986)
Task:
   boundary DLS-DMS   theta       within − across = +0.0437, 95% CI [-0.1135, +0.2009] (N = 12, p_FDR = 0.732)
   boundary DLS-DMS   beta        within − across = +0.0627, 95% CI [-0.0640, +0.1893] (N = 12, p_FDR = 0.450)
   boundary DLS-DMS   low_gamma   within − across = +0.0768, 95% CI [-0.0389, +0.1925] (N = 12, p_FDR = 0.450)
   boundary DLS-DMS   high_gamma  within − across = +0.0492, 95% CI [-0.0306, +0.1289] (N = 12, p_FDR = 0.450)
   boundary DLS-DMS   total       within − across = +0.0438, 95% CI [-0.0616, +0.1493] (N = 12, p_FDR = 0.450)
   boundary ACC-DMS   theta       within − across = -0.0434, 95% CI [-0.3468, +0.2599] (N = 4, p_FDR = 1.000)
   boundary ACC-DMS   beta        within − across = -0.0082, 95% CI [-0.2272, +0.2108] (N = 4, p_FDR = 1.000)
   boundary ACC-DMS   low_gamma   within − across = +0.0317, 95% CI [-0.2148, +0.2783] (N = 4, p_FDR = 1.000)
   boundary ACC-DMS   high_gamma  within − across = +0.0140, 95% CI [-0.1680, +0.1960] (N = 4, p_FDR = 1.000)
   boundary ACC-DMS   total       within − across = -0.0148, 95% CI [-0.2721, +0.2424] (N = 4, p_FDR = 1.000)
   boundary CA1-DG    theta       within − across = -0.1120, 95% CI [-0.4619, +0.2379] (N = 3, p_FDR = 0.417)
   boundary CA1-DG    beta        within − across = +0.0258, 95% CI [-0.3495, +0.4012] (N = 3, p_FDR = 0.938)
   boundary CA1-DG    low_gamma   within − across = +0.0801, 95% CI [-0.0834, +0.2436] (N = 3, p_FDR = 0.417)
   boundary CA1-DG    high_gamma  within − across = +0.0749, 95% CI [-0.0026, +0.1523] (N = 3, p_FDR = 0.417)
   boundary CA1-DG    total       within − across = -0.0460, 95% CI [-0.4760, +0.3840] (N = 3, p_FDR = 1.000)
   boundary CA1-V1    theta       within − across = +0.0425, 95% CI [-0.1806, +0.2656] (N = 3, p_FDR = 1.000)
   boundary CA1-V1    beta        within − across = -0.0398, 95% CI [-0.1863, +0.1067] (N = 3, p_FDR = 1.000)
   boundary CA1-V1    low_gamma   within − across = -0.0978, 95% CI [-0.3429, +0.1474] (N = 3, p_FDR = 1.000)
   boundary CA1-V1    high_gamma  within − across = +0.0080, 95% CI [-0.1927, +0.2087] (N = 3, p_FDR = 1.000)
   boundary CA1-V1    total       within − across = +0.0012, 95% CI [-0.2135, +0.2159] (N = 3, p_FDR = 1.000)
   boundary DG-V1     theta       within − across = +0.0083, 95% CI [-0.6421, +0.6587] (N = 3, p_FDR = 1.000)
   boundary DG-V1     beta        within − across = +0.0271, 95% CI [-0.1927, +0.2469] (N = 3, p_FDR = 1.000)
   boundary DG-V1     low_gamma   within − across = +0.0556, 95% CI [-0.5257, +0.6369] (N = 3, p_FDR = 1.000)
   boundary DG-V1     high_gamma  within − across = +0.0731, 95% CI [-0.4418, +0.5880] (N = 3, p_FDR = 1.000)
   boundary DG-V1     total       within − across = +0.0538, 95% CI [-0.5012, +0.6088] (N = 3, p_FDR = 1.000)
   boundary ACC-DLS   theta       within − across = +0.0008, 95% CI [+0.0008, +0.0008] (N = 1, p_FDR = 1.000)
   boundary ACC-DLS   beta        within − across = +0.0116, 95% CI [+0.0116, +0.0116] (N = 1, p_FDR = 1.000)
   boundary ACC-DLS   low_gamma   within − across = +0.0001, 95% CI [+0.0001, +0.0001] (N = 1, p_FDR = 1.000)
   boundary ACC-DLS   high_gamma  within − across = -0.0186, 95% CI [-0.0186, -0.0186] (N = 1, p_FDR = 1.000)
   boundary ACC-DLS   total       within − across = +0.0107, 95% CI [+0.0107, +0.0107] (N = 1, p_FDR = 1.000)
   theta       within − across = -0.0691, 95% CI [-0.2231, +0.0849] (N = 14 mice, sign-flip p = 0.353, p_FDR = 0.986)
   beta        within − across = -0.0009, 95% CI [-0.1151, +0.1133] (N = 14 mice, sign-flip p = 0.986, p_FDR = 0.986)
   low_gamma   within − across = +0.0075, 95% CI [-0.1039, +0.1188] (N = 14 mice, sign-flip p = 0.891, p_FDR = 0.986)
   high_gamma  within − across = +0.0188, 95% CI [-0.0540, +0.0916] (N = 14 mice, sign-flip p = 0.599, p_FDR = 0.986)
   total       within − across = -0.0236, 95% CI [-0.1300, +0.0828] (N = 14 mice, sign-flip p = 0.641, p_FDR = 0.986)
Control 1:
   boundary DLS-DMS   theta       within − across = -0.0045, 95% CI [-0.0824, +0.0735] (N = 5, p_FDR = 0.938)
   boundary DLS-DMS   beta        within − across = +0.0048, 95% CI [-0.0673, +0.0769] (N = 5, p_FDR = 0.938)
   boundary DLS-DMS   low_gamma   within − across = +0.0101, 95% CI [-0.0829, +0.1031] (N = 5, p_FDR = 0.938)
   boundary DLS-DMS   high_gamma  within − across = +0.0027, 95% CI [-0.0200, +0.0255] (N = 5, p_FDR = 0.938)
   boundary DLS-DMS   total       within − across = -0.0221, 95% CI [-0.0984, +0.0543] (N = 5, p_FDR = 0.938)
   boundary CA1-DG    theta       within − across = -0.1078, 95% CI [-0.1868, -0.0288] (N = 3, p_FDR = 0.625)
   boundary CA1-DG    beta        within − across = +0.0185, 95% CI [-0.4684, +0.5054] (N = 3, p_FDR = 1.000)
   boundary CA1-DG    low_gamma   within − across = +0.0880, 95% CI [-0.6278, +0.8039] (N = 3, p_FDR = 0.938)
   boundary CA1-DG    high_gamma  within − across = +0.0121, 95% CI [-0.3518, +0.3760] (N = 3, p_FDR = 0.938)
   boundary CA1-DG    total       within − across = -0.0745, 95% CI [-0.3819, +0.2329] (N = 3, p_FDR = 0.625)
   boundary CA1-V1    theta       within − across = -0.1093, 95% CI [-0.4235, +0.2050] (N = 3, p_FDR = 0.625)
   boundary CA1-V1    beta        within − across = -0.0920, 95% CI [-0.3943, +0.2104] (N = 3, p_FDR = 0.833)
   boundary CA1-V1    low_gamma   within − across = -0.0749, 95% CI [-0.4229, +0.2730] (N = 3, p_FDR = 0.938)
   boundary CA1-V1    high_gamma  within − across = -0.0325, 95% CI [-0.4090, +0.3440] (N = 3, p_FDR = 1.000)
   boundary CA1-V1    total       within − across = -0.1294, 95% CI [-0.3998, +0.1410] (N = 3, p_FDR = 0.625)
   theta       within − across = -0.0712, 95% CI [-0.1895, +0.0470] (N = 5 mice, UNDERPOWERED: n = 5, floor 0.062)
Control 1:
   boundary DLS-DMS   theta       within − across = -0.0045, 95% CI [-0.0824, +0.0735] (N = 5, p_FDR = 0.938)
   boundary DLS-DMS   beta        within − across = +0.0048, 95% CI [-0.0673, +0.0769] (N = 5, p_FDR = 0.938)
   boundary DLS-DMS   low_gamma   within − across = +0.0101, 95% CI [-0.0829, +0.1031] (N = 5, p_FDR = 0.938)
   boundary DLS-DMS   high_gamma  within − across = +0.0027, 95% CI [-0.0200, +0.0255] (N = 5, p_FDR = 0.938)
   boundary DLS-DMS   total       within − across = -0.0221, 95% CI [-0.0984, +0.0543] (N = 5, p_FDR = 0.938)
   boundary CA1-DG    theta       within − across = -0.1078, 95% CI [-0.1868, -0.0288] (N = 3, p_FDR = 0.625)
   boundary CA1-DG    beta        within − across = +0.0185, 95% CI [-0.4684, +0.5054] (N = 3, p_FDR = 1.000)
   boundary CA1-DG    low_gamma   within − across = +0.0880, 95% CI [-0.6278, +0.8039] (N = 3, p_FDR = 0.938)
   boundary CA1-DG    high_gamma  within − across = +0.0121, 95% CI [-0.3518, +0.3760] (N = 3, p_FDR = 0.938)
   boundary CA1-DG    total       within − across = -0.0745, 95% CI [-0.3819, +0.2329] (N = 3, p_FDR = 0.625)
   boundary CA1-V1    theta       within − across = -0.1093, 95% CI [-0.4235, +0.2050] (N = 3, p_FDR = 0.625)
   boundary CA1-V1    beta        within − across = -0.0920, 95% CI [-0.3943, +0.2104] (N = 3, p_FDR = 0.833)
   boundary CA1-V1    low_gamma   within − across = -0.0749, 95% CI [-0.4229, +0.2730] (N = 3, p_FDR = 0.938)
   boundary CA1-V1    high_gamma  within − across = -0.0325, 95% CI [-0.4090, +0.3440] (N = 3, p_FDR = 1.000)
   boundary CA1-V1    total       within − across = -0.1294, 95% CI [-0.3998, +0.1410] (N = 3, p_FDR = 0.625)
   theta       within − across = -0.0712, 95% CI [-0.1895, +0.0470] (N = 5 mice, UNDERPOWERED: n = 5, floor 0.062)
   beta        within − across = +0.0170, 95% CI [-0.0930, +0.1270] (N = 5 mice, UNDERPOWERED: n = 5, floor 0.062)
Control 1:
   boundary DLS-DMS   theta       within − across = -0.0045, 95% CI [-0.0824, +0.0735] (N = 5, p_FDR = 0.938)
   boundary DLS-DMS   beta        within − across = +0.0048, 95% CI [-0.0673, +0.0769] (N = 5, p_FDR = 0.938)
   boundary DLS-DMS   low_gamma   within − across = +0.0101, 95% CI [-0.0829, +0.1031] (N = 5, p_FDR = 0.938)
   boundary DLS-DMS   high_gamma  within − across = +0.0027, 95% CI [-0.0200, +0.0255] (N = 5, p_FDR = 0.938)
   boundary DLS-DMS   total       within − across = -0.0221, 95% CI [-0.0984, +0.0543] (N = 5, p_FDR = 0.938)
   boundary CA1-DG    theta       within − across = -0.1078, 95% CI [-0.1868, -0.0288] (N = 3, p_FDR = 0.625)
   boundary CA1-DG    beta        within − across = +0.0185, 95% CI [-0.4684, +0.5054] (N = 3, p_FDR = 1.000)
   boundary CA1-DG    low_gamma   within − across = +0.0880, 95% CI [-0.6278, +0.8039] (N = 3, p_FDR = 0.938)
   boundary CA1-DG    high_gamma  within − across = +0.0121, 95% CI [-0.3518, +0.3760] (N = 3, p_FDR = 0.938)
   boundary CA1-DG    total       within − across = -0.0745, 95% CI [-0.3819, +0.2329] (N = 3, p_FDR = 0.625)
   boundary CA1-V1    theta       within − across = -0.1093, 95% CI [-0.4235, +0.2050] (N = 3, p_FDR = 0.625)
   boundary CA1-V1    beta        within − across = -0.0920, 95% CI [-0.3943, +0.2104] (N = 3, p_FDR = 0.833)
   boundary CA1-V1    low_gamma   within − across = -0.0749, 95% CI [-0.4229, +0.2730] (N = 3, p_FDR = 0.938)
   boundary CA1-V1    high_gamma  within − across = -0.0325, 95% CI [-0.4090, +0.3440] (N = 3, p_FDR = 1.000)
   boundary CA1-V1    total       within − across = -0.1294, 95% CI [-0.3998, +0.1410] (N = 3, p_FDR = 0.625)
   theta       within − across = -0.0712, 95% CI [-0.1895, +0.0470] (N = 5 mice, UNDERPOWERED: n = 5, floor 0.062)
   beta        within − across = +0.0170, 95% CI [-0.0930, +0.1270] (N = 5 mice, UNDERPOWERED: n = 5, floor 0.062)
   low_gamma   within − across = +0.0420, 95% CI [-0.0915, +0.1754] (N = 5 mice, UNDERPOWERED: n = 5, floor 0.062)
Control 1:
   boundary DLS-DMS   theta       within − across = -0.0045, 95% CI [-0.0824, +0.0735] (N = 5, p_FDR = 0.938)
   boundary DLS-DMS   beta        within − across = +0.0048, 95% CI [-0.0673, +0.0769] (N = 5, p_FDR = 0.938)
   boundary DLS-DMS   low_gamma   within − across = +0.0101, 95% CI [-0.0829, +0.1031] (N = 5, p_FDR = 0.938)
   boundary DLS-DMS   high_gamma  within − across = +0.0027, 95% CI [-0.0200, +0.0255] (N = 5, p_FDR = 0.938)
   boundary DLS-DMS   total       within − across = -0.0221, 95% CI [-0.0984, +0.0543] (N = 5, p_FDR = 0.938)
   boundary CA1-DG    theta       within − across = -0.1078, 95% CI [-0.1868, -0.0288] (N = 3, p_FDR = 0.625)
   boundary CA1-DG    beta        within − across = +0.0185, 95% CI [-0.4684, +0.5054] (N = 3, p_FDR = 1.000)
   boundary CA1-DG    low_gamma   within − across = +0.0880, 95% CI [-0.6278, +0.8039] (N = 3, p_FDR = 0.938)
   boundary CA1-DG    high_gamma  within − across = +0.0121, 95% CI [-0.3518, +0.3760] (N = 3, p_FDR = 0.938)
   boundary CA1-DG    total       within − across = -0.0745, 95% CI [-0.3819, +0.2329] (N = 3, p_FDR = 0.625)
   boundary CA1-V1    theta       within − across = -0.1093, 95% CI [-0.4235, +0.2050] (N = 3, p_FDR = 0.625)
   boundary CA1-V1    beta        within − across = -0.0920, 95% CI [-0.3943, +0.2104] (N = 3, p_FDR = 0.833)
   boundary CA1-V1    low_gamma   within − across = -0.0749, 95% CI [-0.4229, +0.2730] (N = 3, p_FDR = 0.938)
   boundary CA1-V1    high_gamma  within − across = -0.0325, 95% CI [-0.4090, +0.3440] (N = 3, p_FDR = 1.000)
   boundary CA1-V1    total       within − across = -0.1294, 95% CI [-0.3998, +0.1410] (N = 3, p_FDR = 0.625)
   theta       within − across = -0.0712, 95% CI [-0.1895, +0.0470] (N = 5 mice, UNDERPOWERED: n = 5, floor 0.062)
   beta        within − across = +0.0170, 95% CI [-0.0930, +0.1270] (N = 5 mice, UNDERPOWERED: n = 5, floor 0.062)
   low_gamma   within − across = +0.0420, 95% CI [-0.0915, +0.1754] (N = 5 mice, UNDERPOWERED: n = 5, floor 0.062)
   high_gamma  within − across = +0.0308, 95% CI [-0.0729, +0.1346] (N = 5 mice, UNDERPOWERED: n = 5, floor 0.062)
Control 1:
   boundary DLS-DMS   theta       within − across = -0.0045, 95% CI [-0.0824, +0.0735] (N = 5, p_FDR = 0.938)
   boundary DLS-DMS   beta        within − across = +0.0048, 95% CI [-0.0673, +0.0769] (N = 5, p_FDR = 0.938)
   boundary DLS-DMS   low_gamma   within − across = +0.0101, 95% CI [-0.0829, +0.1031] (N = 5, p_FDR = 0.938)
   boundary DLS-DMS   high_gamma  within − across = +0.0027, 95% CI [-0.0200, +0.0255] (N = 5, p_FDR = 0.938)
   boundary DLS-DMS   total       within − across = -0.0221, 95% CI [-0.0984, +0.0543] (N = 5, p_FDR = 0.938)
   boundary CA1-DG    theta       within − across = -0.1078, 95% CI [-0.1868, -0.0288] (N = 3, p_FDR = 0.625)
   boundary CA1-DG    beta        within − across = +0.0185, 95% CI [-0.4684, +0.5054] (N = 3, p_FDR = 1.000)
   boundary CA1-DG    low_gamma   within − across = +0.0880, 95% CI [-0.6278, +0.8039] (N = 3, p_FDR = 0.938)
   boundary CA1-DG    high_gamma  within − across = +0.0121, 95% CI [-0.3518, +0.3760] (N = 3, p_FDR = 0.938)
   boundary CA1-DG    total       within − across = -0.0745, 95% CI [-0.3819, +0.2329] (N = 3, p_FDR = 0.625)
   boundary CA1-V1    theta       within − across = -0.1093, 95% CI [-0.4235, +0.2050] (N = 3, p_FDR = 0.625)
   boundary CA1-V1    beta        within − across = -0.0920, 95% CI [-0.3943, +0.2104] (N = 3, p_FDR = 0.833)
   boundary CA1-V1    low_gamma   within − across = -0.0749, 95% CI [-0.4229, +0.2730] (N = 3, p_FDR = 0.938)
   boundary CA1-V1    high_gamma  within − across = -0.0325, 95% CI [-0.4090, +0.3440] (N = 3, p_FDR = 1.000)
   boundary CA1-V1    total       within − across = -0.1294, 95% CI [-0.3998, +0.1410] (N = 3, p_FDR = 0.625)
   theta       within − across = -0.0712, 95% CI [-0.1895, +0.0470] (N = 5 mice, UNDERPOWERED: n = 5, floor 0.062)
   beta        within − across = +0.0170, 95% CI [-0.0930, +0.1270] (N = 5 mice, UNDERPOWERED: n = 5, floor 0.062)
   low_gamma   within − across = +0.0420, 95% CI [-0.0915, +0.1754] (N = 5 mice, UNDERPOWERED: n = 5, floor 0.062)
   high_gamma  within − across = +0.0308, 95% CI [-0.0729, +0.1346] (N = 5 mice, UNDERPOWERED: n = 5, floor 0.062)
   total       within − across = -0.0290, 95% CI [-0.1219, +0.0640] (N = 5 mice, UNDERPOWERED: n = 5, floor 0.062)
run:print:4: bad option: - 
=== /opt/anaconda3/bin/python scripts/plot_lfp_psi.py @ 09:15:48 ===
[plot] lfp_psi_direction.svg + .png
  ACC->DLS  theta       monopolar  Task      z =  +0.39 ± 2.53 (N = 12 mice, p_FDR = 0.960)
  ACC->DLS  theta       monopolar  Control 1 z =  +6.96 ± 3.76 (N = 4 mice, UNDERPOWERED (n = 4, floor 0.125))
  ACC->DLS  theta       bipolar    Task      z =  +3.78 ± 2.11 (N = 12 mice, p_FDR = 0.340)
  ACC->DLS  theta       bipolar    Control 1 z =  +0.76 ± 1.12 (N = 4 mice, UNDERPOWERED (n = 4, floor 0.125))
  ACC->DLS  beta        monopolar  Task      z =  -0.88 ± 1.17 (N = 12 mice, p_FDR = 0.857)
  ACC->DLS  beta        monopolar  Control 1 z =  -1.48 ± 3.46 (N = 4 mice, UNDERPOWERED (n = 4, floor 0.125))
  ACC->DLS  beta        bipolar    Task      z =  +5.72 ± 5.59 (N = 12 mice, p_FDR = 0.802)
  ACC->DLS  beta        bipolar    Control 1 z =  +0.44 ± 0.27 (N = 4 mice, UNDERPOWERED (n = 4, floor 0.125))
  ACC->DLS  low_gamma   monopolar  Task      z =  -2.12 ± 1.34 (N = 12 mice, p_FDR = 0.750)
  ACC->DLS  low_gamma   monopolar  Control 1 z =  +1.47 ± 1.28 (N = 4 mice, UNDERPOWERED (n = 4, floor 0.125))
  ACC->DLS  low_gamma   bipolar    Task      z =  +2.45 ± 2.19 (N = 12 mice, p_FDR = 0.802)
  ACC->DLS  low_gamma   bipolar    Control 1 z =  +0.24 ± 0.36 (N = 4 mice, UNDERPOWERED (n = 4, floor 0.125))
  ACC->DLS  high_gamma  monopolar  Task      z =  -0.31 ± 0.62 (N = 12 mice, p_FDR = 0.857)
  ACC->DLS  high_gamma  monopolar  Control 1 z =  -1.13 ± 1.08 (N = 4 mice, UNDERPOWERED (n = 4, floor 0.125))
  ACC->DLS  high_gamma  bipolar    Task      z =  +0.58 ± 0.29 (N = 12 mice, p_FDR = 0.582)
  ACC->DLS  high_gamma  bipolar    Control 1 z =  +0.11 ± 0.49 (N = 4 mice, UNDERPOWERED (n = 4, floor 0.125))
  ACC->DMS  theta       monopolar  Task      z =  +0.70 ± 1.50 (N = 15 mice, p_FDR = 0.857)
  ACC->DMS  theta       monopolar  Control 1 z =  +5.24 ± 2.72 (N = 4 mice, UNDERPOWERED (n = 4, floor 0.125))
  ACC->DMS  theta       bipolar    Task      z =  +0.86 ± 2.07 (N = 15 mice, p_FDR = 1.000)
  ACC->DMS  theta       bipolar    Control 1 z =  -3.57 ± 2.63 (N = 4 mice, UNDERPOWERED (n = 4, floor 0.125))
  ACC->DMS  beta        monopolar  Task      z =  -0.14 ± 1.74 (N = 15 mice, p_FDR = 0.975)
  ACC->DMS  beta        monopolar  Control 1 z =  -0.04 ± 2.00 (N = 4 mice, UNDERPOWERED (n = 4, floor 0.125))
  ACC->DMS  beta        bipolar    Task      z =  +3.41 ± 3.20 (N = 15 mice, p_FDR = 0.802)
  ACC->DMS  beta        bipolar    Control 1 z =  -0.22 ± 1.31 (N = 4 mice, UNDERPOWERED (n = 4, floor 0.125))
  ACC->DMS  low_gamma   monopolar  Task      z =  -1.06 ± 0.77 (N = 15 mice, p_FDR = 0.750)
  ACC->DMS  low_gamma   monopolar  Control 1 z =  +4.47 ± 1.40 (N = 4 mice, UNDERPOWERED (n = 4, floor 0.125))
  ACC->DMS  low_gamma   bipolar    Task      z =  +0.73 ± 0.73 (N = 15 mice, p_FDR = 0.992)
  ACC->DMS  low_gamma   bipolar    Control 1 z =  +0.50 ± 0.36 (N = 4 mice, UNDERPOWERED (n = 4, floor 0.125))
  ACC->DMS  high_gamma  monopolar  Task      z =  -0.32 ± 0.54 (N = 15 mice, p_FDR = 0.857)
  ACC->DMS  high_gamma  monopolar  Control 1 z =  -1.79 ± 0.90 (N = 4 mice, UNDERPOWERED (n = 4, floor 0.125))
  ACC->DMS  high_gamma  bipolar    Task      z =  +0.03 ± 0.36 (N = 15 mice, p_FDR = 1.000)
  ACC->DMS  high_gamma  bipolar    Control 1 z =  -0.83 ± 0.43 (N = 4 mice, UNDERPOWERED (n = 4, floor 0.125))
  CA1->DG   theta       monopolar  Task      z =  -6.56 ± 3.47 (N = 3 mice, UNDERPOWERED (n = 3, floor 0.250))
  CA1->DG   theta       bipolar    Task      z =  +0.88 ± 3.41 (N = 3 mice, UNDERPOWERED (n = 3, floor 0.250))
  CA1->DG   theta       bipolar    Control 1 z =  +5.97 ± 1.62 (N = 3 mice, UNDERPOWERED (n = 3, floor 0.250))
  CA1->DG   beta        monopolar  Task      z =  -4.91 ± 4.58 (N = 3 mice, UNDERPOWERED (n = 3, floor 0.250))
  CA1->DG   beta        bipolar    Task      z =  -4.97 ± 1.99 (N = 3 mice, UNDERPOWERED (n = 3, floor 0.250))
  CA1->DG   beta        bipolar    Control 1 z =  -7.79 ± 5.30 (N = 3 mice, UNDERPOWERED (n = 3, floor 0.250))
  CA1->DG   low_gamma   monopolar  Task      z =  -9.44 ± 4.73 (N = 3 mice, UNDERPOWERED (n = 3, floor 0.250))
  CA1->DG   low_gamma   bipolar    Task      z = -19.26 ± 9.59 (N = 3 mice, UNDERPOWERED (n = 3, floor 0.250))
  CA1->DG   low_gamma   bipolar    Control 1 z =  -8.62 ± 4.83 (N = 3 mice, UNDERPOWERED (n = 3, floor 0.250))
  CA1->DG   high_gamma  monopolar  Task      z =  +1.80 ± 4.63 (N = 3 mice, UNDERPOWERED (n = 3, floor 0.250))
  CA1->DG   high_gamma  bipolar    Task      z =  -5.16 ± 8.37 (N = 3 mice, UNDERPOWERED (n = 3, floor 0.250))
  CA1->DG   high_gamma  bipolar    Control 1 z =  -1.06 ± 1.51 (N = 3 mice, UNDERPOWERED (n = 3, floor 0.250))
  CA1->V1   theta       monopolar  Task      z =  -5.71 ± 7.12 (N = 3 mice, UNDERPOWERED (n = 3, floor 0.250))
  CA1->V1   theta       bipolar    Task      z =  +2.65 ± 4.56 (N = 3 mice, UNDERPOWERED (n = 3, floor 0.250))
  CA1->V1   theta       bipolar    Control 1 z =  +9.01 ± 9.25 (N = 3 mice, UNDERPOWERED (n = 3, floor 0.250))
  CA1->V1   beta        monopolar  Task      z =  -8.54 ± 1.77 (N = 3 mice, UNDERPOWERED (n = 3, floor 0.250))
  CA1->V1   beta        bipolar    Task      z =  +4.93 ± 3.61 (N = 3 mice, UNDERPOWERED (n = 3, floor 0.250))
  CA1->V1   beta        bipolar    Control 1 z =  +1.27 ± 0.18 (N = 3 mice, UNDERPOWERED (n = 3, floor 0.250))
  CA1->V1   low_gamma   monopolar  Task      z =  -4.13 ± 4.53 (N = 3 mice, UNDERPOWERED (n = 3, floor 0.250))
  CA1->V1   low_gamma   bipolar    Task      z =  -0.85 ± 4.23 (N = 3 mice, UNDERPOWERED (n = 3, floor 0.250))
  CA1->V1   low_gamma   bipolar    Control 1 z =  +0.88 ± 1.78 (N = 3 mice, UNDERPOWERED (n = 3, floor 0.250))
  CA1->V1   high_gamma  monopolar  Task      z =  +1.21 ± 3.97 (N = 3 mice, UNDERPOWERED (n = 3, floor 0.250))
  CA1->V1   high_gamma  bipolar    Task      z =  -2.84 ± 5.89 (N = 3 mice, UNDERPOWERED (n = 3, floor 0.250))
  CA1->V1   high_gamma  bipolar    Control 1 z =  +0.35 ± 1.76 (N = 3 mice, UNDERPOWERED (n = 3, floor 0.250))
  DG->V1   theta       monopolar  Task      z = -12.82 ± 4.93 (N = 3 mice, UNDERPOWERED (n = 3, floor 0.250))
  DG->V1   theta       bipolar    Task      z =  -0.39 ± 2.96 (N = 3 mice, UNDERPOWERED (n = 3, floor 0.250))
  DG->V1   theta       bipolar    Control 1 z =  -0.94 ± 2.55 (N = 3 mice, UNDERPOWERED (n = 3, floor 0.250))
  DG->V1   beta        monopolar  Task      z =  -0.28 ± 0.75 (N = 3 mice, UNDERPOWERED (n = 3, floor 0.250))
  DG->V1   beta        bipolar    Task      z =  +4.34 ± 5.36 (N = 3 mice, UNDERPOWERED (n = 3, floor 0.250))
  DG->V1   beta        bipolar    Control 1 z =  +1.23 ± 1.30 (N = 3 mice, UNDERPOWERED (n = 3, floor 0.250))
  DG->V1   low_gamma   monopolar  Task      z =  +2.86 ± 5.28 (N = 3 mice, UNDERPOWERED (n = 3, floor 0.250))
  DG->V1   low_gamma   bipolar    Task      z =  +0.32 ± 5.25 (N = 3 mice, UNDERPOWERED (n = 3, floor 0.250))
  DG->V1   low_gamma   bipolar    Control 1 z =  +1.06 ± 1.92 (N = 3 mice, UNDERPOWERED (n = 3, floor 0.250))
  DG->V1   high_gamma  monopolar  Task      z =  -2.11 ± 3.66 (N = 3 mice, UNDERPOWERED (n = 3, floor 0.250))
  DG->V1   high_gamma  bipolar    Task      z =  -6.90 ± 7.93 (N = 3 mice, UNDERPOWERED (n = 3, floor 0.250))
  DG->V1   high_gamma  bipolar    Control 1 z =  -1.91 ± 3.05 (N = 3 mice, UNDERPOWERED (n = 3, floor 0.250))
  DLS->DMS  theta       monopolar  Task      z =  +3.01 ± 3.29 (N = 12 mice, p_FDR = 0.857)
  DLS->DMS  theta       monopolar  Control 1 z =  -3.52 ± 3.24 (N = 5 mice, UNDERPOWERED (n = 5, floor 0.062))
  DLS->DMS  theta       bipolar    Task      z =  +0.57 ± 0.85 (N = 12 mice, p_FDR = 0.992)
  DLS->DMS  theta       bipolar    Control 1 z =  -2.39 ± 2.41 (N = 5 mice, UNDERPOWERED (n = 5, floor 0.062))
  DLS->DMS  beta        monopolar  Task      z =  +3.42 ± 0.82 (N = 12 mice, p_FDR = 0.047)
  DLS->DMS  beta        monopolar  Control 1 z =  +4.36 ± 2.16 (N = 5 mice, UNDERPOWERED (n = 5, floor 0.062))
  DLS->DMS  beta        bipolar    Task      z =  -1.52 ± 1.01 (N = 12 mice, p_FDR = 0.582)
  DLS->DMS  beta        bipolar    Control 1 z =  -0.68 ± 0.41 (N = 5 mice, UNDERPOWERED (n = 5, floor 0.062))
  DLS->DMS  low_gamma   monopolar  Task      z =  +4.60 ± 2.08 (N = 12 mice, p_FDR = 0.100)
  DLS->DMS  low_gamma   monopolar  Control 1 z =  +1.07 ± 0.83 (N = 5 mice, UNDERPOWERED (n = 5, floor 0.062))
  DLS->DMS  low_gamma   bipolar    Task      z =  -1.67 ± 1.71 (N = 12 mice, p_FDR = 0.992)
  DLS->DMS  low_gamma   bipolar    Control 1 z =  -0.39 ± 0.65 (N = 5 mice, UNDERPOWERED (n = 5, floor 0.062))
  DLS->DMS  high_gamma  monopolar  Task      z =  -0.76 ± 1.09 (N = 12 mice, p_FDR = 0.857)
  DLS->DMS  high_gamma  monopolar  Control 1 z =  -1.16 ± 0.22 (N = 5 mice, UNDERPOWERED (n = 5, floor 0.062))
  DLS->DMS  high_gamma  bipolar    Task      z =  -0.95 ± 0.72 (N = 12 mice, p_FDR = 0.802)
  DLS->DMS  high_gamma  bipolar    Control 1 z =  -0.15 ± 0.37 (N = 5 mice, UNDERPOWERED (n = 5, floor 0.062))

  monopolar vs bipolar over 268 cells: r = -0.25, sign agreement 45%
run:print:4: bad option: - 
=== /opt/anaconda3/bin/python ../infotheory/scripts/plot_lfp_mi.py @ 09:15:49 ===
[plot] lfp_mi_overview.svg + .png
run:print:4: bad option: - 
=== /opt/anaconda3/bin/python ../infotheory/scripts/plot_mi.py @ 09:15:50 ===
[plot] mi_overview.svg + .png

   Expert - Naive, per feature (task cohort, UNCORRECTED p):
   corridor_duration_ms           -0.00020 +/- 0.00035 bits (N=15 mice, p = 0.581)
   first_lick_position_au         +0.00091 +/- 0.00051 bits (N=14 mice, p = 0.018)
   lick_error_z                   +0.00014 +/- 0.00018 bits (N=12 mice, p = 0.440)
   max_velocity_cm_s              -0.00001 +/- 0.00023 bits (N=15 mice, p = 0.980)
   mean_velocity_cm_s             -0.00014 +/- 0.00033 bits (N=15 mice, p = 0.681)
   n_licks                        +0.00008 +/- 0.00022 bits (N=15 mice, p = 0.734)
   path_length_au                 -0.00043 +/- 0.00038 bits (N=15 mice, p = 0.306)
   success                        too few mice (0)
   time_to_reward_zone_ms         +0.00003 +/- 0.00020 bits (N=15 mice, p = 0.884)
   velocity_at_reward_zone_cm_s   -0.00035 +/- 0.00019 bits (N=15 mice, p = 0.085)
run:print:4: bad option: - 
=== PIPELINE COMPLETE @ 09:15:55 ===
