cohorts: task control   steps: inventory identity bandpower validate arms distance psi coupling mi contrast plots   jobs: 5   only: all
=== /opt/anaconda3/bin/python scripts/run_lfp_inventory.py --jobs 5 --cohort task @ 02:57:18 ===
[inventory] cohort=task: 21 named exports; skipped (not in this cohort's analysis list): []
[inventory] task 624/striatum  done in   52.7s  LF/HF=   339.0  slope= -1.66  adj/dist r=0.90/0.01
[inventory] task 731/striatum  done in   53.2s  LF/HF=   770.5  slope= -1.89  adj/dist r=0.95/-0.05
[inventory] task 523/striatum  done in   53.7s  LF/HF=    89.2  slope= -0.91  adj/dist r=0.87/0.00
[inventory] task 727/striatum  done in   53.8s  LF/HF=   359.1  slope= -1.69  adj/dist r=0.87/-0.04
[inventory] task 409/striatum  done in   56.8s  LF/HF=   204.4  slope= -1.34  adj/dist r=0.86/0.03
[inventory] task 614/striatum  done in   50.9s  LF/HF=    54.9  slope= -0.78  adj/dist r=0.83/0.01
[inventory] task 730/striatum  done in   51.0s  LF/HF=    71.9  slope= -0.93  adj/dist r=0.83/-0.04
[inventory] task 822/striatum  done in   51.9s  LF/HF= 21342.9  slope= -2.89  adj/dist r=0.85/-0.05
[inventory] task 703/striatum  done in   54.7s  LF/HF=    60.0  slope= -1.56  adj/dist r=0.91/0.02
[inventory] task 418/striatum  done in   54.7s  LF/HF=   357.5  slope= -1.52  adj/dist r=0.93/0.01
[inventory] task 823/striatum  done in   51.5s  LF/HF=  1145.4  slope= -1.85  adj/dist r=0.52/0.11
[inventory] task 1106/visual    done in   54.5s  LF/HF=   600.7  slope= -1.78  adj/dist r=0.94/-0.08
[inventory] task 1105/visual    done in   55.8s  LF/HF=   633.1  slope= -2.07  adj/dist r=0.96/0.01
[inventory] task 1201/visual    done in   56.0s  LF/HF=   400.6  slope= -1.34  adj/dist r=0.97/-0.15
[inventory] task 1206/visual    done in   55.5s  LF/HF=   454.2  slope= -1.46  adj/dist r=0.96/-0.04
[inventory] task 1105/striatum  done in   56.6s  LF/HF=   989.1  slope= -2.05  adj/dist r=0.94/0.06
[inventory] task 1201/striatum  done in   53.7s  LF/HF=   149.3  slope= -1.10  adj/dist r=0.91/-0.05
[inventory] task 1106/striatum  done in   54.8s  LF/HF=   161.8  slope= -1.34  adj/dist r=0.85/0.06
[inventory] task 1206/striatum  done in   53.4s  LF/HF=   712.7  slope= -1.78  adj/dist r=0.86/-0.07
[inventory] task 1212/striatum  done in   73.2s  LF/HF=   462.8  slope= -1.65  adj/dist r=0.84/0.14
[inventory] task 1212/visual    done in   73.2s  LF/HF=   506.1  slope= -1.21  adj/dist r=0.96/-0.05
[inventory] all files in 4.8 min
wrote lfp_inventory_task.csv (21 rows)
[inventory] duplicate fingerprints: none
[inventory] wrote lfp_inventory_task.csv
run:print:4: bad option: - 
=== /opt/anaconda3/bin/python scripts/run_lfp_inventory.py --jobs 5 --cohort control @ 03:02:06 ===
[inventory] cohort=control: 8 named exports; skipped (not in this cohort's analysis list): ['408_voltage_data_384ch.mat']
[inventory] cont 513/visual    done in   46.9s  LF/HF=   602.3  slope= -1.42  adj/dist r=0.99/-0.16  !! GRID MISMATCH: LFP 8400000 samples vs binned_spikes 11400000 bins
[inventory] cont 513/striatum  done in   51.4s  LF/HF=   612.2  slope= -1.84  adj/dist r=0.94/-0.07
[inventory] cont 407/striatum  done in   53.1s  LF/HF=   103.6  slope= -1.16  adj/dist r=0.78/0.01  !! GRID MISMATCH: LFP 8400000 samples vs binned_spikes 10080000 bins
[inventory] cont 515/striatum  done in   53.8s  LF/HF=   680.9  slope= -2.05  adj/dist r=0.94/-0.02
[inventory] cont 515/visual    done in   57.0s  LF/HF=   495.2  slope= -1.62  adj/dist r=0.99/-0.17  !! GRID MISMATCH: LFP 8400000 samples vs binned_spikes 11400000 bins
[inventory] cont 817/striatum  done in   53.3s  LF/HF=   244.5  slope= -1.48  adj/dist r=0.87/0.03
[inventory] cont 1205/striatum  done in   51.9s  LF/HF=   153.5  slope= -1.35  adj/dist r=0.86/-0.04
[inventory] cont 817/visual    done in   54.7s  LF/HF=   449.5  slope= -1.38  adj/dist r=0.99/-0.02  !! GRID MISMATCH: LFP 8400000 samples vs binned_spikes 11400000 bins
[inventory] all files in 1.8 min
wrote lfp_inventory_control.csv (8 rows)
[inventory] duplicate fingerprints: none
[inventory] wrote lfp_inventory_control.csv
run:print:4: bad option: - 
=== /opt/anaconda3/bin/python scripts/run_lfp_identity.py --jobs 5 --cohort task @ 03:03:54 ===
[env] 624/striatum  t=1200s (6000, 96)   8.6s
[env] 409/striatum  t=1200s (6000, 96)   8.8s
[env] 523/striatum  t=4800s (6000, 96)   8.8s
[env] 703/striatum  t=3000s (6000, 96)   8.9s
[env] 418/striatum  t=3000s (6000, 96)   8.9s
[env] 624/striatum  t=3000s (6000, 96)   8.0s
[env] 614/striatum  t=1200s (6000, 96)   7.9s
[env] 409/striatum  t=3000s (6000, 96)   8.0s
[env] 703/striatum  t=4800s (6000, 96)   8.1s
[env] 418/striatum  t=4800s (6000, 96)   8.2s
[env] 624/striatum  t=4800s (6000, 96)   7.9s
[env] 614/striatum  t=3000s (6000, 96)   7.9s
[env] 409/striatum  t=4800s (6000, 96)   8.0s
[env] 727/striatum  t=1200s (6000, 96)   7.9s
[env] 523/striatum  t=1200s (6000, 96)   8.0s
[env] 703/striatum  t=1200s (6000, 96)   8.0s
[env] 614/striatum  t=4800s (6000, 96)   7.9s
[env] 418/striatum  t=1200s (6000, 96)   8.0s
[env] 727/striatum  t=3000s (6000, 96)   7.9s
[env] 523/striatum  t=3000s (6000, 96)   8.0s
[env] 731/striatum  t=1200s (6000, 96)   7.8s
[env] 727/striatum  t=4800s (6000, 96)   7.9s
[env] 822/striatum  t=3000s (6000, 96)   7.9s
[env] 823/striatum  t=4800s (6000, 96)   7.9s
[env] 1105/visual    t=1200s (6000, 96)   8.0s
[env] 730/striatum  t=1200s (6000, 96)   7.9s
[env] 731/striatum  t=3000s (6000, 96)   7.9s
[env] 822/striatum  t=4800s (6000, 96)   7.9s
[env] 1105/striatum  t=1200s (6000, 96)   8.0s
[env] 1105/visual    t=3000s (6000, 96)   8.1s
[env] 730/striatum  t=3000s (6000, 96)   7.9s
[env] 731/striatum  t=4800s (6000, 96)   7.9s
[env] 823/striatum  t=1200s (6000, 96)   7.8s
[env] 1105/striatum  t=3000s (6000, 96)   8.1s
[env] 1105/visual    t=4800s (6000, 96)   8.2s
[env] 730/striatum  t=4800s (6000, 96)   7.2s
[env] 822/striatum  t=1200s (6000, 96)   7.5s
[env] 823/striatum  t=3000s (6000, 96)   7.5s
[env] 1105/striatum  t=4800s (6000, 96)   7.6s
[env] 1106/striatum  t=1200s (6000, 96)   7.5s
[env] 1106/striatum  t=3000s (6000, 96)   7.3s
[env] 1106/visual    t=4800s (6000, 96)   7.5s
[env] 1201/visual    t=1200s (6000, 96)   7.7s
[env] 1206/striatum  t=3000s (6000, 96)   7.3s
[env] 1206/visual    t=4800s (6000, 96)   7.4s
[env] 1106/striatum  t=4800s (6000, 96)   7.3s
[env] 1201/striatum  t=1200s (6000, 96)   7.4s
[env] 1206/striatum  t=4800s (6000, 96)   7.3s
[env] 1201/visual    t=3000s (6000, 96)   7.6s
[env] 1212/striatum  t=1200s (6000, 96)   7.5s
[env] 1106/visual    t=1200s (6000, 96)   7.4s
[env] 1201/striatum  t=3000s (6000, 96)   7.4s
[env] 1206/visual    t=1200s (6000, 96)   7.5s
[env] 1201/visual    t=4800s (6000, 96)   7.6s
[env] 1212/striatum  t=3000s (6000, 96)   7.4s
[env] 1106/visual    t=3000s (6000, 96)   7.4s
[env] 1201/striatum  t=4800s (6000, 96)   7.4s
[env] 1206/visual    t=3000s (6000, 96)   7.4s
[env] 1206/striatum  t=1200s (6000, 96)   7.5s
[env] 1212/striatum  t=4800s (6000, 96)   7.4s
[env] 1212/visual    t=1200s (6000, 96)   7.5s
[env] 1212/visual    t=3000s (6000, 96)   7.4s
[env] 1212/visual    t=4800s (6000, 96)   7.3s
[mua] 731/striatum  ok       0.2s
[mua] 731/striatum  ok       0.2s
[mua] 822/striatum  ok       0.4s
[mua] 624/striatum  ok       0.7s
[mua] 822/striatum  ok       0.3s
[mua] 523/striatum  ok       1.0s
[mua] 822/striatum  ok       0.3s
[mua] 614/striatum  ok       1.7s
[mua] 823/striatum  ok       0.4s
[mua] 727/striatum  ok       1.0s
[mua] 523/striatum  ok       1.0s
[mua] 823/striatum  ok       0.4s
[mua] 730/striatum  ok       2.2s
[mua] 823/striatum  ok       0.3s
[mua] 727/striatum  ok       0.9s
[mua] 1105/striatum  ok       0.3s
[mua] 523/striatum  ok       1.0s
[mua] 1105/striatum  ok       0.3s
[mua] 614/striatum  ok       1.6s
[mua] 1105/striatum  ok       0.3s
[mua] 727/striatum  ok       0.9s
[mua] 1106/striatum  ok       0.3s
[mua] 1106/striatum  ok       0.3s
[mua] 624/striatum  ok       0.7s
[mua] 1106/striatum  ok       0.3s
[mua] 730/striatum  ok       2.0s
[mua] 1201/striatum  ok       0.6s
[mua] 614/striatum  ok       1.6s
[mua] 624/striatum  ok       0.7s
[mua] 1201/striatum  ok       0.6s
[mua] 1212/striatum  ok       0.2s
[mua] 1206/striatum  ok       0.6s
[mua] 1212/striatum  ok       0.2s
[mua] 1212/striatum  ok       0.2s
[mua] 1201/striatum  ok       0.6s
[mua] 409/striatum  ok       0.8s
[mua] 1206/striatum  ok       0.6s
[mua] 418/striatum  ok       0.3s
[mua] 409/striatum  ok       0.7s
[mua] 1206/striatum  ok       0.6s
[mua] 409/striatum  ok       0.8s
[mua] 1105/visual    ok       0.2s
[mua] 730/striatum  ok       2.0s
[mua] 703/striatum  ok       0.7s
[mua] 731/striatum  ok       0.2s
[mua] 1105/visual    ok       0.2s
[mua] 1106/visual    ok       0.4s
[mua] 418/striatum  ok       0.3s
[mua] 1105/visual    ok       0.2s
[mua] 418/striatum  ok       0.3s
[mua] 1106/visual    ok       0.4s
[mua] 1201/visual    ok       0.5s
[mua] 1106/visual    ok       0.4s
[mua] 703/striatum  ok       0.7s
[mua] 1212/striatum  ok       0.2s
[mua] 1212/visual    ok       0.3s
[mua] 1212/striatum  ok       0.2s
[mua] 1201/visual    ok       0.5s
[mua] 1212/visual    ok       0.3s
[mua] 1212/visual    ok       0.3s
[mua] 703/striatum  ok       0.7s
[mua] 1212/visual    ok       0.3s
[mua] 1201/visual    ok       0.5s
[mua] 1206/visual    ok       1.0s
[mua] 1212/visual    ok       0.3s
[mua] 1212/striatum  ok       0.2s
[mua] 1212/visual    ok       0.3s
[mua] 1206/visual    ok       1.0s
[mua] 1206/visual    ok       1.0s
[identity] features in 2.1 min
[identity] 409/striatum  CONFIRMED      t=1200s own= 4.00x (best 409  4.00x)  t=3000s own=11.61x (best 409 11.61x)  t=4800s own= 8.99x (best 409  8.99x)
[identity] 418/striatum  CONFIRMED      t=1200s own= 3.38x (best 418  3.38x)  t=3000s own=14.55x (best 418 14.55x)  t=4800s own= 8.44x (best 418  8.44x)
[identity] 523/striatum  CONFIRMED      t=1200s own= 3.26x (best 523  3.26x)  t=3000s own= 3.43x (best 523  3.43x)  t=4800s own= 2.53x (best 523  2.53x)
[identity] 614/striatum  CONFIRMED      t=1200s own= 2.44x (best 614  2.44x)  t=3000s own= 4.91x (best 614  4.91x)  t=4800s own= 4.59x (best 614  4.59x)
[identity] 624/striatum  CONFIRMED      t=1200s own=12.42x (best 624 12.42x)  t=3000s own=16.99x (best 624 16.99x)  t=4800s own=18.23x (best 624 18.23x)
[identity] 703/striatum  CONFIRMED      t=1200s own=22.99x (best 703 22.99x)  t=3000s own=19.63x (best 703 19.63x)  t=4800s own=15.56x (best 703 15.56x)
[identity] 727/striatum  CONFIRMED      t=1200s own= 5.15x (best 727  5.15x)  t=3000s own= 5.51x (best 727  5.51x)  t=4800s own= 7.70x (best 727  7.70x)
[identity] 730/striatum  CONFIRMED      t=1200s own= 1.83x (best 730  1.83x)  t=3000s own= 1.36x (best 730  1.36x)  t=4800s own= 1.76x (best 730  1.76x)
[identity] 731/striatum  CONFIRMED      t=1200s own=18.97x (best 731 18.97x)  t=3000s own=41.58x (best 731 41.58x)  t=4800s own=19.39x (best 731 19.39x)
[identity] 822/striatum  CONFIRMED      t=1200s own=19.59x (best 822 19.59x)  t=3000s own=18.61x (best 822 18.61x)  t=4800s own=11.88x (best 822 11.88x)
[identity] 823/striatum  MAJORITY(2/3)  t=1200s own= 5.20x (best 823  5.20x)  t=3000s own= 3.50x (best 823  3.50x)  t=4800s own= 5.52x (best 1106  5.96x)
[identity] 1105/striatum  CONFIRMED      t=1200s own= 3.06x (best 1105  3.06x)  t=3000s own=13.36x (best 1105 13.36x)  t=4800s own=15.65x (best 1105 15.65x)
[identity] 1105/visual    CONFIRMED      t=1200s own= 5.85x (best 1105  5.85x)  t=3000s own=16.73x (best 1105 16.73x)  t=4800s own=14.06x (best 1105 14.06x)
[identity] 1106/striatum  CONFIRMED      t=1200s own= 5.05x (best 1106  5.05x)  t=3000s own= 7.80x (best 1106  7.80x)  t=4800s own=12.92x (best 1106 12.92x)
[identity] 1106/visual    CONFIRMED      t=1200s own= 5.67x (best 1106  5.67x)  t=3000s own= 8.60x (best 1106  8.60x)  t=4800s own=12.38x (best 1106 12.38x)
[identity] 1201/striatum  CONFIRMED      t=1200s own= 4.90x (best 1201  4.90x)  t=3000s own= 3.89x (best 1201  3.89x)  t=4800s own= 4.62x (best 1201  4.62x)
[identity] 1201/visual    CONFIRMED      t=1200s own= 2.84x (best 1201  2.84x)  t=3000s own= 2.60x (best 1201  2.60x)  t=4800s own= 4.07x (best 1201  4.07x)
[identity] 1206/striatum  CONFIRMED      t=1200s own=18.32x (best 1206 18.32x)  t=3000s own=11.91x (best 1206 11.91x)  t=4800s own=15.73x (best 1206 15.73x)
[identity] 1206/visual    CONFIRMED      t=1200s own=24.54x (best 1206 24.54x)  t=3000s own=13.07x (best 1206 13.07x)  t=4800s own=16.77x (best 1206 16.77x)
[identity] 1212/striatum  CONFIRMED      t=1200s own=17.90x (best 1212 17.90x)  t=3000s own=15.42x (best 1212 15.42x)  t=4800s own=13.92x (best 1212 13.92x)
           offset scan (raw |r| vs own MUA): +0s=0.2349, +600s=0.0126, +1500s=0.0165, +3000s=0.0103
[identity] 1212/visual    CONFIRMED      t=1200s own=12.48x (best 1212 12.48x)  t=3000s own=13.82x (best 1212 13.82x)  t=4800s own=10.24x (best 1212 10.24x)
           offset scan (raw |r| vs own MUA): +0s=0.1637, +600s=0.0217, +1500s=0.0183, +3000s=0.0138
wrote lfp_identity_matrix_task.csv (843 rows)
[identity] 20/21 filenames confirmed in every window; not fully confirmed: [(823, 'striatum', 'MAJORITY(2/3)')]
run:print:4: bad option: - 
=== /opt/anaconda3/bin/python scripts/run_lfp_identity.py --jobs 5 --cohort control @ 03:06:03 ===
[env] 513/striatum  t=3000s (6000, 96)   8.5s
[env] 407/striatum  t=4800s (6000, 96)   9.5s
[env] 407/striatum  t=1200s (6000, 96)   9.7s
[env] 513/visual    t=1200s (6000, 96)   9.9s
[env] 513/visual    t=4800s (6000, 96)  10.1s
[env] 513/striatum  t=4800s (6000, 96)   8.3s
[env] 407/striatum  t=3000s (6000, 96)   8.0s
[env] 513/striatum  t=1200s (6000, 96)   8.3s
[env] 513/visual    t=3000s (6000, 96)   8.2s
[env] 515/striatum  t=1200s (6000, 96)   8.1s
[env] 515/striatum  t=3000s (6000, 96)   7.8s
[env] 817/striatum  t=3000s (6000, 96)   7.9s
[env] 817/visual    t=1200s (6000, 96)   8.2s
[env] 515/visual    t=4800s (6000, 96)   8.9s
[env] 515/visual    t=1200s (6000, 96)   9.1s
[env] 515/striatum  t=4800s (6000, 96)   7.9s
[env] 817/visual    t=3000s (6000, 96)   8.2s
[env] 817/striatum  t=4800s (6000, 96)   8.6s
[env] 515/visual    t=3000s (6000, 96)   8.3s
[env] 817/striatum  t=1200s (6000, 96)   8.5s
[env] 817/visual    t=4800s (6000, 96)   7.9s
[env] 1205/striatum  t=3000s (6000, 96)   7.9s
[env] 1205/striatum  t=1200s (6000, 96)   7.8s
[env] 1205/striatum  t=4800s (6000, 96)   8.0s
[mua] 407/striatum  ok       0.6s
[mua] 407/striatum  ok       0.6s
[mua] 515/striatum  ok       0.7s
[mua] 515/striatum  ok       0.7s
[mua] 817/striatum  ok       0.2s
[mua] 817/striatum  ok       0.2s
[mua] 407/striatum  ok       0.6s
[mua] 513/striatum  ok       1.2s
[mua] 817/striatum  ok       0.2s
[mua] 515/striatum  ok       0.7s
[mua] 513/striatum  ok       1.2s
[mua] 513/visual    ok       0.8s
[mua] 513/striatum  ok       1.1s
[mua] 1205/striatum  ok       1.2s
[mua] 1205/striatum  ok       1.2s
[mua] 515/visual    ok       0.7s
[mua] 515/visual    ok       0.7s
[mua] 513/visual    ok       0.8s
[mua] 515/visual    ok       0.7s
[mua] 513/visual    ok       0.8s
[mua] 1205/striatum  ok       1.1s
[mua] 407/striatum  ok       0.6s
[mua] 817/visual    ok       0.8s
[mua] 407/striatum  ok       0.6s
[mua] 817/visual    ok       0.8s
[mua] 513/visual    ok       0.8s
[mua] 407/striatum  ok       0.6s
[mua] 515/visual    ok       0.7s
[mua] 817/visual    ok       0.8s
[mua] 513/visual    ok       0.8s
[mua] 515/visual    ok       0.7s
[mua] 513/visual    ok       0.8s
[mua] 515/visual    ok       0.7s
[mua] 817/visual    ok       0.8s
[mua] 817/visual    ok       0.8s
[mua] 817/visual    ok       0.8s
[identity] features in 1.0 min
[identity] 407/striatum  CONFIRMED      t=1200s own= 7.17x (best 407  7.17x)  t=3000s own= 9.96x (best 407  9.96x)  t=4800s own= 3.47x (best 407  3.47x)
           offset scan (raw |r| vs own MUA): +0s=0.2010, +600s=0.0290, +1500s=0.0442, +3000s=0.0250
[identity] 513/striatum  CONFIRMED      t=1200s own=13.57x (best 513 13.57x)  t=3000s own=17.86x (best 513 17.86x)  t=4800s own= 4.17x (best 513  4.17x)
[identity] 513/visual    CONFIRMED      t=1200s own= 7.25x (best 513  7.25x)  t=3000s own=10.31x (best 513 10.31x)  t=4800s own= 2.37x (best 513  2.37x)
           offset scan (raw |r| vs own MUA): +0s=0.1328, +600s=0.0126, +1500s=0.0093, +3000s=0.0235
[identity] 515/striatum  CONFIRMED      t=1200s own= 5.14x (best 515  5.14x)  t=3000s own=21.23x (best 515 21.23x)  t=4800s own= 5.04x (best 515  5.04x)
[identity] 515/visual    CONFIRMED      t=1200s own= 9.78x (best 515  9.78x)  t=3000s own=14.55x (best 515 14.55x)  t=4800s own= 5.64x (best 515  5.64x)
           offset scan (raw |r| vs own MUA): +0s=0.1120, +600s=0.0043, +1500s=0.0129, +3000s=0.0129
[identity] 817/striatum  MAJORITY(2/3)  t=1200s own= 0.95x (best 515  1.05x)  t=3000s own= 1.14x (best 817  1.14x)  t=4800s own= 2.79x (best 817  2.79x)
[identity] 817/visual    CONFIRMED      t=1200s own= 3.56x (best 817  3.56x)  t=3000s own= 4.01x (best 817  4.01x)  t=4800s own= 2.89x (best 817  2.89x)
           offset scan (raw |r| vs own MUA): +0s=0.0546, +600s=0.0167, +1500s=0.0164, +3000s=0.0199
[identity] 1205/striatum  CONFIRMED      t=1200s own= 3.15x (best 1205  3.15x)  t=3000s own= 5.92x (best 1205  5.92x)  t=4800s own= 6.67x (best 1205  6.67x)
wrote lfp_identity_matrix_control.csv (102 rows)
[identity] 7/8 filenames confirmed in every window; not fully confirmed: [(817, 'striatum', 'MAJORITY(2/3)')]
run:print:4: bad option: - 
=== /opt/anaconda3/bin/python scripts/run_lfp_bandpower.py --jobs 5 --cohort task @ 03:07:02 ===
[bandpower] cohort=task: 21 files, bands ['theta', 'beta', 'low_gamma', 'high_gamma', 'total'], notch (50.0, 100.0, 150.0) Hz
[bandpower] task 727/striatum   200/ 200 good trials  100.0% cells filled  median 135 ms/bin    136 MB    227s  [TRUNCATED to 200 trials]
[bandpower] task 523/striatum   200/ 200 good trials  100.0% cells filled  median 111 ms/bin    136 MB    249s  [TRUNCATED to 200 trials]
[bandpower] task 409/striatum   200/ 200 good trials  99.7% cells filled  median 120 ms/bin    136 MB    317s  [TRUNCATED to 200 trials]
[bandpower] task 730/striatum   200/ 200 good trials  100.0% cells filled  median 131 ms/bin    136 MB    209s  [TRUNCATED to 200 trials]
[bandpower] task 614/striatum   200/ 200 good trials  100.0% cells filled  median 102 ms/bin    136 MB    187s  [TRUNCATED to 200 trials]
[bandpower] task 624/striatum    71/  71 good trials  99.8% cells filled  median 390 ms/bin     48 MB    459s
[bandpower] task 731/striatum    76/  76 good trials  99.5% cells filled  median 308 ms/bin     51 MB    460s
[bandpower] task 823/striatum   200/ 200 good trials  100.0% cells filled  median 141 ms/bin    136 MB    232s  [TRUNCATED to 200 trials]
[bandpower] task 1105/visual     200/ 200 good trials  100.0% cells filled  median 132 ms/bin    137 MB    312s  [TRUNCATED to 200 trials]
[bandpower] task 418/striatum   142/ 142 good trials  99.6% cells filled  median 162 ms/bin     97 MB    460s
[bandpower] task 703/striatum   109/ 109 good trials  98.9% cells filled  median 200 ms/bin     74 MB    459s
[bandpower] task 822/striatum    90/  90 good trials  99.5% cells filled  median 270 ms/bin     61 MB    458s
[bandpower] task 1105/striatum   200/ 200 good trials  100.0% cells filled  median 132 ms/bin    137 MB    317s  [TRUNCATED to 200 trials]
[bandpower] task 1201/visual     200/ 200 good trials  99.6% cells filled  median 121 ms/bin    136 MB    273s  [TRUNCATED to 200 trials]
[bandpower] task 1106/striatum   189/ 189 good trials  96.7% cells filled  median 88 ms/bin    128 MB    466s
[bandpower] task 1106/visual     189/ 189 good trials  96.7% cells filled  median 88 ms/bin    129 MB    465s
[bandpower] task 1206/visual     104/ 104 good trials  99.4% cells filled  median 176 ms/bin     71 MB    454s
[bandpower] task 1201/striatum   200/ 200 good trials  99.6% cells filled  median 121 ms/bin    136 MB    260s  [TRUNCATED to 200 trials]
[bandpower] task 1212/visual     155/ 156 good trials  99.5% cells filled  median 263 ms/bin    106 MB    636s
[bandpower] task 1206/striatum   104/ 104 good trials  99.4% cells filled  median 176 ms/bin     71 MB    438s
[bandpower] task 1212/striatum   155/ 156 good trials  99.5% cells filled  median 263 ms/bin    106 MB    597s
[bandpower] all files in 32.8 min
[bandpower] wrote lfp_bandpower_summary_task.csv (21 rows)
run:print:4: bad option: - 
=== /opt/anaconda3/bin/python scripts/run_lfp_bandpower.py --jobs 5 --cohort control @ 03:39:53 ===
[bandpower] cohort=control: 8 files, bands ['theta', 'beta', 'low_gamma', 'high_gamma', 'total'], notch (50.0, 100.0, 150.0) Hz
[bandpower] cont 513/visual     109/ 109 good trials  99.8% cells filled  median 198 ms/bin     73 MB    420s
[bandpower] cont 513/striatum   109/ 109 good trials  99.8% cells filled  median 198 ms/bin     74 MB    427s
[bandpower] cont 515/striatum   132/ 132 good trials  99.3% cells filled  median 249 ms/bin     89 MB    429s
[bandpower] cont 515/visual     132/ 132 good trials  99.3% cells filled  median 249 ms/bin     90 MB    431s
[bandpower] cont 407/striatum   169/ 200 good trials  99.7% cells filled  median 194 ms/bin    115 MB    460s  [TRUNCATED to 200 trials]
[bandpower] cont 817/striatum   137/ 137 good trials  99.3% cells filled  median 267 ms/bin     93 MB    422s
[bandpower] cont 817/visual     137/ 137 good trials  99.3% cells filled  median 267 ms/bin     93 MB    423s
[bandpower] cont 1205/striatum   145/ 145 good trials  99.9% cells filled  median 267 ms/bin     98 MB    423s
[bandpower] all files in 14.2 min
[bandpower] wrote lfp_bandpower_summary_control.csv (8 rows)
run:print:4: bad option: - 
=== /opt/anaconda3/bin/python scripts/validate_lfp_bandpower.py --cohort task @ 03:54:07 ===
 1105/striatum  good trials LFP  200 vs MATLAB  260 (LFP-only 0, MATLAB-only 0) |   9997 bins, span within 1 ms 1.0000, p99 0.9 ms
 1105/visual    good trials LFP  200 vs MATLAB  260 (LFP-only 0, MATLAB-only 0) |   9997 bins, span within 1 ms 1.0000, p99 0.9 ms
 1106/striatum  good trials LFP  189 vs MATLAB  189 (LFP-only 0, MATLAB-only 0) |   9141 bins, span within 1 ms 1.0000, p99 0.9 ms
 1106/visual    good trials LFP  189 vs MATLAB  189 (LFP-only 0, MATLAB-only 0) |   9141 bins, span within 1 ms 1.0000, p99 0.9 ms
 1201/striatum  good trials LFP  200 vs MATLAB  299 (LFP-only 0, MATLAB-only 0) |   9959 bins, span within 1 ms 1.0000, p99 0.9 ms
 1201/visual    good trials LFP  200 vs MATLAB  299 (LFP-only 0, MATLAB-only 0) |   9959 bins, span within 1 ms 1.0000, p99 0.9 ms
 1206/striatum  good trials LFP  104 vs MATLAB  104 (LFP-only 0, MATLAB-only 0) |   5167 bins, span within 1 ms 1.0000, p99 0.9 ms
 1206/visual    good trials LFP  104 vs MATLAB  104 (LFP-only 0, MATLAB-only 0) |   5167 bins, span within 1 ms 1.0000, p99 0.9 ms
 1212/striatum  good trials LFP  155 vs MATLAB  155 (LFP-only 0, MATLAB-only 0) |   7714 bins, span within 1 ms 1.0000, p99 0.9 ms
 1212/visual    good trials LFP  155 vs MATLAB  155 (LFP-only 0, MATLAB-only 0) |   7714 bins, span within 1 ms 1.0000, p99 0.9 ms
  409/striatum  good trials LFP  200 vs MATLAB  257 (LFP-only 0, MATLAB-only 0) |   9969 bins, span within 1 ms 1.0000, p99 0.9 ms
  418/striatum  good trials LFP  142 vs MATLAB  142 (LFP-only 0, MATLAB-only 0) |   7071 bins, span within 1 ms 1.0000, p99 0.9 ms
  523/striatum  good trials LFP  200 vs MATLAB  357 (LFP-only 0, MATLAB-only 0) |  10000 bins, span within 1 ms 1.0000, p99 0.9 ms
  614/striatum  good trials LFP  200 vs MATLAB  469 (LFP-only 0, MATLAB-only 0) |  10000 bins, span within 1 ms 1.0000, p99 0.9 ms
  624/striatum  good trials LFP   71 vs MATLAB   71 (LFP-only 0, MATLAB-only 0) |   3544 bins, span within 1 ms 1.0000, p99 0.9 ms
  703/striatum  good trials LFP  109 vs MATLAB  109 (LFP-only 0, MATLAB-only 0) |   5391 bins, span within 1 ms 1.0000, p99 0.9 ms
  727/striatum  good trials LFP  200 vs MATLAB  371 (LFP-only 0, MATLAB-only 0) |  10000 bins, span within 1 ms 1.0000, p99 0.9 ms
  730/striatum  good trials LFP  200 vs MATLAB  501 (LFP-only 0, MATLAB-only 0) |  10000 bins, span within 1 ms 1.0000, p99 0.9 ms
  731/striatum  good trials LFP   76 vs MATLAB   76 (LFP-only 0, MATLAB-only 0) |   3782 bins, span within 1 ms 1.0000, p99 0.9 ms
  822/striatum  good trials LFP   90 vs MATLAB   90 (LFP-only 0, MATLAB-only 0) |   4478 bins, span within 1 ms 1.0000, p99 0.9 ms
  823/striatum  good trials LFP  200 vs MATLAB  331 (LFP-only 0, MATLAB-only 0) |  10000 bins, span within 1 ms 1.0000, p99 0.9 ms
wrote lfp_bandpower_validation_task.csv (21 rows)

21/21 files: no good LFP trial MATLAB dropped, and >99 % of bin spans within 1 ms of MATLAB's durations (a shared clock offset is invisible here)
run:print:4: bad option: - 
=== /opt/anaconda3/bin/python scripts/validate_lfp_bandpower.py --cohort control @ 03:54:08 ===
 1205/striatum  good trials LFP  145 vs MATLAB  145 (LFP-only 0, MATLAB-only 0) |   7244 bins, span within 1 ms 1.0000, p99 0.9 ms
  407/striatum  good trials LFP  169 vs MATLAB  209 (LFP-only 0, MATLAB-only 31) |   8428 bins, span within 1 ms 1.0000, p99 0.9 ms
  513/striatum  good trials LFP  109 vs MATLAB  109 (LFP-only 0, MATLAB-only 0) |   5438 bins, span within 1 ms 1.0000, p99 0.9 ms
  513/visual    good trials LFP  109 vs MATLAB  109 (LFP-only 0, MATLAB-only 0) |   5438 bins, span within 1 ms 0.9982, p99 0.9 ms
  515/striatum  good trials LFP  132 vs MATLAB  132 (LFP-only 0, MATLAB-only 0) |   6553 bins, span within 1 ms 1.0000, p99 0.9 ms
  515/visual    good trials LFP  132 vs MATLAB  132 (LFP-only 0, MATLAB-only 0) |   6553 bins, span within 1 ms 0.9983, p99 0.9 ms
  817/striatum  good trials LFP  137 vs MATLAB  137 (LFP-only 0, MATLAB-only 0) |   6802 bins, span within 1 ms 1.0000, p99 0.9 ms
  817/visual    good trials LFP  137 vs MATLAB  137 (LFP-only 0, MATLAB-only 0) |   6802 bins, span within 1 ms 0.9987, p99 0.9 ms
wrote lfp_bandpower_validation_control.csv (8 rows)

8/8 files: no good LFP trial MATLAB dropped, and >99 % of bin spans within 1 ms of MATLAB's durations (a shared clock offset is invisible here)
run:print:4: bad option: - 
=== /opt/anaconda3/bin/python scripts/run_lfp_arms.py --jobs 6 --cohort task @ 03:54:08 ===
[arms] cohort=task: 21 band-power files
[arms] task 1106/visual    lp=67 areas=['V1'] 15+25+25+0+395+15+0 rows      3s
[arms] task 1105/visual    lp=44 areas=['V1'] 15+25+25+0+655+15+0 rows      5s
[arms] task 1206/striatum  lp=41 areas=['DMS'] 15+25+25+0+500+15+1 rows      3s
[arms] task 1106/striatum  lp=67 areas=['ACC', 'DLS', 'DMS'] 45+75+75+15+1185+45+1 rows     33s
[arms] task 1105/striatum  lp=44 areas=['ACC', 'DLS', 'DMS'] 45+75+75+15+1965+45+1 rows     37s
[arms] task 1206/visual    lp=41 areas=['CA1', 'DG', 'V1'] 45+75+75+15+1500+45+0 rows     37s
[arms] task 1201/striatum  lp=84 areas=['ACC', 'DLS', 'DMS'] 45+75+75+15+2730+45+1 rows     42s
[arms] task 1212/striatum  lp=23 areas=['ACC', 'DLS', 'DMS'] 45+75+75+15+2325+45+1 rows     37s
[arms] task 1201/visual    lp=84 areas=['CA1', 'DG', 'V1'] 45+75+75+15+2730+45+0 rows     49s
[arms] task 418/striatum  lp=26 areas=['ACC', 'DLS', 'DMS'] 30+60+60+15+405+30+1 rows     12s
[arms] task 703/striatum  lp=41 areas=['ACC', 'DMS'] 30+50+50+5+510+30+1 rows     10s
[arms] task 409/striatum  lp=39 areas=['ACC', 'DLS', 'DMS'] 45+75+75+15+1680+45+1 rows     31s
[arms] task 624/striatum  lp=32 areas=['ACC', 'DLS', 'DMS'] 45+75+75+15+1065+45+1 rows     23s
[arms] task 1212/visual    lp=23 areas=['CA1', 'DG', 'V1'] 45+75+75+15+2325+45+0 rows     39s
[arms] task 523/striatum  lp=22 areas=['ACC', 'DLS', 'DMS'] 45+75+75+15+1875+45+1 rows     36s
[arms] task 731/striatum  lp=36 areas=['ACC', 'DMS'] 30+50+50+5+760+30+1 rows     11s
[arms] task 614/striatum  lp=44 areas=['ACC', 'DLS', 'DMS'] 45+75+75+15+3000+45+1 rows     44s
[arms] task 823/striatum  lp=14 areas=['ACC', 'DMS'] 30+50+50+5+920+30+1 rows     12s
[arms] task 727/striatum  lp=53 areas=['ACC', 'DLS', 'DMS'] 45+75+75+15+1500+45+1 rows     32s
[arms] task 822/striatum  lp=33 areas=['ACC', 'DLS', 'DMS'] 45+75+75+15+1350+45+1 rows     24s
[arms] task 730/striatum  lp=54 areas=['ACC', 'DLS', 'DMS'] 45+75+75+15+1635+45+1 rows     31s
[arms] all files in 1.7 min
wrote lfp_arms_evolution_stats_task.csv (120 rows)
[arms] evolution: 2 log_corridor cells survive BH-FDR at q=0.05
wrote lfp_arms_decoding_stats_task.csv (30 rows)
[arms] decoding: 15/30 area x band cells beat their null (BH q=0.05)
wrote lfp_arms_cca_distance_stats_task.csv (5 rows)
wrote lfp_arms_evolution_task.csv (795 rows)
wrote lfp_arms_decoding_task.csv (1335 rows)
wrote lfp_arms_reliability_task.csv (1335 rows)
wrote lfp_arms_cca_task.csv (240 rows)
wrote lfp_arms_moving_reliability_task.csv (31010 rows)
wrote lfp_arms_moving_reliability_epochs_task.csv (795 rows)
wrote lfp_arms_behaviour_task.csv (16 rows)
run:print:4: bad option: - 
=== /opt/anaconda3/bin/python scripts/run_lfp_arms.py --jobs 6 --cohort control @ 03:55:49 ===
[arms] cohort=control: 8 band-power files
/Users/theoamvr/Desktop/Experiments/StriatumACC/Striatum project/lfp/scripts/run_lfp_arms.py:121: RuntimeWarning: invalid value encountered in divide
  ratio_cor = cor_lin / corridor[total_idx, mask]
/Users/theoamvr/Desktop/Experiments/StriatumACC/Striatum project/lfp/scripts/run_lfp_arms.py:122: RuntimeWarning: invalid value encountered in divide
  ratio_dark = dark_lin / dark[total_idx, mask]
/Users/theoamvr/Desktop/Experiments/StriatumACC/Striatum project/lfp/scripts/run_lfp_arms.py:207: RuntimeWarning: All-NaN slice encountered
  "reliability": float(np.nanmedian(moving[:, ti])),
/Users/theoamvr/Desktop/Experiments/StriatumACC/Striatum project/lfp/scripts/run_lfp_arms.py:121: RuntimeWarning: invalid value encountered in divide
  ratio_cor = cor_lin / corridor[total_idx, mask]
/Users/theoamvr/Desktop/Experiments/StriatumACC/Striatum project/lfp/scripts/run_lfp_arms.py:122: RuntimeWarning: invalid value encountered in divide
  ratio_dark = dark_lin / dark[total_idx, mask]
/Users/theoamvr/Desktop/Experiments/StriatumACC/Striatum project/lfp/scripts/run_lfp_arms.py:207: RuntimeWarning: All-NaN slice encountered
  "reliability": float(np.nanmedian(moving[:, ti])),
/Users/theoamvr/Desktop/Experiments/StriatumACC/Striatum project/lfp/scripts/run_lfp_arms.py:121: RuntimeWarning: invalid value encountered in divide
  ratio_cor = cor_lin / corridor[total_idx, mask]
/Users/theoamvr/Desktop/Experiments/StriatumACC/Striatum project/lfp/scripts/run_lfp_arms.py:122: RuntimeWarning: invalid value encountered in divide
  ratio_dark = dark_lin / dark[total_idx, mask]
/Users/theoamvr/Desktop/Experiments/StriatumACC/Striatum project/lfp/scripts/run_lfp_arms.py:207: RuntimeWarning: All-NaN slice encountered
  "reliability": float(np.nanmedian(moving[:, ti])),
/Users/theoamvr/Desktop/Experiments/StriatumACC/Striatum project/lfp/scripts/run_lfp_arms.py:121: RuntimeWarning: invalid value encountered in divide
  ratio_cor = cor_lin / corridor[total_idx, mask]
/Users/theoamvr/Desktop/Experiments/StriatumACC/Striatum project/lfp/scripts/run_lfp_arms.py:122: RuntimeWarning: invalid value encountered in divide
  ratio_dark = dark_lin / dark[total_idx, mask]
/Users/theoamvr/Desktop/Experiments/StriatumACC/Striatum project/lfp/scripts/run_lfp_arms.py:207: RuntimeWarning: All-NaN slice encountered
  "reliability": float(np.nanmedian(moving[:, ti])),
/Users/theoamvr/Desktop/Experiments/StriatumACC/Striatum project/lfp/scripts/run_lfp_arms.py:121: RuntimeWarning: invalid value encountered in divide
  ratio_cor = cor_lin / corridor[total_idx, mask]
/Users/theoamvr/Desktop/Experiments/StriatumACC/Striatum project/lfp/scripts/run_lfp_arms.py:122: RuntimeWarning: invalid value encountered in divide
  ratio_dark = dark_lin / dark[total_idx, mask]
/Users/theoamvr/Desktop/Experiments/StriatumACC/Striatum project/lfp/scripts/run_lfp_arms.py:207: RuntimeWarning: All-NaN slice encountered
  "reliability": float(np.nanmedian(moving[:, ti])),
/Users/theoamvr/Desktop/Experiments/StriatumACC/Striatum project/lfp/scripts/run_lfp_arms.py:121: RuntimeWarning: invalid value encountered in divide
  ratio_cor = cor_lin / corridor[total_idx, mask]
/Users/theoamvr/Desktop/Experiments/StriatumACC/Striatum project/lfp/scripts/run_lfp_arms.py:122: RuntimeWarning: invalid value encountered in divide
  ratio_dark = dark_lin / dark[total_idx, mask]
/Users/theoamvr/Desktop/Experiments/StriatumACC/Striatum project/lfp/scripts/run_lfp_arms.py:207: RuntimeWarning: All-NaN slice encountered
  "reliability": float(np.nanmedian(moving[:, ti])),
/Users/theoamvr/Desktop/Experiments/StriatumACC/Striatum project/lfp/scripts/run_lfp_arms.py:121: RuntimeWarning: invalid value encountered in divide
  ratio_cor = cor_lin / corridor[total_idx, mask]
/Users/theoamvr/Desktop/Experiments/StriatumACC/Striatum project/lfp/scripts/run_lfp_arms.py:122: RuntimeWarning: invalid value encountered in divide
  ratio_dark = dark_lin / dark[total_idx, mask]
/Users/theoamvr/Desktop/Experiments/StriatumACC/Striatum project/lfp/scripts/run_lfp_arms.py:207: RuntimeWarning: All-NaN slice encountered
  "reliability": float(np.nanmedian(moving[:, ti])),
/Users/theoamvr/Desktop/Experiments/StriatumACC/Striatum project/lfp/scripts/run_lfp_arms.py:121: RuntimeWarning: invalid value encountered in divide
  ratio_cor = cor_lin / corridor[total_idx, mask]
/Users/theoamvr/Desktop/Experiments/StriatumACC/Striatum project/lfp/scripts/run_lfp_arms.py:122: RuntimeWarning: invalid value encountered in divide
  ratio_dark = dark_lin / dark[total_idx, mask]
/Users/theoamvr/Desktop/Experiments/StriatumACC/Striatum project/lfp/scripts/run_lfp_arms.py:207: RuntimeWarning: All-NaN slice encountered
  "reliability": float(np.nanmedian(moving[:, ti])),
/Users/theoamvr/Desktop/Experiments/StriatumACC/Striatum project/lfp/scripts/run_lfp_arms.py:121: RuntimeWarning: invalid value encountered in divide
  ratio_cor = cor_lin / corridor[total_idx, mask]
/Users/theoamvr/Desktop/Experiments/StriatumACC/Striatum project/lfp/scripts/run_lfp_arms.py:122: RuntimeWarning: invalid value encountered in divide
  ratio_dark = dark_lin / dark[total_idx, mask]
/Users/theoamvr/Desktop/Experiments/StriatumACC/Striatum project/lfp/scripts/run_lfp_arms.py:207: RuntimeWarning: All-NaN slice encountered
  "reliability": float(np.nanmedian(moving[:, ti])),
/Users/theoamvr/Desktop/Experiments/StriatumACC/Striatum project/lfp/scripts/run_lfp_arms.py:121: RuntimeWarning: invalid value encountered in divide
  ratio_cor = cor_lin / corridor[total_idx, mask]
/Users/theoamvr/Desktop/Experiments/StriatumACC/Striatum project/lfp/scripts/run_lfp_arms.py:122: RuntimeWarning: invalid value encountered in divide
  ratio_dark = dark_lin / dark[total_idx, mask]
/Users/theoamvr/Desktop/Experiments/StriatumACC/Striatum project/lfp/scripts/run_lfp_arms.py:207: RuntimeWarning: All-NaN slice encountered
  "reliability": float(np.nanmedian(moving[:, ti])),
/Users/theoamvr/Desktop/Experiments/StriatumACC/Striatum project/lfp/scripts/run_lfp_arms.py:121: RuntimeWarning: invalid value encountered in divide
  ratio_cor = cor_lin / corridor[total_idx, mask]
/Users/theoamvr/Desktop/Experiments/StriatumACC/Striatum project/lfp/scripts/run_lfp_arms.py:122: RuntimeWarning: invalid value encountered in divide
  ratio_dark = dark_lin / dark[total_idx, mask]
/Users/theoamvr/Desktop/Experiments/StriatumACC/Striatum project/lfp/scripts/run_lfp_arms.py:207: RuntimeWarning: All-NaN slice encountered
  "reliability": float(np.nanmedian(moving[:, ti])),
/Users/theoamvr/Desktop/Experiments/StriatumACC/Striatum project/lfp/scripts/run_lfp_arms.py:121: RuntimeWarning: invalid value encountered in divide
  ratio_cor = cor_lin / corridor[total_idx, mask]
/Users/theoamvr/Desktop/Experiments/StriatumACC/Striatum project/lfp/scripts/run_lfp_arms.py:122: RuntimeWarning: invalid value encountered in divide
  ratio_dark = dark_lin / dark[total_idx, mask]
/Users/theoamvr/Desktop/Experiments/StriatumACC/Striatum project/lfp/scripts/run_lfp_arms.py:207: RuntimeWarning: All-NaN slice encountered
  "reliability": float(np.nanmedian(moving[:, ti])),
/Users/theoamvr/Desktop/Experiments/StriatumACC/Striatum project/lfp/scripts/run_lfp_arms.py:121: RuntimeWarning: invalid value encountered in divide
  ratio_cor = cor_lin / corridor[total_idx, mask]
/Users/theoamvr/Desktop/Experiments/StriatumACC/Striatum project/lfp/scripts/run_lfp_arms.py:122: RuntimeWarning: invalid value encountered in divide
  ratio_dark = dark_lin / dark[total_idx, mask]
/Users/theoamvr/Desktop/Experiments/StriatumACC/Striatum project/lfp/scripts/run_lfp_arms.py:207: RuntimeWarning: All-NaN slice encountered
  "reliability": float(np.nanmedian(moving[:, ti])),
/Users/theoamvr/Desktop/Experiments/StriatumACC/Striatum project/lfp/scripts/run_lfp_arms.py:121: RuntimeWarning: invalid value encountered in divide
  ratio_cor = cor_lin / corridor[total_idx, mask]
/Users/theoamvr/Desktop/Experiments/StriatumACC/Striatum project/lfp/scripts/run_lfp_arms.py:122: RuntimeWarning: invalid value encountered in divide
  ratio_dark = dark_lin / dark[total_idx, mask]
/Users/theoamvr/Desktop/Experiments/StriatumACC/Striatum project/lfp/scripts/run_lfp_arms.py:207: RuntimeWarning: All-NaN slice encountered
  "reliability": float(np.nanmedian(moving[:, ti])),
/Users/theoamvr/Desktop/Experiments/StriatumACC/Striatum project/lfp/scripts/run_lfp_arms.py:121: RuntimeWarning: invalid value encountered in divide
  ratio_cor = cor_lin / corridor[total_idx, mask]
/Users/theoamvr/Desktop/Experiments/StriatumACC/Striatum project/lfp/scripts/run_lfp_arms.py:122: RuntimeWarning: invalid value encountered in divide
  ratio_dark = dark_lin / dark[total_idx, mask]
/Users/theoamvr/Desktop/Experiments/StriatumACC/Striatum project/lfp/scripts/run_lfp_arms.py:207: RuntimeWarning: All-NaN slice encountered
  "reliability": float(np.nanmedian(moving[:, ti])),
[arms] cont 407/striatum  lp=41 areas=['DLS', 'DMS'] 30+50+50+5+1510+30+1 rows     20s
[arms] cont 1205/striatum  lp=41 areas=['ACC', 'DLS', 'DMS'] 15+45+45+15+270+15+1 rows     29s
[arms] cont 515/visual    lp=41 areas=['CA1', 'DG', 'V1'] 45+75+75+15+1605+45+0 rows     33s
[arms] cont 515/striatum  lp=41 areas=['ACC', 'DLS', 'DMS'] 45+75+75+15+1605+45+1 rows     33s
[arms] cont 513/striatum  lp=41 areas=['ACC', 'DLS', 'DMS'] 45+75+75+15+1635+45+1 rows     35s
[arms] cont 513/visual    lp=41 areas=['CA1', 'DG', 'V1'] 45+75+75+15+1635+45+0 rows     35s
[arms] cont 817/striatum  lp=41 areas=['ACC', 'DLS', 'DMS'] 45+75+75+15+2055+45+1 rows     23s
[arms] cont 817/visual    lp=41 areas=['CA1', 'DG', 'V1'] 45+75+75+15+2055+45+0 rows     19s
[arms] all files in 0.8 min
wrote lfp_arms_evolution_stats_control.csv (120 rows)
[arms] evolution: 0 log_corridor cells survive BH-FDR at q=0.05
wrote lfp_arms_decoding_stats_control.csv (30 rows)
[arms] decoding: 0/30 area x band cells beat their null (BH q=0.05)
wrote lfp_arms_cca_distance_stats_control.csv (5 rows)
wrote lfp_arms_evolution_control.csv (315 rows)
wrote lfp_arms_decoding_control.csv (545 rows)
wrote lfp_arms_reliability_control.csv (545 rows)
wrote lfp_arms_cca_control.csv (110 rows)
wrote lfp_arms_moving_reliability_control.csv (12370 rows)
wrote lfp_arms_moving_reliability_epochs_control.csv (315 rows)
wrote lfp_arms_behaviour_control.csv (5 rows)
run:print:4: bad option: - 
=== /opt/anaconda3/bin/python scripts/run_lfp_distance_control.py --cohort task @ 03:56:39 ===
[dist] cohort=task: 21 cached files
[dist] task 1105/striatum  174 labelled ch, 131 trials, 5 bands,  150 bins    1.9s
[dist] task 1105/visual     91 labelled ch, 131 trials, 5 bands,   50 bins    1.7s
[dist] task 1106/striatum  203 labelled ch,  79 trials, 5 bands,  150 bins    1.7s
[dist] task 1106/visual     52 labelled ch,  79 trials, 5 bands,   30 bins    1.5s
[dist] task 1201/striatum  154 labelled ch, 182 trials, 5 bands,  150 bins    1.8s
[dist] task 1201/visual    203 labelled ch, 182 trials, 5 bands,  165 bins    1.9s
[dist] task 1206/striatum   70 labelled ch, 100 trials, 5 bands,   35 bins    0.9s
[dist] task 1206/visual    231 labelled ch, 100 trials, 5 bands,  175 bins    1.2s
[dist] task 1212/striatum  134 labelled ch, 155 trials, 5 bands,  155 bins    1.4s
[dist] task 1212/visual    189 labelled ch, 155 trials, 5 bands,  185 bins    1.6s
[dist] task 409/striatum  122 labelled ch, 112 trials, 5 bands,  150 bins    1.8s
[dist] task 418/striatum  144 labelled ch,  27 trials, 5 bands,  155 bins    1.3s
[dist] task 523/striatum  154 labelled ch, 125 trials, 5 bands,  150 bins    1.8s
[dist] task 614/striatum  146 labelled ch, 200 trials, 5 bands,  145 bins    1.8s
[dist] task 624/striatum  156 labelled ch,  71 trials, 5 bands,  155 bins    0.7s
[dist] task 703/striatum  141 labelled ch,  51 trials, 5 bands,  115 bins    1.0s
[dist] task 727/striatum  214 labelled ch, 100 trials, 5 bands,  195 bins    1.9s
[dist] task 730/striatum  293 labelled ch, 109 trials, 5 bands,  225 bins    2.1s
[dist] task 731/striatum  104 labelled ch,  76 trials, 5 bands,   95 bins    0.7s
[dist] task 822/striatum  209 labelled ch,  90 trials, 5 bands,  170 bins    1.0s
[dist] task 823/striatum  133 labelled ch,  92 trials, 5 bands,  115 bins    1.7s
[dist] wrote lfp_distance_control_task.csv (2915 rows)
[dist] wrote lfp_distance_matched_task.csv (235 rows)
[dist] wrote lfp_distance_stats_task.csv (70 rows)

[dist] EXACT separation matching, 80 (animal, probe, band) cells, median 17 separations each:
[dist]   within - across, raw log power : -0.0147 (median -0.0111, 37/80 positive)
[dist]   within - across, residual      : -0.0193 (median -0.0168, 34/80 positive)
[dist] for comparison, the RANGE-restricted contrast on the same cells: +0.0698
[dist]   its classes differ in mean separation by -215 um, and that imbalance correlates with the contrast at r = -0.63 — which is why it is not the result.
run:print:4: bad option: - 
=== /opt/anaconda3/bin/python scripts/run_lfp_distance_control.py --cohort control @ 03:57:11 ===
[dist] cohort=control: 8 cached files
[dist] cont 1205/striatum  174 labelled ch,  18 trials, 5 bands,  150 bins    1.4s
[dist] cont 407/striatum  162 labelled ch, 151 trials, 5 bands,  135 bins    1.6s
[dist] cont 513/striatum  212 labelled ch, 109 trials, 5 bands,  220 bins    1.2s
[dist] cont 513/visual    251 labelled ch, 109 trials, 5 bands,  205 bins    1.3s
[dist] cont 515/striatum  174 labelled ch, 107 trials, 5 bands,  180 bins    1.3s
[dist] cont 515/visual    161 labelled ch, 107 trials, 5 bands,  130 bins    1.3s
[dist] cont 817/striatum  154 labelled ch, 137 trials, 5 bands,  175 bins    1.3s
[dist] cont 817/visual    214 labelled ch, 137 trials, 5 bands,  170 bins    1.4s
[dist] wrote lfp_distance_control_control.csv (1365 rows)
[dist] wrote lfp_distance_matched_control.csv (95 rows)
[dist] wrote lfp_distance_stats_control.csv (40 rows)

[dist] EXACT separation matching, 40 (animal, probe, band) cells, median 27 separations each:
[dist]   within - across, raw log power : -0.0100 (median +0.0178, 22/40 positive)
[dist]   within - across, residual      : -0.0128 (median +0.0157, 22/40 positive)
[dist] for comparison, the RANGE-restricted contrast on the same cells: +0.0939
[dist]   its classes differ in mean separation by -266 um, and that imbalance correlates with the contrast at r = -0.13 — which is why it is not the result.
run:print:4: bad option: - 
=== /opt/anaconda3/bin/python scripts/run_lfp_psi.py --cohort task @ 03:57:22 ===
[psi] cohort=task: 21 files, nperseg=2048 (2.05 s, 0.49 Hz bins)
[psi] task 1105/striatum  3 areas ['ACC', 'DLS', 'DMS'], 131 trials,   96 rows     32s
[psi] 1105/visual: fewer than two usable areas, skipped
[psi] task 1106/striatum  3 areas ['ACC', 'DLS', 'DMS'],  79 trials,   96 rows     11s
[psi] 1106/visual: fewer than two usable areas, skipped
[psi] task 1201/striatum  3 areas ['ACC', 'DLS', 'DMS'], 182 trials,   96 rows     33s
[psi] task 1201/visual    3 areas ['CA1', 'DG', 'V1'], 182 trials,   96 rows     34s
[psi] 1206/striatum: fewer than two usable areas, skipped
[psi] task 1206/visual    3 areas ['CA1', 'DG', 'V1'], 100 trials,   96 rows     71s
[psi] task 1212/striatum  3 areas ['ACC', 'DLS', 'DMS'], 155 trials,   96 rows    124s
[psi] task 1212/visual    3 areas ['CA1', 'DG', 'V1'], 155 trials,   96 rows    128s
[psi] task 409/striatum  3 areas ['ACC', 'DLS', 'DMS'], 112 trials,   96 rows     28s
[psi] task 418/striatum  3 areas ['ACC', 'DLS', 'DMS'],  27 trials,   72 rows      7s
[psi] task 523/striatum  3 areas ['ACC', 'DLS', 'DMS'], 125 trials,   96 rows     22s
[psi] task 614/striatum  3 areas ['ACC', 'DLS', 'DMS'], 200 trials,   96 rows     25s
[psi] task 624/striatum  3 areas ['ACC', 'DLS', 'DMS'],  71 trials,   96 rows     88s
[psi] task 703/striatum  2 areas ['ACC', 'DMS'],  51 trials,   32 rows     41s
[psi] task 727/striatum  3 areas ['ACC', 'DLS', 'DMS'], 100 trials,   96 rows     19s
[psi] task 730/striatum  3 areas ['ACC', 'DLS', 'DMS'], 109 trials,   96 rows     17s
[psi] task 731/striatum  2 areas ['ACC', 'DMS'],  76 trials,   32 rows     95s
[psi] task 822/striatum  3 areas ['ACC', 'DLS', 'DMS'],  90 trials,   96 rows     93s
[psi] task 823/striatum  2 areas ['ACC', 'DMS'],  92 trials,   32 rows     17s
[psi] wrote lfp_psi_task.csv (1512 rows)
[psi] wrote lfp_psi_stats_task.csv (48 rows)
[psi] monopolar  1/24 pair x band cells show a consistent direction across animals (exact sign-flip, BH; 12 could reach 0.05)
[psi] bipolar    0/24 pair x band cells show a consistent direction across animals (exact sign-flip, BH; 12 could reach 0.05)
[psi] monopolar  epoch=All: 192 cells, |z| > 2 in 120 (62%, calibrated chance ~5-10%), mean |z| 4.52
[psi] bipolar    epoch=All: 192 cells, |z| > 2 in 64 (33%, calibrated chance ~5-10%), mean |z| 3.65
run:print:4: bad option: - 
=== /opt/anaconda3/bin/python scripts/run_lfp_psi.py --cohort control @ 04:13:18 ===
[psi] cohort=control: 8 files, nperseg=2048 (2.05 s, 0.49 Hz bins)
[psi] cont 1205/striatum  3 areas ['ACC', 'DLS', 'DMS'],  18 trials,   48 rows      5s
[psi] cont 407/striatum  2 areas ['DLS', 'DMS'], 151 trials,   32 rows     78s
[psi] cont 513/striatum  3 areas ['ACC', 'DLS', 'DMS'], 109 trials,   96 rows     95s
/Users/theoamvr/Desktop/Experiments/StriatumACC/Striatum project/lfp/src/striatum_lfp/area_signals.py:78: RuntimeWarning: Mean of empty slice
  out[(area, "monopolar")] = np.nanmean(centred / np.where(sd > 0, sd, np.nan), axis=1)
[psi] cont 513/visual    3 areas ['CA1', 'DG', 'V1'], 109 trials,   96 rows     93s
[psi] cont 515/striatum  3 areas ['ACC', 'DLS', 'DMS'], 107 trials,   96 rows     24s
[psi] cont 515/visual    3 areas ['CA1', 'DG', 'V1'], 107 trials,   96 rows     25s
[psi] cont 817/striatum  3 areas ['ACC', 'DLS', 'DMS'], 137 trials,   96 rows     86s
[psi] cont 817/visual    3 areas ['CA1', 'DG', 'V1'], 137 trials,   96 rows     88s
[psi] wrote lfp_psi_control.csv (656 rows)
[psi] wrote lfp_psi_stats_control.csv (48 rows)
[psi] monopolar  0/24 pair x band cells show a consistent direction across animals (exact sign-flip, BH; 0 could reach 0.05)
[psi] bipolar    0/24 pair x band cells show a consistent direction across animals (exact sign-flip, BH; 0 could reach 0.05)
[psi] monopolar  epoch=All: 76 cells, |z| > 2 in 47 (62%, calibrated chance ~5-10%), mean |z| 5.05
[psi] bipolar    epoch=All: 88 cells, |z| > 2 in 33 (38%, calibrated chance ~5-10%), mean |z| 2.70
run:print:4: bad option: - 
=== /opt/anaconda3/bin/python scripts/run_lfp_coupling.py --cohort task @ 04:22:09 ===
[coup] cohort=task: 21 files, 100 surrogates per PAC cell
[coup] task 1105/striatum  3 areas ['ACC', 'DLS', 'DMS'], 131 trials ->  3537 trial rows,  216 epoch rows  (read 32s)
[coup] 1105/visual: fewer than two usable areas or no long trial, skipped
[coup] task 1106/striatum  3 areas ['ACC', 'DLS', 'DMS'],  79 trials ->  2133 trial rows,  216 epoch rows  (read 11s)
[coup] 1106/visual: fewer than two usable areas or no long trial, skipped
[coup] task 1201/striatum  3 areas ['ACC', 'DLS', 'DMS'], 182 trials ->  4914 trial rows,  216 epoch rows  (read 33s)
[coup] task 1201/visual    3 areas ['CA1', 'DG', 'V1'], 182 trials ->  4914 trial rows,  216 epoch rows  (read 34s)
[coup] 1206/striatum: fewer than two usable areas or no long trial, skipped
[coup] task 1206/visual    3 areas ['CA1', 'DG', 'V1'], 100 trials ->  2700 trial rows,  216 epoch rows  (read 71s)
[coup] task 1212/striatum  3 areas ['ACC', 'DLS', 'DMS'], 155 trials ->  4185 trial rows,  216 epoch rows  (read 125s)
[coup] task 1212/visual    3 areas ['CA1', 'DG', 'V1'], 155 trials ->  4185 trial rows,  216 epoch rows  (read 131s)
[coup] task 409/striatum  3 areas ['ACC', 'DLS', 'DMS'], 112 trials ->  3024 trial rows,  216 epoch rows  (read 28s)
[coup] task 418/striatum  3 areas ['ACC', 'DLS', 'DMS'],  27 trials ->   729 trial rows,  162 epoch rows  (read 7s)
[coup] task 523/striatum  3 areas ['ACC', 'DLS', 'DMS'], 125 trials ->  3375 trial rows,  216 epoch rows  (read 22s)
[coup] task 614/striatum  3 areas ['ACC', 'DLS', 'DMS'], 200 trials ->  5400 trial rows,  216 epoch rows  (read 25s)
[coup] task 624/striatum  3 areas ['ACC', 'DLS', 'DMS'],  71 trials ->  1917 trial rows,  216 epoch rows  (read 89s)
[coup] task 703/striatum  2 areas ['ACC', 'DMS'],  51 trials ->   561 trial rows,   88 epoch rows  (read 42s)
[coup] task 727/striatum  3 areas ['ACC', 'DLS', 'DMS'], 100 trials ->  2700 trial rows,  216 epoch rows  (read 18s)
[coup] task 730/striatum  3 areas ['ACC', 'DLS', 'DMS'], 109 trials ->  2943 trial rows,  216 epoch rows  (read 17s)
[coup] task 731/striatum  2 areas ['ACC', 'DMS'],  76 trials ->   836 trial rows,   88 epoch rows  (read 96s)
[coup] task 822/striatum  3 areas ['ACC', 'DLS', 'DMS'],  90 trials ->  2430 trial rows,  216 epoch rows  (read 94s)
[coup] task 823/striatum  2 areas ['ACC', 'DMS'],  92 trials ->  1012 trial rows,   88 epoch rows  (read 17s)
[coup] wrote lfp_coupling_trials_task.csv (51495 rows)
[coup] wrote lfp_coupling_epochs_task.csv (3450 rows)
[coup] pac_within   monopolar  epoch=All: 102 cells, p < 0.05 in 99 (97%)
[coup] pac_within   bipolar    epoch=All: 102 cells, p < 0.05 in 79 (77%)
[coup] pac_between  monopolar  epoch=All: 192 cells, p < 0.05 in 189 (98%)
[coup] pac_between  bipolar    epoch=All: 192 cells, p < 0.05 in 133 (69%)
run:print:4: bad option: - 
=== /opt/anaconda3/bin/python scripts/run_lfp_coupling.py --cohort control @ 07:35:47 ===
[coup] cohort=control: 8 files, 100 surrogates per PAC cell
[coup] cont 1205/striatum  3 areas ['ACC', 'DLS', 'DMS'],  18 trials ->   486 trial rows,  108 epoch rows  (read 5s)
[coup] cont 407/striatum  2 areas ['DLS', 'DMS'], 151 trials ->  1661 trial rows,   88 epoch rows  (read 78s)
[coup] cont 513/striatum  3 areas ['ACC', 'DLS', 'DMS'], 109 trials ->  2943 trial rows,  216 epoch rows  (read 98s)
/Users/theoamvr/Desktop/Experiments/StriatumACC/Striatum project/lfp/src/striatum_lfp/area_signals.py:78: RuntimeWarning: Mean of empty slice
  out[(area, "monopolar")] = np.nanmean(centred / np.where(sd > 0, sd, np.nan), axis=1)
[coup] cont 513/visual    3 areas ['CA1', 'DG', 'V1'], 109 trials ->  2916 trial rows,  216 epoch rows  (read 105s)
[coup] cont 515/striatum  3 areas ['ACC', 'DLS', 'DMS'], 107 trials ->  2889 trial rows,  216 epoch rows  (read 24s)
[coup] cont 515/visual    3 areas ['CA1', 'DG', 'V1'], 107 trials ->  2889 trial rows,  216 epoch rows  (read 25s)
[coup] cont 817/striatum  3 areas ['ACC', 'DLS', 'DMS'], 137 trials ->  3699 trial rows,  216 epoch rows  (read 86s)
[coup] cont 817/visual    3 areas ['CA1', 'DG', 'V1'], 137 trials ->  3699 trial rows,  216 epoch rows  (read 97s)
[coup] wrote lfp_coupling_trials_control.csv (21182 rows)
[coup] wrote lfp_coupling_epochs_control.csv (1492 rows)
[coup] pac_within   monopolar  epoch=All: 40 cells, p < 0.05 in 38 (95%)
[coup] pac_within   bipolar    epoch=All: 46 cells, p < 0.05 in 36 (78%)
[coup] pac_between  monopolar  epoch=All: 76 cells, p < 0.05 in 75 (99%)
[coup] pac_between  bipolar    epoch=All: 88 cells, p < 0.05 in 58 (66%)
run:print:4: bad option: - 
=== /opt/anaconda3/bin/python ../infotheory/scripts/extract_trials.py --cohort task @ 09:07:51 ===
[extract] cohort=task: preprocessed_data5cm.mat, window (-1000, 500) ms at 10 ms, aligned to reward-zone entry
  523: 356/357 trials aligned, 133 units {'DMS': 57, 'DLS': 42, 'ACC': 34}  (6s)
  614: 469/469 trials aligned, 193 units {'DMS': 69, 'DLS': 60, 'ACC': 64}  (9s)
  624:  71/71 trials aligned, 47 units {'DMS': 19, 'DLS': 22, 'ACC': 6}  (2s)
  727: 371/371 trials aligned, 152 units {'DMS': 16, 'DLS': 83, 'ACC': 53}  (7s)
  730: 500/501 trials aligned, 467 units {'DMS': 55, 'DLS': 237, 'ACC': 175}  (20s)
  731:  76/76 trials aligned, 10 units {'DMS': 5, 'ACC': 5}  (1s)
  822:  90/90 trials aligned, 77 units {'DMS': 13, 'DLS': 2, 'ACC': 62}  (4s)
  823: 331/331 trials aligned, 33 units {'DMS': 16, 'ACC': 17}  (2s)
  1105: 259/260 trials aligned, 86 units {'DMS': 28, 'ACC': 34, 'V1': 24}  (4s)
  1106: 188/189 trials aligned, 63 units {'DMS': 20, 'DLS': 20, 'ACC': 16, 'V1': 7}  (3s)
  1201: 298/299 trials aligned, 193 units {'DMS': 20, 'DLS': 5, 'ACC': 67, 'V1': 67, 'CA1': 28, 'DG': 6}  (9s)
  1206: 103/104 trials aligned, 210 units {'DMS': 16, 'V1': 102, 'CA1': 81, 'DG': 11}  (11s)
  1212: 155/156 trials aligned, 110 units {'DMS': 8, 'DLS': 6, 'ACC': 7, 'V1': 64, 'CA1': 24, 'DG': 1}  (8s)
  409: 257/258 trials aligned, 80 units {'DMS': 31, 'DLS': 26, 'ACC': 23}  (4s)
  418: 142/142 trials aligned, 42 units {'DMS': 2, 'DLS': 19, 'ACC': 21}  (2s)
  703: 108/109 trials aligned, 134 units {'DMS': 19, 'ACC': 115}  (6s)
[extract] wrote 16 caches
run:print:4: bad option: - 
=== /opt/anaconda3/bin/python ../infotheory/scripts/run_mi.py --cohort task @ 09:09:30 ===
[mi] cohort=task: 16 animals, 2 feature bins, pool 5x5, 50 shuffles
[mi] task  1105: epochs ['All', 'Expert', 'Intermediate', 'Naive'], lp=44, 30 windows ->  3182 unit rows (2s)
[mi] task  1106: epochs ['All', 'Expert', 'Intermediate', 'Naive'], lp=67, 30 windows ->  2205 unit rows (1s)
[mi] task  1201: epochs ['All', 'Expert', 'Intermediate', 'Naive'], lp=84, 30 windows ->  7141 unit rows (4s)
[mi] task  1206: epochs ['All', 'Expert', 'Intermediate', 'Naive'], lp=41, 30 windows ->  7770 unit rows (4s)
[mi] task  1212: epochs ['All', 'Expert', 'Intermediate', 'Naive'], lp=23, 30 windows ->  3960 unit rows (2s)
[mi] task   409: epochs ['All', 'Expert', 'Intermediate', 'Naive'], lp=39, 30 windows ->  2800 unit rows (2s)
[mi] task   418: epochs ['All', 'Intermediate', 'Naive'], lp=26, 30 windows ->  1176 unit rows (1s)
[mi] task   523: epochs ['All', 'Expert', 'Intermediate', 'Naive'], lp=22, 30 windows ->  4788 unit rows (2s)
[mi] task   614: epochs ['All', 'Expert', 'Intermediate', 'Naive'], lp=44, 30 windows ->  6948 unit rows (4s)
[mi] task   624: epochs ['All', 'Expert', 'Intermediate', 'Naive'], lp=32, 30 windows ->  1692 unit rows (1s)
[mi] task   703: epochs ['All', 'Expert', 'Intermediate', 'Naive'], lp=41, 30 windows ->  4824 unit rows (2s)
[mi] task   727: epochs ['All', 'Expert', 'Intermediate', 'Naive'], lp=53, 30 windows ->  5624 unit rows (3s)
[mi] task   730: epochs ['All', 'Expert', 'Intermediate', 'Naive'], lp=54, 30 windows -> 16812 unit rows (7s)
[mi] task   731: epochs ['All', 'Expert', 'Intermediate', 'Naive'], lp=36, 30 windows ->   360 unit rows (0s)
[mi] task   822: epochs ['All', 'Expert', 'Intermediate', 'Naive'], lp=33, 30 windows ->  2849 unit rows (2s)
[mi] task   823: epochs ['All', 'Expert', 'Intermediate', 'Naive'], lp=14, 30 windows ->  1188 unit rows (1s)
[mi] wrote mi_timecourse_task.csv (56880 rows)
[mi] wrote mi_units_task.csv (73319 rows)
[mi] epoch=All: 769/18270 unit x feature cells peak at p < 0.05
run:print:4: bad option: - 
=== /opt/anaconda3/bin/python ../infotheory/scripts/run_lfp_mi.py --cohort task @ 09:10:07 ===
[lfpmi] cohort=task: 21 animal-probes, 3 power bins x 2 feature bins, pool 5 spatial bins, 50 shuffles
[lfpmi] task  1105 striatum : 3 areas ['ACC', 'DLS', 'DMS'], lp=44 (measured),  90 speed rows,   825 feature rows (8s)
[lfpmi] task  1105 visual   : 1 areas ['V1'], lp=44 (measured),  30 speed rows,   275 feature rows (3s)
[lfpmi] task  1106 striatum : 3 areas ['ACC', 'DLS', 'DMS'], lp=67 (measured),  90 speed rows,   795 feature rows (6s)
[lfpmi] task  1106 visual   : 1 areas ['V1'], lp=67 (measured),  30 speed rows,   265 feature rows (2s)
[lfpmi] task  1201 striatum : 3 areas ['ACC', 'DLS', 'DMS'], lp=84 (measured),  90 speed rows,   825 feature rows (10s)
[lfpmi] task  1201 visual   : 3 areas ['CA1', 'DG', 'V1'], lp=84 (measured),  90 speed rows,   825 feature rows (10s)
[lfpmi] task  1206 striatum : 1 areas ['DMS'], lp=41 (cohort_average),  30 speed rows,   275 feature rows (2s)
[lfpmi] task  1206 visual   : 3 areas ['CA1', 'DG', 'V1'], lp=41 (cohort_average),  90 speed rows,   825 feature rows (7s)
[lfpmi] task  1212 striatum : 3 areas ['ACC', 'DLS', 'DMS'], lp=23 (measured),  90 speed rows,   810 feature rows (9s)
[lfpmi] task  1212 visual   : 3 areas ['CA1', 'DG', 'V1'], lp=23 (measured),  90 speed rows,   810 feature rows (9s)
[lfpmi] task   409 striatum : 3 areas ['ACC', 'DLS', 'DMS'], lp=39 (measured),  90 speed rows,   795 feature rows (7s)
[lfpmi] task   418 striatum : 3 areas ['ACC', 'DLS', 'DMS'], lp=26 (measured),  45 speed rows,   420 feature rows (2s)
[lfpmi] task   523 striatum : 3 areas ['ACC', 'DLS', 'DMS'], lp=22 (measured),  90 speed rows,   810 feature rows (8s)
[lfpmi] task   614 striatum : 3 areas ['ACC', 'DLS', 'DMS'], lp=44 (measured),  90 speed rows,   810 feature rows (10s)
[lfpmi] task   624 striatum : 3 areas ['ACC', 'DLS', 'DMS'], lp=32 (measured),  90 speed rows,   810 feature rows (6s)
[lfpmi] task   703 striatum : 2 areas ['ACC', 'DMS'], lp=41 (cohort_average),  60 speed rows,   550 feature rows (3s)
[lfpmi] task   727 striatum : 3 areas ['ACC', 'DLS', 'DMS'], lp=53 (measured),  90 speed rows,   825 feature rows (7s)
[lfpmi] task   730 striatum : 3 areas ['ACC', 'DLS', 'DMS'], lp=54 (measured),  90 speed rows,   810 feature rows (7s)
[lfpmi] task   731 striatum : 2 areas ['ACC', 'DMS'], lp=36 (measured),  60 speed rows,   540 feature rows (4s)
[lfpmi] task   822 striatum : 3 areas ['ACC', 'DLS', 'DMS'], lp=33 (measured),  90 speed rows,   825 feature rows (7s)
[lfpmi] task   823 striatum : 2 areas ['ACC', 'DMS'], lp=14 (measured),  60 speed rows,   540 feature rows (5s)
[lfpmi] wrote lfp_mi_speed_task.csv (1575 rows)
[lfpmi] wrote lfp_mi_features_task.csv (14265 rows)
run:print:4: bad option: - 
=== /opt/anaconda3/bin/python ../infotheory/scripts/extract_trials.py --cohort control @ 09:12:17 ===
[extract] cohort=control: preprocessed_data_control5cm.mat, window (-1000, 500) ms at 10 ms, aligned to reward-zone entry
  407: 208/209 trials aligned, 105 units {'DMS': 27, 'DLS': 78}  (7s)
  513: 109/109 trials aligned, 474 units {'DMS': 2, 'DLS': 81, 'ACC': 172, 'V1': 103, 'CA1': 92, 'DG': 24}  (27s)
  515: 131/132 trials aligned, 180 units {'DMS': 9, 'DLS': 7, 'ACC': 65, 'V1': 49, 'CA1': 45, 'DG': 5}  (10s)
  817: 136/137 trials aligned, 169 units {'DMS': 11, 'DLS': 23, 'ACC': 7, 'V1': 39, 'CA1': 39, 'DG': 50}  (8s)
  1205: 145/145 trials aligned, 192 units {'DMS': 30, 'DLS': 87, 'ACC': 75}  (8s)
[extract] wrote 5 caches
run:print:4: bad option: - 
=== /opt/anaconda3/bin/python ../infotheory/scripts/run_mi.py --cohort control @ 09:13:18 ===
[mi] cohort=control: 5 animals, 2 feature bins, pool 5x5, 50 shuffles
[mi] cont  1205: epochs ['All', 'Naive'], lp=41, 30 windows ->  3456 unit rows (2s)
[mi] cont   407: epochs ['All', 'Expert', 'Intermediate', 'Naive'], lp=41, 30 windows ->  3780 unit rows (2s)
[mi] cont   513: epochs ['All', 'Expert', 'Intermediate', 'Naive'], lp=41, 30 windows -> 17064 unit rows (8s)
[mi] cont   515: epochs ['All', 'Expert', 'Intermediate', 'Naive'], lp=41, 30 windows ->  6480 unit rows (4s)
[mi] cont   817: epochs ['All', 'Expert', 'Intermediate', 'Naive'], lp=41, 30 windows ->  6084 unit rows (3s)
[mi] wrote mi_timecourse_control.csv (23220 rows)
[mi] wrote mi_units_control.csv (36864 rows)
[mi] epoch=All: 814/10080 unit x feature cells peak at p < 0.05
run:print:4: bad option: - 
=== /opt/anaconda3/bin/python ../infotheory/scripts/run_lfp_mi.py --cohort control @ 09:13:37 ===
[lfpmi] cohort=control: 8 animal-probes, 3 power bins x 2 feature bins, pool 5 spatial bins, 50 shuffles
[lfpmi] cont  1205 striatum : 3 areas ['ACC', 'DLS', 'DMS'], lp=41 (cohort_average),  30 speed rows,   270 feature rows (2s)
[lfpmi] cont   407 striatum : 2 areas ['DLS', 'DMS'], lp=41 (cohort_average),  60 speed rows,   540 feature rows (6s)
[lfpmi] cont   513 striatum : 3 areas ['ACC', 'DLS', 'DMS'], lp=41 (cohort_average),  90 speed rows,   810 feature rows (7s)
[lfpmi] cont   513 visual   : 3 areas ['CA1', 'DG', 'V1'], lp=41 (cohort_average),  90 speed rows,   810 feature rows (7s)
[lfpmi] cont   515 striatum : 3 areas ['ACC', 'DLS', 'DMS'], lp=41 (cohort_average),  90 speed rows,   810 feature rows (7s)
[lfpmi] cont   515 visual   : 3 areas ['CA1', 'DG', 'V1'], lp=41 (cohort_average),  90 speed rows,   810 feature rows (7s)
[lfpmi] cont   817 striatum : 3 areas ['ACC', 'DLS', 'DMS'], lp=41 (cohort_average),  90 speed rows,   810 feature rows (8s)
[lfpmi] cont   817 visual   : 3 areas ['CA1', 'DG', 'V1'], lp=41 (cohort_average),  90 speed rows,   810 feature rows (8s)
[lfpmi] wrote lfp_mi_speed_control.csv (630 rows)
[lfpmi] wrote lfp_mi_features_control.csv (5670 rows)
run:print:4: bad option: - 
=== /opt/anaconda3/bin/python scripts/run_lfp_group_contrast.py @ 09:14:28 ===
wrote lfp_group_contrast.csv (273 rows)
[contrast] evolution            0/120 cells differ between groups (BH q=0.05; 80 could reach 0.05)
[contrast] decoding             0/30 cells differ between groups (BH q=0.05; 20 could reach 0.05)
[contrast] reliability          28/60 cells differ between groups (BH q=0.05; 40 could reach 0.05)
              ACC     beta        task +0.5192 vs control +0.1422  p=0.0003 p_FDR=0.001  (n 15 vs 4)
              ACC     high_gamma  task +0.6412 vs control +0.1699  p=0.0003 p_FDR=0.001  (n 15 vs 4)
              ACC     low_gamma   task +0.4659 vs control -0.0450  p=0.0003 p_FDR=0.001  (n 15 vs 4)
              ACC     theta       task +0.7292 vs control +0.3567  p=0.0034 p_FDR=0.008  (n 15 vs 4)
              ACC     total       task +0.7677 vs control +0.4350  p=0.0067 p_FDR=0.013  (n 15 vs 4)
              DLS     beta        task +0.6235 vs control +0.1051  p=0.0002 p_FDR=0.001  (n 12 vs 5)
              DLS     high_gamma  task +0.6181 vs control +0.1391  p=0.0002 p_FDR=0.001  (n 12 vs 5)
              DLS     low_gamma   task +0.5380 vs control +0.0857  p=0.0006 p_FDR=0.002  (n 12 vs 5)
              DLS     theta       task +0.6609 vs control +0.1904  p=0.0065 p_FDR=0.013  (n 12 vs 5)
              DLS     total       task +0.7059 vs control +0.1922  p=0.0002 p_FDR=0.001  (n 12 vs 5)
              DMS     beta        task +0.5905 vs control -0.0418  p=0.0000 p_FDR=0.001  (n 16 vs 5)
              DMS     high_gamma  task +0.5870 vs control +0.1242  p=0.0001 p_FDR=0.001  (n 16 vs 5)
              DMS     low_gamma   task +0.4532 vs control -0.0084  p=0.0004 p_FDR=0.001  (n 16 vs 5)
              DMS     theta       task +0.7561 vs control +0.2297  p=0.0006 p_FDR=0.002  (n 16 vs 5)
              DMS     total       task +0.7671 vs control +0.4112  p=0.0045 p_FDR=0.010  (n 16 vs 5)
              ACC     high_gamma  task +0.6051 vs control +0.1717  p=0.0003 p_FDR=0.002  (n 15 vs 4)
              ACC     low_gamma   task +0.4158 vs control -0.0475  p=0.0003 p_FDR=0.002  (n 15 vs 4)
              ACC     theta       task +0.6518 vs control +0.3088  p=0.0085 p_FDR=0.023  (n 15 vs 4)
              ACC     total       task +0.7110 vs control +0.3937  p=0.0124 p_FDR=0.031  (n 15 vs 4)
              DLS     beta        task +0.4105 vs control +0.0703  p=0.0055 p_FDR=0.016  (n 12 vs 5)
              DLS     high_gamma  task +0.5365 vs control +0.1257  p=0.0003 p_FDR=0.002  (n 12 vs 5)
              DLS     low_gamma   task +0.4691 vs control +0.0757  p=0.0005 p_FDR=0.002  (n 12 vs 5)
              DLS     theta       task +0.6202 vs control +0.1898  p=0.0160 p_FDR=0.037  (n 12 vs 5)
              DLS     total       task +0.6245 vs control +0.1559  p=0.0006 p_FDR=0.003  (n 12 vs 5)
              DMS     beta        task +0.4348 vs control -0.0458  p=0.0001 p_FDR=0.001  (n 16 vs 5)
              DMS     high_gamma  task +0.5403 vs control +0.1187  p=0.0001 p_FDR=0.001  (n 16 vs 5)
              DMS     low_gamma   task +0.3909 vs control -0.0126  p=0.0008 p_FDR=0.003  (n 16 vs 5)
              DMS     theta       task +0.6601 vs control +0.2271  p=0.0025 p_FDR=0.008  (n 16 vs 5)
[contrast] moving_reliability   0/30 cells differ between groups (BH q=0.05; 20 could reach 0.05)
[contrast] behaviour            1/3 cells differ between groups (BH q=0.05; 3 could reach 0.05)
              behaviourspeed_profile_split_half_r task +0.9710 vs control +0.5449  p=0.0000 p_FDR=0.000  (n 16 vs 5)
[contrast] cca                  0/30 cells differ between groups (BH q=0.05; 15 could reach 0.05)
[contrast] wrote lfp_group_contrast.csv (273 rows)
run:print:4: bad option: - 
=== /opt/anaconda3/bin/python scripts/plot_lfp_arms.py --cohort task @ 09:14:30 ===
[plot] lfp_evolution_log_task.svg + .png
[plot] lfp_evolution_z_task.svg + .png
[plot] lfp_evolution_speed_residual_task.svg + .png
[plot] lfp_evolution_fraction_task.svg + .png
[plot] lfp_evolution_speed_task.svg + .png
[plot] lfp_decoding_task.svg + .png
[plot] lfp_cca_vs_distance_task.svg + .png
[plot] lfp_reliability_task.svg + .png
[plot] lfp_cca_task.svg + .png
[plot] lfp_reliability_moving_task.svg + .png
[plot] lfp_reliability_moving_session_task.svg + .png
[plot] lfp_reliability_moving_depth_task.svg + .png
[plot] lfp_reliability_moving_vs_units_task.svg + .png
run:print:4: bad option: - 
=== /opt/anaconda3/bin/python scripts/plot_lfp_arms.py --cohort control @ 09:14:41 ===
[plot] lfp_evolution_log_control.svg + .png
[plot] lfp_evolution_z_control.svg + .png
[plot] lfp_evolution_speed_residual_control.svg + .png
[plot] lfp_evolution_fraction_control.svg + .png
[plot] lfp_evolution_speed_control.svg + .png
[plot] lfp_decoding_control.svg + .png
[plot] lfp_cca_vs_distance_control.svg + .png
[plot] lfp_reliability_control.svg + .png
[plot] lfp_cca_control.svg + .png
[plot] lfp_reliability_moving_control.svg + .png
[plot] lfp_reliability_moving_session_control.svg + .png
[plot] lfp_reliability_moving_depth_control.svg + .png
[plot] lfp_reliability_moving_vs_units_control.svg + .png
run:print:4: bad option: - 
=== /opt/anaconda3/bin/python scripts/plot_lfp_task_vs_control.py @ 09:14:51 ===
[plot] lfp_task_vs_control.svg + .png
[plot] lfp_dls_theta_task_vs_control.svg + .png
run:print:4: bad option: - 
=== /opt/anaconda3/bin/python scripts/plot_lfp_combined.py @ 09:14:52 ===
[plot] lfp_reliability_moving_session_task_vs_control.svg + .png
[plot]   shared y -0.108 to 0.266; animals task 16, control 5
[plot] lfp_reliability_moving_lp_task_vs_control.svg + .png
[plot]   shared y -0.109 to 0.282; animals task 16, control 5
Traceback (most recent call last):
  File "/Users/theoamvr/Desktop/Experiments/StriatumACC/Striatum project/lfp/scripts/plot_lfp_combined.py", line 243, in <module>
    main()
  File "/Users/theoamvr/Desktop/Experiments/StriatumACC/Striatum project/lfp/scripts/plot_lfp_combined.py", line 239, in main
    evolution_figure()
  File "/Users/theoamvr/Desktop/Experiments/StriatumACC/Striatum project/lfp/scripts/plot_lfp_combined.py", line 206, in evolution_figure
    ax.set_xticklabels(["1-3", "4-10", "Inter", "Expert"],
  File "/opt/anaconda3/lib/python3.11/site-packages/matplotlib/axes/_base.py", line 73, in wrapper
    return get_method(self)(*args, **kwargs)
           ^^^^^^^^^^^^^^^^^^^^^^^^^^^^^^^^^
  File "/opt/anaconda3/lib/python3.11/site-packages/matplotlib/_api/deprecation.py", line 297, in wrapper
    return func(*args, **kwargs)
           ^^^^^^^^^^^^^^^^^^^^^
  File "/opt/anaconda3/lib/python3.11/site-packages/matplotlib/axis.py", line 2025, in set_ticklabels
    raise ValueError(
ValueError: The number of FixedLocator locations (3), usually from a call to set_ticks, does not match the number of labels (4).
run:print:4: bad option: - 
ABORT: '/opt/anaconda3/bin/python scripts/plot_lfp_combined.py' failed; later steps would read a half-written table.
