=== /opt/anaconda3/bin/python scripts/run_lfp_inventory.py --jobs 5 --cohort task @ 12:28:12 ===
[inventory] cohort=task: 21 named exports; skipped (not in this cohort's analysis list): []
[inventory] task 624/striatum  done in   50.2s  LF/HF=   339.0  slope= -1.66  adj/dist r=0.90/0.01
[inventory] task 523/striatum  done in   51.2s  LF/HF=    89.2  slope= -0.91  adj/dist r=0.87/0.00
[inventory] task 731/striatum  done in   51.4s  LF/HF=   770.5  slope= -1.89  adj/dist r=0.95/-0.05
[inventory] task 727/striatum  done in   51.5s  LF/HF=   359.1  slope= -1.69  adj/dist r=0.87/-0.04
[inventory] task 409/striatum  done in   54.8s  LF/HF=   204.4  slope= -1.34  adj/dist r=0.86/0.03
[inventory] task 614/striatum  done in   50.1s  LF/HF=    54.9  slope= -0.78  adj/dist r=0.83/0.01
[inventory] task 730/striatum  done in   50.4s  LF/HF=    71.9  slope= -0.93  adj/dist r=0.83/-0.04
[inventory] task 822/striatum  done in   51.8s  LF/HF= 21342.9  slope= -2.89  adj/dist r=0.85/-0.05
[inventory] task 703/striatum  done in   54.2s  LF/HF=    60.0  slope= -1.56  adj/dist r=0.91/0.02
[inventory] task 418/striatum  done in   54.4s  LF/HF=   357.5  slope= -1.52  adj/dist r=0.93/0.01
[inventory] task 823/striatum  done in   50.7s  LF/HF=  1145.4  slope= -1.85  adj/dist r=0.52/0.11
[inventory] task 1106/visual    done in   53.8s  LF/HF=   600.7  slope= -1.78  adj/dist r=0.94/-0.08
[inventory] task 1105/visual    done in   55.2s  LF/HF=   633.1  slope= -2.07  adj/dist r=0.96/0.01
[inventory] task 1201/visual    done in   55.1s  LF/HF=   400.6  slope= -1.34  adj/dist r=0.97/-0.15
[inventory] task 1206/visual    done in   54.3s  LF/HF=   454.2  slope= -1.46  adj/dist r=0.96/-0.04
[inventory] task 1105/striatum  done in   55.5s  LF/HF=   989.1  slope= -2.05  adj/dist r=0.94/0.06
[inventory] task 1201/striatum  done in   52.6s  LF/HF=   149.3  slope= -1.10  adj/dist r=0.91/-0.05
[inventory] task 1106/striatum  done in   53.8s  LF/HF=   161.8  slope= -1.34  adj/dist r=0.85/0.06
[inventory] task 1206/striatum  done in   52.2s  LF/HF=   712.7  slope= -1.78  adj/dist r=0.86/-0.07
[inventory] task 1212/striatum  done in   71.2s  LF/HF=   462.8  slope= -1.65  adj/dist r=0.84/0.14
[inventory] task 1212/visual    done in   71.8s  LF/HF=   506.1  slope= -1.21  adj/dist r=0.96/-0.05
[inventory] all files in 4.7 min
[inventory] duplicate fingerprints: none
[inventory] wrote lfp_inventory_task.csv
--- exit 0 @ 12:32:54 ---
=== /opt/anaconda3/bin/python scripts/run_lfp_identity.py --jobs 5 --cohort task @ 12:32:54 ===
[env] 624/striatum  t=1200s (6000, 96)   7.1s
[env] 523/striatum  t=4800s (6000, 96)   7.3s
[env] 703/striatum  t=3000s (6000, 96)   7.3s
[env] 409/striatum  t=1200s (6000, 96)   7.5s
[env] 418/striatum  t=3000s (6000, 96)   7.9s
[env] 624/striatum  t=3000s (6000, 96)   6.5s
[env] 614/striatum  t=1200s (6000, 96)   6.7s
[env] 703/striatum  t=4800s (6000, 96)   6.7s
[env] 409/striatum  t=3000s (6000, 96)   6.7s
[env] 418/striatum  t=4800s (6000, 96)   7.2s
[env] 624/striatum  t=4800s (6000, 96)   6.5s
[env] 614/striatum  t=3000s (6000, 96)   6.6s
[env] 727/striatum  t=1200s (6000, 96)   6.5s
[env] 409/striatum  t=4800s (6000, 96)   6.7s
[env] 523/striatum  t=1200s (6000, 96)   7.1s
[env] 703/striatum  t=1200s (6000, 96)   6.6s
[env] 727/striatum  t=3000s (6000, 96)   6.5s
[env] 614/striatum  t=4800s (6000, 96)   6.5s
[env] 418/striatum  t=1200s (6000, 96)   6.7s
[env] 523/striatum  t=3000s (6000, 96)   7.0s
[env] 727/striatum  t=4800s (6000, 96)   6.5s
[env] 731/striatum  t=1200s (6000, 96)   6.5s
[env] 822/striatum  t=3000s (6000, 96)   6.6s
[env] 823/striatum  t=4800s (6000, 96)   6.6s
[env] 1105/visual    t=1200s (6000, 96)   7.1s
[env] 730/striatum  t=1200s (6000, 96)   6.5s
[env] 731/striatum  t=3000s (6000, 96)   6.5s
[env] 822/striatum  t=4800s (6000, 96)   6.6s
[env] 1105/striatum  t=1200s (6000, 96)   6.8s
[env] 1105/visual    t=3000s (6000, 96)   7.2s
[env] 730/striatum  t=3000s (6000, 96)   6.5s
[env] 731/striatum  t=4800s (6000, 96)   6.5s
[env] 823/striatum  t=1200s (6000, 96)   6.6s
[env] 1105/striatum  t=3000s (6000, 96)   6.8s
[env] 1105/visual    t=4800s (6000, 96)   7.3s
[env] 730/striatum  t=4800s (6000, 96)   6.4s
[env] 822/striatum  t=1200s (6000, 96)   6.6s
[env] 823/striatum  t=3000s (6000, 96)   6.6s
[env] 1105/striatum  t=4800s (6000, 96)   6.9s
[env] 1106/striatum  t=1200s (6000, 96)   7.5s
[env] 1106/striatum  t=3000s (6000, 96)   7.0s
[env] 1106/visual    t=4800s (6000, 96)   6.6s
[env] 1201/visual    t=1200s (6000, 96)   6.8s
[env] 1206/striatum  t=3000s (6000, 96)   6.6s
[env] 1206/visual    t=4800s (6000, 96)   7.2s
[env] 1106/striatum  t=4800s (6000, 96)   6.6s
[env] 1201/striatum  t=1200s (6000, 96)   6.6s
[env] 1201/visual    t=3000s (6000, 96)   6.7s
[env] 1206/striatum  t=4800s (6000, 96)   6.6s
[env] 1212/striatum  t=1200s (6000, 96)   7.2s
[env] 1106/visual    t=1200s (6000, 96)   6.6s
[env] 1201/striatum  t=3000s (6000, 96)   6.6s
[env] 1201/visual    t=4800s (6000, 96)   6.8s
[env] 1206/visual    t=1200s (6000, 96)   6.8s
[env] 1201/striatum  t=4800s (6000, 96)   6.5s
[env] 1106/visual    t=3000s (6000, 96)   6.6s
[env] 1212/striatum  t=3000s (6000, 96)   7.1s
[env] 1206/striatum  t=1200s (6000, 96)   6.6s
[env] 1206/visual    t=3000s (6000, 96)   6.7s
[env] 1212/visual    t=1200s (6000, 96)   6.6s
[env] 1212/striatum  t=4800s (6000, 96)   7.0s
[env] 1212/visual    t=3000s (6000, 96)   6.4s
[env] 1212/visual    t=4800s (6000, 96)   6.4s
[mua] 731/striatum  ok       0.2s
[mua] 731/striatum  ok       0.2s
[mua] 822/striatum  ok       0.4s
[mua] 624/striatum  ok       0.7s
[mua] 822/striatum  ok       0.3s
[mua] 523/striatum  ok       1.0s
[mua] 822/striatum  ok       0.3s
[mua] 823/striatum  ok       0.4s
[mua] 614/striatum  ok       1.7s
[mua] 727/striatum  ok       1.0s
[mua] 523/striatum  ok       1.0s
[mua] 823/striatum  ok       0.3s
[mua] 730/striatum  ok       2.2s
[mua] 823/striatum  ok       0.3s
[mua] 727/striatum  ok       0.9s
[mua] 1105/striatum  ok       0.3s
[mua] 523/striatum  ok       1.0s
[mua] 1105/striatum  ok       0.3s
[mua] 614/striatum  ok       1.6s
[mua] 1105/striatum  ok       0.3s
[mua] 727/striatum  ok       0.9s
[mua] 1106/striatum  ok       0.3s
[mua] 1106/striatum  ok       0.3s
[mua] 624/striatum  ok       0.7s
[mua] 1106/striatum  ok       0.3s
[mua] 730/striatum  ok       2.0s
[mua] 1201/striatum  ok       0.6s
[mua] 614/striatum  ok       1.6s
[mua] 624/striatum  ok       0.7s
[mua] 1201/striatum  ok       0.6s
[mua] 1212/striatum  ok       0.2s
[mua] 1206/striatum  ok       0.6s
[mua] 1212/striatum  ok       0.2s
[mua] 1201/striatum  ok       0.6s
[mua] 1212/striatum  ok       0.2s
[mua] 409/striatum  ok       0.8s
[mua] 1206/striatum  ok       0.6s
[mua] 418/striatum  ok       0.3s
[mua] 409/striatum  ok       0.7s
[mua] 1206/striatum  ok       0.6s
[mua] 409/striatum  ok       0.8s
[mua] 1105/visual    ok       0.2s
[mua] 730/striatum  ok       2.0s
[mua] 703/striatum  ok       0.7s
[mua] 731/striatum  ok       0.2s
[mua] 1105/visual    ok       0.2s
[mua] 1106/visual    ok       0.4s
[mua] 418/striatum  ok       0.3s
[mua] 1105/visual    ok       0.2s
[mua] 1106/visual    ok       0.4s
[mua] 418/striatum  ok       0.3s
[mua] 1201/visual    ok       0.5s
[mua] 1106/visual    ok       0.4s
[mua] 703/striatum  ok       0.7s
[mua] 1212/striatum  ok       0.2s
[mua] 1212/visual    ok       0.3s
[mua] 1212/striatum  ok       0.2s
[mua] 1201/visual    ok       0.5s
[mua] 1212/visual    ok       0.3s
[mua] 1212/visual    ok       0.3s
[mua] 703/striatum  ok       0.7s
[mua] 1212/visual    ok       0.3s
[mua] 1201/visual    ok       0.5s
[mua] 1206/visual    ok       1.0s
[mua] 1212/visual    ok       0.3s
[mua] 1212/striatum  ok       0.2s
[mua] 1212/visual    ok       0.3s
[mua] 1206/visual    ok       1.0s
[mua] 1206/visual    ok       0.9s
[identity] features in 1.8 min
[identity] 409/striatum  CONFIRMED      t=1200s own= 3.44x (best 409  3.44x)  t=3000s own=11.98x (best 409 11.98x)  t=4800s own= 7.04x (best 409  7.04x)
[identity] 418/striatum  MAJORITY(2/3)  t=1200s own= 3.24x (best 822  3.48x)  t=3000s own=14.74x (best 418 14.74x)  t=4800s own= 8.30x (best 418  8.30x)
[identity] 523/striatum  CONFIRMED      t=1200s own= 3.00x (best 523  3.00x)  t=3000s own= 3.86x (best 523  3.86x)  t=4800s own= 2.19x (best 523  2.19x)
[identity] 614/striatum  CONFIRMED      t=1200s own= 2.25x (best 614  2.25x)  t=3000s own= 3.84x (best 614  3.84x)  t=4800s own= 4.69x (best 614  4.69x)
[identity] 624/striatum  CONFIRMED      t=1200s own=11.65x (best 624 11.65x)  t=3000s own=14.07x (best 624 14.07x)  t=4800s own=18.90x (best 624 18.90x)
[identity] 703/striatum  CONFIRMED      t=1200s own=20.34x (best 703 20.34x)  t=3000s own=15.09x (best 703 15.09x)  t=4800s own=13.71x (best 703 13.71x)
[identity] 727/striatum  CONFIRMED      t=1200s own= 4.42x (best 727  4.42x)  t=3000s own= 5.56x (best 727  5.56x)  t=4800s own= 7.33x (best 727  7.33x)
[identity] 730/striatum  CONFIRMED      t=1200s own= 1.93x (best 730  1.93x)  t=3000s own= 1.34x (best 730  1.34x)  t=4800s own= 1.71x (best 730  1.71x)
[identity] 731/striatum  CONFIRMED      t=1200s own=17.75x (best 731 17.75x)  t=3000s own=42.59x (best 731 42.59x)  t=4800s own=17.98x (best 731 17.98x)
[identity] 822/striatum  CONFIRMED      t=1200s own=16.99x (best 822 16.99x)  t=3000s own=15.26x (best 822 15.26x)  t=4800s own= 8.97x (best 822  8.97x)
[identity] 823/striatum  MAJORITY(2/3)  t=1200s own= 5.16x (best 823  5.16x)  t=3000s own= 2.66x (best 823  2.66x)  t=4800s own= 4.66x (best 624  5.55x)
[identity] 1105/striatum  MAJORITY(2/3)  t=1200s own= 8.42x (best 1105  8.42x)  t=3000s own= 5.27x (best 1105  5.27x)  t=4800s own= 2.65x (best 1206  2.86x)
[identity] 1105/visual    CONFIRMED      t=1200s own=14.18x (best 1105 14.18x)  t=3000s own= 3.25x (best 1105  3.25x)  t=4800s own= 4.41x (best 1105  4.41x)
[identity] 1106/striatum  CONFIRMED      t=1200s own= 4.75x (best 1106  4.75x)  t=3000s own= 9.43x (best 1106  9.43x)  t=4800s own=11.29x (best 1106 11.29x)
[identity] 1106/visual    CONFIRMED      t=1200s own= 5.41x (best 1106  5.41x)  t=3000s own= 3.91x (best 1106  3.91x)  t=4800s own= 7.09x (best 1106  7.09x)
[identity] 1201/striatum  CONFIRMED      t=1200s own= 4.98x (best 1201  4.98x)  t=3000s own= 3.63x (best 1201  3.63x)  t=4800s own= 5.29x (best 1201  5.29x)
[identity] 1201/visual    CONFIRMED      t=1200s own= 2.92x (best 1201  2.92x)  t=3000s own= 2.44x (best 1201  2.44x)  t=4800s own= 4.62x (best 1201  4.62x)
[identity] 1206/striatum  CONFIRMED      t=1200s own=15.17x (best 1206 15.17x)  t=3000s own= 9.75x (best 1206  9.75x)  t=4800s own=15.11x (best 1206 15.11x)
[identity] 1206/visual    CONFIRMED      t=1200s own=21.22x (best 1206 21.22x)  t=3000s own=10.79x (best 1206 10.79x)  t=4800s own=16.12x (best 1206 16.12x)
[identity] 1212/striatum  CONFIRMED      t=1200s own=16.35x (best 1212 16.35x)  t=3000s own=11.13x (best 1212 11.13x)  t=4800s own= 5.66x (best 1212  5.66x)
           offset scan (raw |r| vs own MUA): +0s=0.2316, +600s=0.0122, +1500s=0.0155, +3000s=0.0101
[identity] 1212/visual    CONFIRMED      t=1200s own=11.40x (best 1212 11.40x)  t=3000s own=11.05x (best 1212 11.05x)  t=4800s own= 8.21x (best 1212  8.21x)
           offset scan (raw |r| vs own MUA): +0s=0.1616, +600s=0.0222, +1500s=0.0177, +3000s=0.0123
[identity] 18/21 filenames confirmed in every window; not fully confirmed: [(418, 'striatum', 'MAJORITY(2/3)'), (823, 'striatum', 'MAJORITY(2/3)'), (1105, 'striatum', 'MAJORITY(2/3)')]
--- exit 0 @ 12:34:46 ---
=== /opt/anaconda3/bin/python scripts/run_lfp_bandpower.py --jobs 5 --cohort task --only 409,418,703,1212 @ 12:34:46 ===
[bandpower] cohort=task: 5 files, bands ['theta', 'beta', 'low_gamma', 'high_gamma', 'total'], notch (50.0, 100.0, 150.0) Hz
[bandpower] task 409/striatum   200/ 200 good trials  99.7% cells filled  median 120 ms/bin    136 MB    313s  [TRUNCATED to 200 trials]
[bandpower] task 418/striatum   141/ 142 good trials  99.9% cells filled  median 162 ms/bin     96 MB    442s
[bandpower] task 703/striatum   108/ 109 good trials  99.8% cells filled  median 200 ms/bin     74 MB    453s
[bandpower] task 1212/striatum   154/ 156 good trials  99.8% cells filled  median 263 ms/bin    106 MB    645s
[bandpower] task 1212/visual     154/ 156 good trials  99.8% cells filled  median 263 ms/bin    106 MB    647s
[bandpower] all files in 10.8 min
[bandpower] wrote lfp_bandpower_summary_task.csv
--- exit 0 @ 12:45:35 ---
=== /opt/anaconda3/bin/python scripts/validate_lfp_bandpower.py --cohort task @ 12:45:35 ===
 1105/striatum  trials  200 vs MATLAB  260 |   9997 cells | median 0.0 ms  p99 0.0  max 0 | within 1 ms 1.0000 | matlab-only 0 lfp-only 0 clipped 200
 1105/visual    trials  200 vs MATLAB  260 |   9997 cells | median 0.0 ms  p99 0.0  max 0 | within 1 ms 1.0000 | matlab-only 0 lfp-only 0 clipped 200
 1106/striatum  trials  189 vs MATLAB  189 |   9141 cells | median 0.0 ms  p99 0.0  max 0 | within 1 ms 1.0000 | matlab-only 0 lfp-only 0 clipped 187
 1106/visual    trials  189 vs MATLAB  189 |   9141 cells | median 0.0 ms  p99 0.0  max 0 | within 1 ms 1.0000 | matlab-only 0 lfp-only 0 clipped 187
 1201/striatum  trials  200 vs MATLAB  299 |   9959 cells | median 0.0 ms  p99 0.0  max 0 | within 1 ms 1.0000 | matlab-only 0 lfp-only 0 clipped 200
 1201/visual    trials  200 vs MATLAB  299 |   9959 cells | median 0.0 ms  p99 0.0  max 0 | within 1 ms 1.0000 | matlab-only 0 lfp-only 0 clipped 200
 1206/striatum  trials  104 vs MATLAB  104 |   5167 cells | median 0.0 ms  p99 0.0  max 0 | within 1 ms 1.0000 | matlab-only 0 lfp-only 0 clipped 104
 1206/visual    trials  104 vs MATLAB  104 |   5167 cells | median 0.0 ms  p99 0.0  max 0 | within 1 ms 1.0000 | matlab-only 0 lfp-only 0 clipped 104
 1212/striatum  trials  154 vs MATLAB  155 |   7688 cells | median 0.0 ms  p99 0.0  max 0 | within 1 ms 1.0000 | matlab-only 0 lfp-only 0 clipped 154
 1212/visual    trials  154 vs MATLAB  155 |   7688 cells | median 0.0 ms  p99 0.0  max 0 | within 1 ms 1.0000 | matlab-only 0 lfp-only 0 clipped 154
  409/striatum  trials  200 vs MATLAB  257 |   9969 cells | median 0.0 ms  p99 0.0  max 0 | within 1 ms 1.0000 | matlab-only 0 lfp-only 0 clipped 200
  418/striatum  trials  141 vs MATLAB  142 |   7043 cells | median 0.0 ms  p99 0.0  max 0 | within 1 ms 1.0000 | matlab-only 0 lfp-only 0 clipped 141
  523/striatum  trials  200 vs MATLAB  357 |  10000 cells | median 0.0 ms  p99 0.0  max 0 | within 1 ms 1.0000 | matlab-only 0 lfp-only 0 clipped 200
  614/striatum  trials  200 vs MATLAB  469 |  10000 cells | median 0.0 ms  p99 0.0  max 0 | within 1 ms 1.0000 | matlab-only 0 lfp-only 0 clipped 200
  624/striatum  trials   71 vs MATLAB   71 |   3544 cells | median 0.0 ms  p99 0.0  max 0 | within 1 ms 1.0000 | matlab-only 0 lfp-only 0 clipped 70
  703/striatum  trials  108 vs MATLAB  109 |   5388 cells | median 0.0 ms  p99 0.0  max 0 | within 1 ms 1.0000 | matlab-only 0 lfp-only 0 clipped 108
  727/striatum  trials  200 vs MATLAB  371 |  10000 cells | median 0.0 ms  p99 0.0  max 0 | within 1 ms 1.0000 | matlab-only 0 lfp-only 0 clipped 200
  730/striatum  trials  200 vs MATLAB  501 |  10000 cells | median 0.0 ms  p99 0.0  max 0 | within 1 ms 1.0000 | matlab-only 0 lfp-only 0 clipped 200
  731/striatum  trials   76 vs MATLAB   76 |   3782 cells | median 0.0 ms  p99 0.0  max 0 | within 1 ms 1.0000 | matlab-only 0 lfp-only 0 clipped 76
  822/striatum  trials   90 vs MATLAB   90 |   4478 cells | median 0.0 ms  p99 0.0  max 0 | within 1 ms 1.0000 | matlab-only 0 lfp-only 0 clipped 90
  823/striatum  trials  200 vs MATLAB  331 |  10000 cells | median 0.0 ms  p99 0.0  max 0 | within 1 ms 1.0000 | matlab-only 0 lfp-only 0 clipped 200

21/21 files reproduce the MATLAB bin map to within 1 ms
--- exit 0 @ 12:45:35 ---
=== /opt/anaconda3/bin/python scripts/run_lfp_arms.py --jobs 6 --cohort task @ 12:45:35 ===
[arms] cohort=task: 21 band-power files
[arms] task 1106/visual    lp=67 areas=['V1'] 20+20+20+0+945+15+0 rows      4s
[arms] task 1105/visual    lp=44 areas=['V1'] 20+20+20+0+1000+15+0 rows      6s
[arms] task 1206/striatum  lp=None areas=['DMS'] 10+10+10+0+520+5+1 rows      2s
[arms] task 1212/striatum  lp=23 areas=['ACC', 'DLS', 'DMS'] 60+60+60+15+2325+45+1 rows     57s
[arms] task 1206/visual    lp=None areas=['CA1', 'DG', 'V1'] 30+30+30+15+1560+15+0 rows     59s
[arms] task 1201/striatum  lp=84 areas=['ACC', 'DLS', 'DMS'] 60+60+60+15+3000+45+1 rows     66s
[arms] task 1105/striatum  lp=44 areas=['ACC', 'DLS', 'DMS'] 60+60+60+15+3000+45+1 rows     70s
[arms] task 1106/striatum  lp=67 areas=['ACC', 'DLS', 'DMS'] 60+60+60+15+2835+45+1 rows     72s
[arms] task 1201/visual    lp=84 areas=['CA1', 'DG', 'V1'] 60+60+60+15+3000+45+0 rows     84s
[arms] task 624/striatum  lp=32 areas=['ACC', 'DLS', 'DMS'] 60+60+60+15+1065+45+1 rows     33s
[arms] task 418/striatum  lp=26 areas=['ACC', 'DLS', 'DMS'] 60+60+60+15+2130+45+1 rows     59s
[arms] task 1212/visual    lp=23 areas=['CA1', 'DG', 'V1'] 60+60+60+15+2325+45+0 rows     64s
[arms] task 409/striatum  lp=39 areas=['ACC', 'DLS', 'DMS'] 60+60+60+15+3000+45+1 rows     65s
[arms] task 703/striatum  lp=None areas=['ACC', 'DMS'] 20+20+20+5+1090+10+1 rows     20s
[arms] task 614/striatum  lp=44 areas=['ACC', 'DLS', 'DMS'] 60+60+60+15+3000+45+1 rows     69s
[arms] task 731/striatum  lp=36 areas=['ACC', 'DMS'] 40+40+40+5+760+30+1 rows     18s
[arms] task 523/striatum  lp=22 areas=['ACC', 'DLS', 'DMS'] 60+60+60+15+3000+45+1 rows     78s
[arms] task 823/striatum  lp=14 areas=['ACC', 'DMS'] 40+40+40+5+2000+30+1 rows     25s
[arms] task 822/striatum  lp=33 areas=['ACC', 'DLS', 'DMS'] 60+60+60+15+1350+45+1 rows     37s
[arms] task 727/striatum  lp=53 areas=['ACC', 'DLS', 'DMS'] 60+60+60+15+3000+45+1 rows     59s
[arms] task 730/striatum  lp=54 areas=['ACC', 'DLS', 'DMS'] 60+60+60+15+3000+45+1 rows     60s
[arms] all files in 3.1 min
[arms] wrote lfp_arms_evolution_stats_task.csv: 7/48 cells survive BH-FDR at q=0.05
[arms] wrote lfp_arms_evolution_task.csv (1020 rows)
[arms] wrote lfp_arms_decoding_task.csv (1020 rows)
[arms] wrote lfp_arms_reliability_task.csv (1020 rows)
[arms] wrote lfp_arms_cca_task.csv (240 rows)
[arms] wrote lfp_arms_moving_reliability_task.csv (43905 rows)
[arms] wrote lfp_arms_moving_reliability_epochs_task.csv (750 rows)
[arms] wrote lfp_arms_behaviour_task.csv (16 rows)
--- exit 0 @ 12:48:46 ---
=== /opt/anaconda3/bin/python scripts/run_lfp_group_contrast.py @ 12:48:46 ===
[contrast] evolution            2/56 cells differ between groups (BH q=0.05)
              DLS     theta       task -0.1860 vs control +0.0758  p=0.0011 p_FDR=0.022  (n 12 vs 5)
              DLS     theta       task -0.1806 vs control +0.0783  p=0.0010 p_FDR=0.019  (n 12 vs 5)
[contrast] decoding             9/30 cells differ between groups (BH q=0.05)
              ACC     high_gamma  task +0.0500 vs control +0.0170  p=0.0120 p_FDR=0.040  (n 15 vs 4)
              ACC     low_gamma   task +0.0476 vs control +0.0077  p=0.0007 p_FDR=0.021  (n 15 vs 4)
              ACC     theta       task +0.0619 vs control +0.0116  p=0.0033 p_FDR=0.024  (n 15 vs 4)
              ACC     total       task +0.0681 vs control +0.0195  p=0.0037 p_FDR=0.024  (n 15 vs 4)
              DG      high_gamma  task +0.0381 vs control -0.0001  p=0.0106 p_FDR=0.040  (n 3 vs 3)
              DLS     low_gamma   task +0.0265 vs control +0.0052  p=0.0085 p_FDR=0.036  (n 12 vs 5)
              DMS     high_gamma  task +0.0376 vs control +0.0078  p=0.0024 p_FDR=0.024  (n 16 vs 5)
              DMS     low_gamma   task +0.0282 vs control +0.0046  p=0.0076 p_FDR=0.036  (n 16 vs 5)
              DMS     total       task +0.0378 vs control +0.0108  p=0.0040 p_FDR=0.024  (n 16 vs 5)
[contrast] reliability          13/30 cells differ between groups (BH q=0.05)
              ACC     beta        task +0.5882 vs control +0.1367  p=0.0012 p_FDR=0.004  (n 15 vs 4)
              ACC     high_gamma  task +0.6554 vs control +0.2212  p=0.0000 p_FDR=0.000  (n 15 vs 4)
              ACC     low_gamma   task +0.5007 vs control +0.0207  p=0.0005 p_FDR=0.002  (n 15 vs 4)
              CA1     high_gamma  task +0.7749 vs control +0.3738  p=0.0156 p_FDR=0.039  (n 3 vs 3)
              DLS     beta        task +0.6782 vs control +0.0658  p=0.0007 p_FDR=0.002  (n 12 vs 5)
              DLS     high_gamma  task +0.6463 vs control +0.1848  p=0.0001 p_FDR=0.001  (n 12 vs 5)
              DLS     low_gamma   task +0.6097 vs control +0.0855  p=0.0000 p_FDR=0.000  (n 12 vs 5)
              DLS     theta       task +0.7495 vs control +0.1876  p=0.0055 p_FDR=0.015  (n 12 vs 5)
              DLS     total       task +0.7592 vs control +0.2473  p=0.0003 p_FDR=0.001  (n 12 vs 5)
              DMS     beta        task +0.6328 vs control +0.0195  p=0.0000 p_FDR=0.000  (n 16 vs 5)
              DMS     high_gamma  task +0.6312 vs control +0.1227  p=0.0000 p_FDR=0.000  (n 16 vs 5)
              DMS     low_gamma   task +0.5065 vs control +0.0455  p=0.0000 p_FDR=0.000  (n 16 vs 5)
              DMS     theta       task +0.7831 vs control +0.2282  p=0.0205 p_FDR=0.047  (n 16 vs 5)
[contrast] moving_reliability   0/20 cells differ between groups (BH q=0.05)
[contrast] behaviour            2/3 cells differ between groups (BH q=0.05)
              behaviourspeed_profile_split_half_r task +0.9800 vs control +0.6753  p=0.0130 p_FDR=0.013  (n 16 vs 5)
              behaviourmean_speed_cm_s task +36.0515 vs control +21.2100  p=0.0007 p_FDR=0.001  (n 16 vs 5)
[contrast] cca                  0/30 cells differ between groups (BH q=0.05)
[contrast] wrote lfp_group_contrast.csv (213 rows)
--- exit 0 @ 12:48:47 ---
=== /opt/anaconda3/bin/python scripts/plot_lfp_arms.py --cohort task @ 12:48:47 ===
[plot] lfp_evolution_z_task.svg + .png
[plot] lfp_evolution_speed_residual_task.svg + .png
[plot] lfp_evolution_fraction_task.svg + .png
[plot] lfp_evolution_speed_task.svg + .png
[plot] lfp_decoding_task.svg + .png
[plot] lfp_reliability_task.svg + .png
[plot] lfp_cca_task.svg + .png
[plot] lfp_cca_vs_distance_task.svg + .png
[plot] lfp_reliability_moving_task.svg + .png
[plot] lfp_reliability_moving_session_task.svg + .png
[plot] lfp_reliability_moving_depth_task.svg + .png
[plot] lfp_reliability_moving_vs_units_task.svg + .png
--- exit 0 @ 12:49:12 ---
=== /opt/anaconda3/bin/python scripts/plot_lfp_task_vs_control.py @ 12:49:12 ===
[plot] lfp_task_vs_control.svg + .png
[plot] lfp_dls_theta_task_vs_control.svg + .png
--- exit 0 @ 12:49:14 ---
=== CHAIN COMPLETE @ 12:49:14 ===
